Archive member included to satisfy reference by file (symbol)

C:/ST/STM32CubeIDE_2.1.1/STM32CubeIDE/plugins/com.st.stm32cube.ide.mcu.externaltools.gnu-tools-for-stm32.14.3.rel1.win32_1.0.100.202602081740/tools/bin/../lib/gcc/arm-none-eabi/14.3.1/../../../../arm-none-eabi/lib/thumb/v7-m/nofp\libc_nano.a(libc_a-exit.o)
                              C:/ST/STM32CubeIDE_2.1.1/STM32CubeIDE/plugins/com.st.stm32cube.ide.mcu.externaltools.gnu-tools-for-stm32.14.3.rel1.win32_1.0.100.202602081740/tools/bin/../lib/gcc/arm-none-eabi/14.3.1/../../../../arm-none-eabi/lib/thumb/v7-m/nofp/crt0.o (exit)
C:/ST/STM32CubeIDE_2.1.1/STM32CubeIDE/plugins/com.st.stm32cube.ide.mcu.externaltools.gnu-tools-for-stm32.14.3.rel1.win32_1.0.100.202602081740/tools/bin/../lib/gcc/arm-none-eabi/14.3.1/../../../../arm-none-eabi/lib/thumb/v7-m/nofp\libc_nano.a(libc_a-itoa.o)
                              ./Core/Src/ESP01.o (itoa)
C:/ST/STM32CubeIDE_2.1.1/STM32CubeIDE/plugins/com.st.stm32cube.ide.mcu.externaltools.gnu-tools-for-stm32.14.3.rel1.win32_1.0.100.202602081740/tools/bin/../lib/gcc/arm-none-eabi/14.3.1/../../../../arm-none-eabi/lib/thumb/v7-m/nofp\libc_nano.a(libc_a-utoa.o)
                              C:/ST/STM32CubeIDE_2.1.1/STM32CubeIDE/plugins/com.st.stm32cube.ide.mcu.externaltools.gnu-tools-for-stm32.14.3.rel1.win32_1.0.100.202602081740/tools/bin/../lib/gcc/arm-none-eabi/14.3.1/../../../../arm-none-eabi/lib/thumb/v7-m/nofp\libc_nano.a(libc_a-itoa.o) (__utoa)
C:/ST/STM32CubeIDE_2.1.1/STM32CubeIDE/plugins/com.st.stm32cube.ide.mcu.externaltools.gnu-tools-for-stm32.14.3.rel1.win32_1.0.100.202602081740/tools/bin/../lib/gcc/arm-none-eabi/14.3.1/../../../../arm-none-eabi/lib/thumb/v7-m/nofp\libc_nano.a(libc_a-nano-vfprintf_float.o)
                              (_printf_float)
C:/ST/STM32CubeIDE_2.1.1/STM32CubeIDE/plugins/com.st.stm32cube.ide.mcu.externaltools.gnu-tools-for-stm32.14.3.rel1.win32_1.0.100.202602081740/tools/bin/../lib/gcc/arm-none-eabi/14.3.1/../../../../arm-none-eabi/lib/thumb/v7-m/nofp\libc_nano.a(libc_a-nano-vfprintf_i.o)
                              C:/ST/STM32CubeIDE_2.1.1/STM32CubeIDE/plugins/com.st.stm32cube.ide.mcu.externaltools.gnu-tools-for-stm32.14.3.rel1.win32_1.0.100.202602081740/tools/bin/../lib/gcc/arm-none-eabi/14.3.1/../../../../arm-none-eabi/lib/thumb/v7-m/nofp\libc_nano.a(libc_a-nano-vfprintf_float.o) (_printf_common)
C:/ST/STM32CubeIDE_2.1.1/STM32CubeIDE/plugins/com.st.stm32cube.ide.mcu.externaltools.gnu-tools-for-stm32.14.3.rel1.win32_1.0.100.202602081740/tools/bin/../lib/gcc/arm-none-eabi/14.3.1/../../../../arm-none-eabi/lib/thumb/v7-m/nofp\libc_nano.a(libc_a-findfp.o)
                              C:/ST/STM32CubeIDE_2.1.1/STM32CubeIDE/plugins/com.st.stm32cube.ide.mcu.externaltools.gnu-tools-for-stm32.14.3.rel1.win32_1.0.100.202602081740/tools/bin/../lib/gcc/arm-none-eabi/14.3.1/../../../../arm-none-eabi/lib/thumb/v7-m/nofp\libc_nano.a(libc_a-exit.o) (__stdio_exit_handler)
C:/ST/STM32CubeIDE_2.1.1/STM32CubeIDE/plugins/com.st.stm32cube.ide.mcu.externaltools.gnu-tools-for-stm32.14.3.rel1.win32_1.0.100.202602081740/tools/bin/../lib/gcc/arm-none-eabi/14.3.1/../../../../arm-none-eabi/lib/thumb/v7-m/nofp\libc_nano.a(libc_a-fwalk.o)
                              C:/ST/STM32CubeIDE_2.1.1/STM32CubeIDE/plugins/com.st.stm32cube.ide.mcu.externaltools.gnu-tools-for-stm32.14.3.rel1.win32_1.0.100.202602081740/tools/bin/../lib/gcc/arm-none-eabi/14.3.1/../../../../arm-none-eabi/lib/thumb/v7-m/nofp\libc_nano.a(libc_a-findfp.o) (_fwalk_sglue)
C:/ST/STM32CubeIDE_2.1.1/STM32CubeIDE/plugins/com.st.stm32cube.ide.mcu.externaltools.gnu-tools-for-stm32.14.3.rel1.win32_1.0.100.202602081740/tools/bin/../lib/gcc/arm-none-eabi/14.3.1/../../../../arm-none-eabi/lib/thumb/v7-m/nofp\libc_nano.a(libc_a-sprintf.o)
                              ./Core/Src/main.o (sprintf)
C:/ST/STM32CubeIDE_2.1.1/STM32CubeIDE/plugins/com.st.stm32cube.ide.mcu.externaltools.gnu-tools-for-stm32.14.3.rel1.win32_1.0.100.202602081740/tools/bin/../lib/gcc/arm-none-eabi/14.3.1/../../../../arm-none-eabi/lib/thumb/v7-m/nofp\libc_nano.a(libc_a-stdio.o)
                              C:/ST/STM32CubeIDE_2.1.1/STM32CubeIDE/plugins/com.st.stm32cube.ide.mcu.externaltools.gnu-tools-for-stm32.14.3.rel1.win32_1.0.100.202602081740/tools/bin/../lib/gcc/arm-none-eabi/14.3.1/../../../../arm-none-eabi/lib/thumb/v7-m/nofp\libc_nano.a(libc_a-findfp.o) (__sread)
C:/ST/STM32CubeIDE_2.1.1/STM32CubeIDE/plugins/com.st.stm32cube.ide.mcu.externaltools.gnu-tools-for-stm32.14.3.rel1.win32_1.0.100.202602081740/tools/bin/../lib/gcc/arm-none-eabi/14.3.1/../../../../arm-none-eabi/lib/thumb/v7-m/nofp\libc_nano.a(libc_a-memset.o)
                              C:/ST/STM32CubeIDE_2.1.1/STM32CubeIDE/plugins/com.st.stm32cube.ide.mcu.externaltools.gnu-tools-for-stm32.14.3.rel1.win32_1.0.100.202602081740/tools/bin/../lib/gcc/arm-none-eabi/14.3.1/../../../../arm-none-eabi/lib/thumb/v7-m/nofp/crt0.o (memset)
[...]
Memory Configuration

Name             Origin             Length             Attributes
RAM              0x20000000         0x00005000         xrw
FLASH            0x08000000         0x00010000         xr
*default*        0x00000000         0xffffffff

Linker script and memory map

LOAD C:/ST/STM32CubeIDE_2.1.1/STM32CubeIDE/plugins/com.st.stm32cube.ide.mcu.externaltools.gnu-tools-for-stm32.14.3.rel1.win32_1.0.100.202602081740/tools/bin/../lib/gcc/arm-none-eabi/14.3.1/thumb/v7-m/nofp/crti.o
LOAD C:/ST/STM32CubeIDE_2.1.1/STM32CubeIDE/plugins/com.st.stm32cube.ide.mcu.externaltools.gnu-tools-for-stm32.14.3.rel1.win32_1.0.100.202602081740/tools/bin/../lib/gcc/arm-none-eabi/14.3.1/thumb/v7-m/nofp/crtbegin.o
LOAD C:/ST/STM32CubeIDE_2.1.1/STM32CubeIDE/plugins/com.st.stm32cube.ide.mcu.externaltools.gnu-tools-for-stm32.14.3.rel1.win32_1.0.100.202602081740/tools/bin/../lib/gcc/arm-none-eabi/14.3.1/../../../../arm-none-eabi/lib/thumb/v7-m/nofp/crt0.o
LOAD ./Core/Src/ESP01.o
LOAD ./Core/Src/hcsr04.o
LOAD ./Core/Src/main.o
LOAD ./Core/Src/protocolo.o
LOAD ./Core/Src/sg90.o
LOAD ./Core/Src/soft_i2c.o
LOAD ./Core/Src/ssd1306.o
LOAD ./Core/Src/stm32f1xx_hal_msp.o
LOAD ./Core/Src/stm32f1xx_it.o
LOAD ./Core/Src/syscalls.o
LOAD ./Core/Src/sysmem.o
LOAD ./Core/Src/system_stm32f1xx.o
LOAD ./Core/Src/tcrt5000.o
LOAD ./Core/Startup/startup_stm32f103c8tx.o
LOAD ./Drivers/STM32F1xx_HAL_Driver/Src/stm32f1xx_hal.o
LOAD ./Drivers/STM32F1xx_HAL_Driver/Src/stm32f1xx_hal_adc.o
LOAD ./Drivers/STM32F1xx_HAL_Driver/Src/stm32f1xx_hal_adc_ex.o
LOAD ./Drivers/STM32F1xx_HAL_Driver/Src/stm32f1xx_hal_cortex.o
LOAD ./Drivers/STM32F1xx_HAL_Driver/Src/stm32f1xx_hal_dma.o
LOAD ./Drivers/STM32F1xx_HAL_Driver/Src/stm32f1xx_hal_exti.o
LOAD ./Drivers/STM32F1xx_HAL_Driver/Src/stm32f1xx_hal_flash.o
LOAD ./Drivers/STM32F1xx_HAL_Driver/Src/stm32f1xx_hal_flash_ex.o
LOAD ./Drivers/STM32F1xx_HAL_Driver/Src/stm32f1xx_hal_gpio.o
LOAD ./Drivers/STM32F1xx_HAL_Driver/Src/stm32f1xx_hal_gpio_ex.o
LOAD ./Drivers/STM32F1xx_HAL_Driver/Src/stm32f1xx_hal_pwr.o
LOAD ./Drivers/STM32F1xx_HAL_Driver/Src/stm32f1xx_hal_rcc.o
LOAD ./Drivers/STM32F1xx_HAL_Driver/Src/stm32f1xx_hal_rcc_ex.o
LOAD ./Drivers/STM32F1xx_HAL_Driver/Src/stm32f1xx_hal_tim.o
LOAD ./Drivers/STM32F1xx_HAL_Driver/Src/stm32f1xx_hal_tim_ex.o
LOAD ./Drivers/STM32F1xx_HAL_Driver/Src/stm32f1xx_hal_uart.o
START GROUP
LOAD C:/ST/STM32CubeIDE_2.1.1/STM32CubeIDE/plugins/com.st.stm32cube.ide.mcu.externaltools.gnu-tools-for-stm32.14.3.rel1.win32_1.0.100.202602081740/tools/bin/../lib/gcc/arm-none-eabi/14.3.1/../../../../arm-none-eabi/lib/thumb/v7-m/nofp\libc_nano.a
LOAD C:/ST/STM32CubeIDE_2.1.1/STM32CubeIDE/plugins/com.st.stm32cube.ide.mcu.externaltools.gnu-tools-for-stm32.14.3.rel1.win32_1.0.100.202602081740/tools/bin/../lib/gcc/arm-none-eabi/14.3.1/../../../../arm-none-eabi/lib/thumb/v7-m/nofp\libm.a
END GROUP
START GROUP
LOAD C:/ST/STM32CubeIDE_2.1.1/STM32CubeIDE/plugins/com.st.stm32cube.ide.mcu.externaltools.gnu-tools-for-stm32.14.3.rel1.win32_1.0.100.202602081740/tools/bin/../lib/gcc/arm-none-eabi/14.3.1/thumb/v7-m/nofp\libgcc.a
LOAD C:/ST/STM32CubeIDE_2.1.1/STM32CubeIDE/plugins/com.st.stm32cube.ide.mcu.externaltools.gnu-tools-for-stm32.14.3.rel1.win32_1.0.100.202602081740/tools/bin/../lib/gcc/arm-none-eabi/14.3.1/../../../../arm-none-eabi/lib/thumb/v7-m/nofp\libc_nano.a
END GROUP
START GROUP
LOAD C:/ST/STM32CubeIDE_2.1.1/STM32CubeIDE/plugins/com.st.stm32cube.ide.mcu.externaltools.gnu-tools-for-stm32.14.3.rel1.win32_1.0.100.202602081740/tools/bin/../lib/gcc/arm-none-eabi/14.3.1/thumb/v7-m/nofp\libgcc.a
LOAD C:/ST/STM32CubeIDE_2.1.1/STM32CubeIDE/plugins/com.st.stm32cube.ide.mcu.externaltools.gnu-tools-for-stm32.14.3.rel1.win32_1.0.100.202602081740/tools/bin/../lib/gcc/arm-none-eabi/14.3.1/../../../../arm-none-eabi/lib/thumb/v7-m/nofp\libc_nano.a
LOAD C:/ST/STM32CubeIDE_2.1.1/STM32CubeIDE/plugins/com.st.stm32cube.ide.mcu.externaltools.gnu-tools-for-stm32.14.3.rel1.win32_1.0.100.202602081740/tools/bin/../lib/gcc/arm-none-eabi/14.3.1/../../../../arm-none-eabi/lib/thumb/v7-m/nofp\libnosys.a
END GROUP
START GROUP
LOAD C:/ST/STM32CubeIDE_2.1.1/STM32CubeIDE/plugins/com.st.stm32cube.ide.mcu.externaltools.gnu-tools-for-stm32.14.3.rel1.win32_1.0.100.202602081740/tools/bin/../lib/gcc/arm-none-eabi/14.3.1/thumb/v7-m/nofp\libgcc.a
LOAD C:/ST/STM32CubeIDE_2.1.1/STM32CubeIDE/plugins/com.st.stm32cube.ide.mcu.externaltools.gnu-tools-for-stm32.14.3.rel1.win32_1.0.100.202602081740/tools/bin/../lib/gcc/arm-none-eabi/14.3.1/../../../../arm-none-eabi/lib/thumb/v7-m/nofp\libc_nano.a
LOAD C:/ST/STM32CubeIDE_2.1.1/STM32CubeIDE/plugins/com.st.stm32cube.ide.mcu.externaltools.gnu-tools-for-stm32.14.3.rel1.win32_1.0.100.202602081740/tools/bin/../lib/gcc/arm-none-eabi/14.3.1/../../../../arm-none-eabi/lib/thumb/v7-m/nofp\libnosys.a
END GROUP
LOAD C:/ST/STM32CubeIDE_2.1.1/STM32CubeIDE/plugins/com.st.stm32cube.ide.mcu.externaltools.gnu-tools-for-stm32.14.3.rel1.win32_1.0.100.202602081740/tools/bin/../lib/gcc/arm-none-eabi/14.3.1/thumb/v7-m/nofp/crtend.o
LOAD C:/ST/STM32CubeIDE_2.1.1/STM32CubeIDE/plugins/com.st.stm32cube.ide.mcu.externaltools.gnu-tools-for-stm32.14.3.rel1.win32_1.0.100.202602081740/tools/bin/../lib/gcc/arm-none-eabi/14.3.1/thumb/v7-m/nofp/crtn.o
                0x20005000                        _estack = (ORIGIN (RAM) + LENGTH (RAM))
                0x00000200                        _Min_Heap_Size = 0x200
                0x00000400                        _Min_Stack_Size = 0x400

.isr_vector     0x08000000      0x10c
                0x08000000                        . = ALIGN (0x4)
 *(.isr_vector)
 .isr_vector    0x08000000      0x10c ./Core/Startup/startup_stm32f103c8tx.o
                0x08000000                g_pfnVectors
                0x0800010c                        . = ALIGN (0x4)

.text           0x08000110     0xab5c
                0x08000110                        . = ALIGN (0x4)
 *(.text)
 .text          0x08000110       0x40 C:/ST/STM32CubeIDE_2.1.1/STM32CubeIDE/plugins/com.st.stm32cube.ide.mcu.externaltools.gnu-tools-for-stm32.14.3.rel1.win32_1.0.100.202602081740/tools/bin/../lib/gcc/arm-none-eabi/14.3.1/thumb/v7-m/nofp/crtbegin.o
 .text          0x08000150       0x10 C:/ST/STM32CubeIDE_2.1.1/STM32CubeIDE/plugins/com.st.stm32cube.ide.mcu.externaltools.gnu-tools-for-stm32.14.3.rel1.win32_1.0.100.202602081740/tools/bin/../lib/gcc/arm-none-eabi/14.3.1/../../../../arm-none-eabi/lib/thumb/v7-m/nofp\libc_nano.a(libc_a-strlen.o)
                0x08000150                strlen
 .text          0x08000160      0x168 C:/ST/STM32CubeIDE_2.1.1/STM32CubeIDE/plugins/com.st.stm32cube.ide.mcu.externaltools.gnu-tools-for-stm32.14.3.rel1.win32_1.0.100.202602081740/tools/bin/../lib/gcc/arm-none-eabi/14.3.1/thumb/v7-m/nofp\libgcc.a(_arm_mulsf3.o)
                0x08000160                __aeabi_fmul
                0x08000160                __mulsf3
 .text          0x080002c8      0x378 C:/ST/STM32CubeIDE_2.1.1/STM32CubeIDE/plugins/com.st.stm32cube.ide.mcu.externaltools.gnu-tools-for-stm32.14.3.rel1.win32_1.0.100.202602081740/tools/bin/../lib/gcc/arm-none-eabi/14.3.1/thumb/v7-m/nofp\libgcc.a(_arm_addsubdf3.o)
                0x080002c8                __aeabi_drsub
                0x080002d0                __aeabi_dsub
                0x080002d0                __subdf3
                0x080002d4                __aeabi_dadd
                0x080002d4                __adddf3
                0x0800054c                __floatunsidf
                0x0800054c                __aeabi_ui2d
                0x0800056c                __floatsidf
                0x0800056c                __aeabi_i2d
                0x08000590                __aeabi_f2d
                0x08000590                __extendsfdf2
                0x080005d4                __floatundidf
                0x080005d4                __aeabi_ul2d
                0x080005e4                __floatdidf
                0x080005e4                __aeabi_l2d
 .text          0x08000640      0x424 C:/ST/STM32CubeIDE_2.1.1/STM32CubeIDE/plugins/com.st.stm32cube.ide.mcu.externaltools.gnu-tools-for-stm32.14.3.rel1.win32_1.0.100.202602081740/tools/bin/../lib/gcc/arm-none-eabi/14.3.1/thumb/v7-m/nofp\libgcc.a(_arm_muldivdf3.o)
                0x08000640                __aeabi_dmul
                0x08000640                __muldf3
                0x08000894                __divdf3
                0x08000894                __aeabi_ddiv
 .text          0x08000a64      0x110 C:/ST/STM32CubeIDE_2.1.1/STM32CubeIDE/plugins/com.st.stm32cube.ide.mcu.externaltools.gnu-tools-for-stm32.14.3.rel1.win32_1.0.100.202602081740/tools/bin/../lib/gcc/arm-none-eabi/14.3.1/thumb/v7-m/nofp\libgcc.a(_arm_cmpdf2.o)
                0x08000a64                __gtdf2
                0x08000a64                __gedf2
                0x08000a6c                __ltdf2
                0x08000a6c                __ledf2
                0x08000a74                __nedf2
                0x08000a74                __eqdf2
                0x08000a74                __cmpdf2
                0x08000af0                __aeabi_cdrcmple
                0x08000b00                __aeabi_cdcmpeq
                0x08000b00                __aeabi_cdcmple
                0x08000b10                __aeabi_dcmpeq
                0x08000b24                __aeabi_dcmplt
                0x08000b38                __aeabi_dcmple
                0x08000b4c                __aeabi_dcmpge
                0x08000b60                __aeabi_dcmpgt
 .text          0x08000b74       0x2c C:/ST/STM32CubeIDE_2.1.1/STM32CubeIDE/plugins/com.st.stm32cube.ide.mcu.externaltools.gnu-tools-for-stm32.14.3.rel1.win32_1.0.100.202602081740/tools/bin/../lib/gcc/arm-none-eabi/14.3.1/thumb/v7-m/nofp\libgcc.a(_arm_unorddf2.o)
                0x08000b74                __unorddf2
                0x08000b74                __aeabi_dcmpun
 .text          0x08000ba0       0x50 C:/ST/STM32CubeIDE_2.1.1/STM32CubeIDE/plugins/com.st.stm32cube.ide.mcu.externaltools.gnu-tools-for-stm32.14.3.rel1.win32_1.0.100.202602081740/tools/bin/../lib/gcc/arm-none-eabi/14.3.1/thumb/v7-m/nofp\libgcc.a(_arm_fixdfsi.o)
                0x08000ba0                __aeabi_d2iz
                0x08000ba0                __fixdfsi
 .text          0x08000bf0      0x21c C:/ST/STM32CubeIDE_2.1.1/STM32CubeIDE/plugins/com.st.stm32cube.ide.mcu.externaltools.gnu-tools-for-stm32.14.3.rel1.win32_1.0.100.202602081740/tools/bin/../lib/gcc/arm-none-eabi/14.3.1/thumb/v7-m/nofp\libgcc.a(_arm_addsubsf3.o)
                0x08000bf0                __aeabi_frsub
                0x08000bf8                __subsf3
                0x08000bf8                __aeabi_fsub
                0x08000bfc                __aeabi_fadd
                0x08000bfc                __addsf3
                0x08000d5c                __aeabi_ui2f
                0x08000d5c                __floatunsisf
                0x08000d64                __aeabi_i2f
                0x08000d64                __floatsisf
                0x08000d80                __aeabi_ul2f
                0x08000d80                __floatundisf
                0x08000d90                __aeabi_l2f
                0x08000d90                __floatdisf
 .text          0x08000e0c       0xec C:/ST/STM32CubeIDE_2.1.1/STM32CubeIDE/plugins/com.st.stm32cube.ide.mcu.externaltools.gnu-tools-for-stm32.14.3.rel1.win32_1.0.100.202602081740/tools/bin/../lib/gcc/arm-none-eabi/14.3.1/thumb/v7-m/nofp\libgcc.a(_arm_cmpsf2.o)
                0x08000e0c                __gesf2
                0x08000e0c                __gtsf2
                0x08000e14                __lesf2
                0x08000e14                __ltsf2
                0x08000e1c                __nesf2
                0x08000e1c                __eqsf2
                0x08000e1c                __cmpsf2
                0x08000e7c                __aeabi_cfrcmple
                0x08000e84                __aeabi_cfcmpeq
                0x08000e84                __aeabi_cfcmple
                0x08000e94                __aeabi_fcmpeq
                0x08000ea8                __aeabi_fcmplt
                0x08000ebc                __aeabi_fcmple
                0x08000ed0                __aeabi_fcmpge
                0x08000ee4                __aeabi_fcmpgt
 .text          0x08000ef8       0x40 C:/ST/STM32CubeIDE_2.1.1/STM32CubeIDE/plugins/com.st.stm32cube.ide.mcu.externaltools.gnu-tools-for-stm32.14.3.rel1.win32_1.0.100.202602081740/tools/bin/../lib/gcc/arm-none-eabi/14.3.1/thumb/v7-m/nofp\libgcc.a(_arm_fixunssfsi.o)
                0x08000ef8                __fixunssfsi
                0x08000ef8                __aeabi_f2uiz
 *(.text*)
 .text.ESP01_SetWIFI
                0x08000f38       0x6c ./Core/Src/ESP01.o
                0x08000f38                ESP01_SetWIFI
 .text.ESP01_StartUDP
                0x08000fa4       0xac ./Core/Src/ESP01.o
                0x08000fa4                ESP01_StartUDP
 .text.ESP01_StateUDPTCP
                0x08001050       0x38 ./Core/Src/ESP01.o
                0x08001050                ESP01_StateUDPTCP
 .text.ESP01_WriteRX
                0x08001088       0x40 ./Core/Src/ESP01.o
                0x08001088                ESP01_WriteRX
 .text.ESP01_Send
                0x080010c8      0x15c ./Core/Src/ESP01.o
                0x080010c8                ESP01_Send
 .text.ESP01_Init
                0x08001224       0x78 ./Core/Src/ESP01.o
                0x08001224                ESP01_Init
 .text.ESP01_Timeout10ms
                0x0800129c       0x60 ./Core/Src/ESP01.o
                0x0800129c                ESP01_Timeout10ms
 .text.ESP01_Task
                0x080012fc       0x34 ./Core/Src/ESP01.o
                0x080012fc                ESP01_Task
 .text.ESP01_AttachChangeState
                0x08001330       0x1c ./Core/Src/ESP01.o
                0x08001330                ESP01_AttachChangeState
 .text.ESP01_AttachDebugStr
                0x0800134c       0x1c ./Core/Src/ESP01.o
                0x0800134c                ESP01_AttachDebugStr
 .text.ESP01ATDecode
                0x08001368      0x76c ./Core/Src/ESP01.o
 .text.ESP01DOConnection
                0x08001ad4      0x414 ./Core/Src/ESP01.o
 .text.ESP01SENDData
                0x08001ee8       0xf8 ./Core/Src/ESP01.o
 .text.ESP01StrToBufTX
                0x08001fe0       0x60 ./Core/Src/ESP01.o
 .text.ESP01ByteToBufTX
                0x08002040       0x40 ./Core/Src/ESP01.o
 .text.HCSR04_Init
                0x08002080       0x4a ./Core/Src/hcsr04.o
                0x08002080                HCSR04_Init
 .text.HCSR04_Trigger
                0x080020ca       0x30 ./Core/Src/hcsr04.o
                0x080020ca                HCSR04_Trigger
 *fill*         0x080020fa        0x2 
 .text.HCSR04_Tick
                0x080020fc      0x124 ./Core/Src/hcsr04.o
                0x080020fc                HCSR04_Tick
 .text.ESP01_DebugCallback
                0x08002220       0xbc ./Core/Src/main.o
                0x08002220                ESP01_DebugCallback
 .text.__io_putchar
                0x080022dc       0x24 ./Core/Src/main.o
                0x080022dc                __io_putchar
 .text.ESP01_DoCHPD
                0x08002300       0x14 ./Core/Src/main.o
                0x08002300                ESP01_DoCHPD
 .text.ESP01_WriteUSARTByte
                0x08002314       0x30 ./Core/Src/main.o
                0x08002314                ESP01_WriteUSARTByte
 .text.ESP01_WriteByteToBufRX
                0x08002344       0x4c ./Core/Src/main.o
                0x08002344                ESP01_WriteByteToBufRX
 .text.main     0x08002390      0x440 ./Core/Src/main.o
                0x08002390                main
 .text.SystemClock_Config
                0x080027d0       0xb6 ./Core/Src/main.o
                0x080027d0                SystemClock_Config
 *fill*         0x08002886        0x2 
 .text.MX_ADC1_Init
                0x08002888       0x7c ./Core/Src/main.o
 .text.MX_TIM2_Init
                0x08002904       0x98 ./Core/Src/main.o
 .text.MX_TIM3_Init
                0x0800299c      0x104 ./Core/Src/main.o
 .text.MX_USART1_UART_Init
                0x08002aa0       0x54 ./Core/Src/main.o
 .text.MX_USART3_UART_Init
                0x08002af4       0x54 ./Core/Src/main.o
 .text.MX_DMA_Init
                0x08002b48       0x3c ./Core/Src/main.o
 .text.MX_GPIO_Init
                0x08002b84      0x13c ./Core/Src/main.o
 .text.HAL_UART_ErrorCallback
                0x08002cc0       0x30 ./Core/Src/main.o
                0x08002cc0                HAL_UART_ErrorCallback
 .text.CmdParser
                0x08002cf0      0x240 ./Core/Src/main.o
                0x08002cf0                CmdParser
 .text.onESP01StateChange
                0x08002f30       0x2c ./Core/Src/main.o
                0x08002f30                onESP01StateChange
 .text.HAL_UART_RxCpltCallback
                0x08002f5c       0x94 ./Core/Src/main.o
                0x08002f5c                HAL_UART_RxCpltCallback
 .text.sonar_result
                0x08002ff0       0x1c ./Core/Src/main.o
                0x08002ff0                sonar_result
 .text.trigger_set
                0x0800300c       0x30 ./Core/Src/main.o
                0x0800300c                trigger_set
 .text.echo_get
                0x0800303c       0x24 ./Core/Src/main.o
                0x0800303c                echo_get
 .text.servo_set_pin
                0x08003060       0x30 ./Core/Src/main.o
                0x08003060                servo_set_pin
 .text.HAL_TIM_PeriodElapsedCallback
                0x08003090       0xc0 ./Core/Src/main.o
                0x08003090                HAL_TIM_PeriodElapsedCallback
 .text.Error_Handler
                0x08003150        0xc ./Core/Src/main.o
                0x08003150                Error_Handler
 .text.Protocolo_Init
                0x0800315c       0x54 ./Core/Src/protocolo.o
                0x0800315c                Protocolo_Init
 .text.Protocolo_SetCmdParser
                0x080031b0       0x1c ./Core/Src/protocolo.o
                0x080031b0                Protocolo_SetCmdParser
 .text.Decode   0x080031cc      0x1d0 ./Core/Src/protocolo.o
                0x080031cc                Decode
 .text.Encode   0x0800339c      0x258 ./Core/Src/protocolo.o
                0x0800339c                Encode
 .text.SG90_Init
                0x080035f4       0x36 ./Core/Src/sg90.o
                0x080035f4                SG90_Init
 *fill*         0x0800362a        0x2 
 .text.SG90_SetAngle
                0x0800362c       0x44 ./Core/Src/sg90.o
                0x0800362c                SG90_SetAngle
 .text.SG90_Tick
                0x08003670       0x84 ./Core/Src/sg90.o
                0x08003670                SG90_Tick
 .text.i2c_delay
                0x080036f4       0x24 ./Core/Src/soft_i2c.o
 .text.i2c_start
                0x08003718       0x40 ./Core/Src/soft_i2c.o
 .text.i2c_stop
                0x08003758       0x34 ./Core/Src/soft_i2c.o
 .text.i2c_write_byte
                0x0800378c       0x98 ./Core/Src/soft_i2c.o
 .text.soft_i2c_write
                0x08003824       0x50 ./Core/Src/soft_i2c.o
                0x08003824                soft_i2c_write
 .text.send_cmd
                0x08003874       0x2c ./Core/Src/ssd1306.o
 .text.send_data
                0x080038a0       0xa6 ./Core/Src/ssd1306.o
 *fill*         0x08003946        0x2 
 .text.SSD1306_Init
                0x08003948       0x60 ./Core/Src/ssd1306.o
                0x08003948                SSD1306_Init
 .text.SSD1306_Clear
                0x080039a8       0x28 ./Core/Src/ssd1306.o
                0x080039a8                SSD1306_Clear
 .text.SSD1306_DrawPixel
                0x080039d0       0xaa ./Core/Src/ssd1306.o
                0x080039d0                SSD1306_DrawPixel
 *fill*         0x08003a7a        0x2 
 .text.SSD1306_DrawChar
                0x08003a7c       0xd4 ./Core/Src/ssd1306.o
                0x08003a7c                SSD1306_DrawChar
 .text.SSD1306_DrawText
                0x08003b50       0x5a ./Core/Src/ssd1306.o
                0x08003b50                SSD1306_DrawText
 .text.SSD1306_Update
                0x08003baa       0x5e ./Core/Src/ssd1306.o
                0x08003baa                SSD1306_Update
 .text.HAL_MspInit
                0x08003c08       0x64 ./Core/Src/stm32f1xx_hal_msp.o
                0x08003c08                HAL_MspInit
 .text.HAL_ADC_MspInit
                0x08003c6c       0xe0 ./Core/Src/stm32f1xx_hal_msp.o
                0x08003c6c                HAL_ADC_MspInit
 .text.HAL_TIM_Base_MspInit
                0x08003d4c       0x70 ./Core/Src/stm32f1xx_hal_msp.o
                0x08003d4c                HAL_TIM_Base_MspInit
 .text.HAL_TIM_MspPostInit
                0x08003dbc       0x64 ./Core/Src/stm32f1xx_hal_msp.o
                0x08003dbc                HAL_TIM_MspPostInit
 .text.HAL_UART_MspInit
                0x08003e20      0x130 ./Core/Src/stm32f1xx_hal_msp.o
                0x08003e20                HAL_UART_MspInit
 .text.NMI_Handler
                0x08003f50        0x8 ./Core/Src/stm32f1xx_it.o
                0x08003f50                NMI_Handler
 .text.HardFault_Handler
                0x08003f58        0x8 ./Core/Src/stm32f1xx_it.o
                0x08003f58                HardFault_Handler
 .text.MemManage_Handler
                0x08003f60        0x8 ./Core/Src/stm32f1xx_it.o
                0x08003f60                MemManage_Handler
 .text.BusFault_Handler
                0x08003f68        0x8 ./Core/Src/stm32f1xx_it.o
                0x08003f68                BusFault_Handler
 .text.UsageFault_Handler
                0x08003f70        0x8 ./Core/Src/stm32f1xx_it.o
                0x08003f70                UsageFault_Handler
 .text.SVC_Handler
                0x08003f78        0xc ./Core/Src/stm32f1xx_it.o
                0x08003f78                SVC_Handler
 .text.DebugMon_Handler
                0x08003f84        0xc ./Core/Src/stm32f1xx_it.o
                0x08003f84                DebugMon_Handler
 .text.PendSV_Handler
                0x08003f90        0xc ./Core/Src/stm32f1xx_it.o
                0x08003f90                PendSV_Handler
 .text.SysTick_Handler
                0x08003f9c        0xc ./Core/Src/stm32f1xx_it.o
                0x08003f9c                SysTick_Handler
 .text.DMA1_Channel1_IRQHandler
                0x08003fa8       0x14 ./Core/Src/stm32f1xx_it.o
                0x08003fa8                DMA1_Channel1_IRQHandler
 .text.ADC1_2_IRQHandler
                0x08003fbc       0x14 ./Core/Src/stm32f1xx_it.o
                0x08003fbc                ADC1_2_IRQHandler
 .text.TIM2_IRQHandler
                0x08003fd0       0x14 ./Core/Src/stm32f1xx_it.o
                0x08003fd0                TIM2_IRQHandler
 .text.USART1_IRQHandler
                0x08003fe4       0x14 ./Core/Src/stm32f1xx_it.o
                0x08003fe4                USART1_IRQHandler
 .text.USART3_IRQHandler
                0x08003ff8       0x14 ./Core/Src/stm32f1xx_it.o
                0x08003ff8                USART3_IRQHandler
 .text._getpid  0x0800400c        0xe ./Core/Src/syscalls.o
                0x0800400c                _getpid
 .text._kill    0x0800401a       0x20 ./Core/Src/syscalls.o
                0x0800401a                _kill
 .text._exit    0x0800403a       0x16 ./Core/Src/syscalls.o
                0x0800403a                _exit
 .text._read    0x08004050       0x3a ./Core/Src/syscalls.o
                0x08004050                _read
 .text._write   0x0800408a       0x38 ./Core/Src/syscalls.o
                0x0800408a                _write
 .text._close   0x080040c2       0x16 ./Core/Src/syscalls.o
                0x080040c2                _close
 .text._fstat   0x080040d8       0x1e ./Core/Src/syscalls.o
                0x080040d8                _fstat
 .text._isatty  0x080040f6       0x14 ./Core/Src/syscalls.o
                0x080040f6                _isatty
 .text._lseek   0x0800410a       0x18 ./Core/Src/syscalls.o
                0x0800410a                _lseek
 *fill*         0x08004122        0x2 
 .text._sbrk    0x08004124       0x6c ./Core/Src/sysmem.o
                0x08004124                _sbrk
 .text.SystemInit
                0x08004190        0xc ./Core/Src/system_stm32f1xx.o
                0x08004190                SystemInit
 .text.Reset_Handler
                0x0800419c       0x48 ./Core/Startup/startup_stm32f103c8tx.o
                0x0800419c                Reset_Handler
 .text.Default_Handler
                0x080041e4        0x2 ./Core/Startup/startup_stm32f103c8tx.o
                0x080041e4                RTC_Alarm_IRQHandler
                0x080041e4                EXTI2_IRQHandler
                0x080041e4                TIM1_CC_IRQHandler
                0x080041e4                PVD_IRQHandler
                0x080041e4                EXTI3_IRQHandler
                0x080041e4                EXTI0_IRQHandler
                0x080041e4                I2C2_EV_IRQHandler
                0x080041e4                SPI1_IRQHandler
                0x080041e4                TAMPER_IRQHandler
                0x080041e4                DMA1_Channel4_IRQHandler
                0x080041e4                RTC_IRQHandler
                0x080041e4                DMA1_Channel7_IRQHandler
                0x080041e4                CAN1_RX1_IRQHandler
                0x080041e4                TIM4_IRQHandler
                0x080041e4                I2C1_EV_IRQHandler
                0x080041e4                DMA1_Channel6_IRQHandler
                0x080041e4                TIM3_IRQHandler
                0x080041e4                RCC_IRQHandler
                0x080041e4                TIM1_TRG_COM_IRQHandler
                0x080041e4                Default_Handler
                0x080041e4                EXTI15_10_IRQHandler
                0x080041e4                EXTI9_5_IRQHandler
                0x080041e4                SPI2_IRQHandler
                0x080041e4                DMA1_Channel5_IRQHandler
                0x080041e4                EXTI4_IRQHandler
                0x080041e4                USB_LP_CAN1_RX0_IRQHandler
                0x080041e4                USB_HP_CAN1_TX_IRQHandler
                0x080041e4                DMA1_Channel3_IRQHandler
                0x080041e4                TIM1_UP_IRQHandler
                0x080041e4                WWDG_IRQHandler
                0x080041e4                TIM1_BRK_IRQHandler
                0x080041e4                EXTI1_IRQHandler
                0x080041e4                USART2_IRQHandler
                0x080041e4                I2C2_ER_IRQHandler
                0x080041e4                DMA1_Channel2_IRQHandler
                0x080041e4                CAN1_SCE_IRQHandler
                0x080041e4                FLASH_IRQHandler
                0x080041e4                I2C1_ER_IRQHandler
                0x080041e4                USBWakeUp_IRQHandler
 *fill*         0x080041e6        0x2 
 .text.HAL_Init
                0x080041e8       0x2c ./Drivers/STM32F1xx_HAL_Driver/Src/stm32f1xx_hal.o
                0x080041e8                HAL_Init
 .text.HAL_InitTick
                0x08004214       0x60 ./Drivers/STM32F1xx_HAL_Driver/Src/stm32f1xx_hal.o
                0x08004214                HAL_InitTick
 .text.HAL_IncTick
                0x08004274       0x24 ./Drivers/STM32F1xx_HAL_Driver/Src/stm32f1xx_hal.o
                0x08004274                HAL_IncTick
 .text.HAL_GetTick
                0x08004298       0x14 ./Drivers/STM32F1xx_HAL_Driver/Src/stm32f1xx_hal.o
                0x08004298                HAL_GetTick
 .text.HAL_ADC_Init
                0x080042ac      0x1b0 ./Drivers/STM32F1xx_HAL_Driver/Src/stm32f1xx_hal_adc.o
                0x080042ac                HAL_ADC_Init
 .text.HAL_ADC_Start
                0x0800445c      0x15c ./Drivers/STM32F1xx_HAL_Driver/Src/stm32f1xx_hal_adc.o
                0x0800445c                HAL_ADC_Start
 .text.HAL_ADC_Stop
                0x080045b8       0x58 ./Drivers/STM32F1xx_HAL_Driver/Src/stm32f1xx_hal_adc.o
                0x080045b8                HAL_ADC_Stop
 .text.HAL_ADC_PollForConversion
                0x08004610      0x20c ./Drivers/STM32F1xx_HAL_Driver/Src/stm32f1xx_hal_adc.o
                0x08004610                HAL_ADC_PollForConversion
 .text.HAL_ADC_GetValue
                0x0800481c       0x18 ./Drivers/STM32F1xx_HAL_Driver/Src/stm32f1xx_hal_adc.o
                0x0800481c                HAL_ADC_GetValue
 .text.HAL_ADC_IRQHandler
                0x08004834      0x17e ./Drivers/STM32F1xx_HAL_Driver/Src/stm32f1xx_hal_adc.o
                0x08004834                HAL_ADC_IRQHandler
 .text.HAL_ADC_ConvCpltCallback
                0x080049b2       0x12 ./Drivers/STM32F1xx_HAL_Driver/Src/stm32f1xx_hal_adc.o
                0x080049b2                HAL_ADC_ConvCpltCallback
 .text.HAL_ADC_LevelOutOfWindowCallback
                0x080049c4       0x12 ./Drivers/STM32F1xx_HAL_Driver/Src/stm32f1xx_hal_adc.o
                0x080049c4                HAL_ADC_LevelOutOfWindowCallback
 *fill*         0x080049d6        0x2 
 .text.HAL_ADC_ConfigChannel
                0x080049d8      0x1f0 ./Drivers/STM32F1xx_HAL_Driver/Src/stm32f1xx_hal_adc.o
                0x080049d8                HAL_ADC_ConfigChannel
 .text.ADC_Enable
                0x08004bc8       0xb4 ./Drivers/STM32F1xx_HAL_Driver/Src/stm32f1xx_hal_adc.o
                0x08004bc8                ADC_Enable
 .text.ADC_ConversionStop_Disable
                0x08004c7c       0x82 ./Drivers/STM32F1xx_HAL_Driver/Src/stm32f1xx_hal_adc.o
                0x08004c7c                ADC_ConversionStop_Disable
 *fill*         0x08004cfe        0x2 
 .text.HAL_ADCEx_Calibration_Start
                0x08004d00      0x15c ./Drivers/STM32F1xx_HAL_Driver/Src/stm32f1xx_hal_adc_ex.o
                0x08004d00                HAL_ADCEx_Calibration_Start
 .text.HAL_ADCEx_InjectedConvCpltCallback
                0x08004e5c       0x12 ./Drivers/STM32F1xx_HAL_Driver/Src/stm32f1xx_hal_adc_ex.o
                0x08004e5c                HAL_ADCEx_InjectedConvCpltCallback
 *fill*         0x08004e6e        0x2 
 .text.__NVIC_SetPriorityGrouping
                0x08004e70       0x48 ./Drivers/STM32F1xx_HAL_Driver/Src/stm32f1xx_hal_cortex.o
 .text.__NVIC_GetPriorityGrouping
                0x08004eb8       0x1c ./Drivers/STM32F1xx_HAL_Driver/Src/stm32f1xx_hal_cortex.o
 .text.__NVIC_EnableIRQ
                0x08004ed4       0x38 ./Drivers/STM32F1xx_HAL_Driver/Src/stm32f1xx_hal_cortex.o
 .text.__NVIC_SetPriority
                0x08004f0c       0x54 ./Drivers/STM32F1xx_HAL_Driver/Src/stm32f1xx_hal_cortex.o
 .text.NVIC_EncodePriority
                0x08004f60       0x64 ./Drivers/STM32F1xx_HAL_Driver/Src/stm32f1xx_hal_cortex.o
 .text.SysTick_Config
                0x08004fc4       0x44 ./Drivers/STM32F1xx_HAL_Driver/Src/stm32f1xx_hal_cortex.o
 .text.HAL_NVIC_SetPriorityGrouping
                0x08005008       0x16 ./Drivers/STM32F1xx_HAL_Driver/Src/stm32f1xx_hal_cortex.o
                0x08005008                HAL_NVIC_SetPriorityGrouping
 .text.HAL_NVIC_SetPriority
                0x0800501e       0x38 ./Drivers/STM32F1xx_HAL_Driver/Src/stm32f1xx_hal_cortex.o
                0x0800501e                HAL_NVIC_SetPriority
 .text.HAL_NVIC_EnableIRQ
                0x08005056       0x1c ./Drivers/STM32F1xx_HAL_Driver/Src/stm32f1xx_hal_cortex.o
                0x08005056                HAL_NVIC_EnableIRQ
 .text.HAL_SYSTICK_Config
                0x08005072       0x18 ./Drivers/STM32F1xx_HAL_Driver/Src/stm32f1xx_hal_cortex.o
                0x08005072                HAL_SYSTICK_Config
 *fill*         0x0800508a        0x2 
 .text.HAL_DMA_Init
                0x0800508c       0xb4 ./Drivers/STM32F1xx_HAL_Driver/Src/stm32f1xx_hal_dma.o
                0x0800508c                HAL_DMA_Init
 .text.HAL_DMA_Abort
                0x08005140       0x76 ./Drivers/STM32F1xx_HAL_Driver/Src/stm32f1xx_hal_dma.o
                0x08005140                HAL_DMA_Abort
 *fill*         0x080051b6        0x2 
 .text.HAL_DMA_Abort_IT
                0x080051b8       0xf0 ./Drivers/STM32F1xx_HAL_Driver/Src/stm32f1xx_hal_dma.o
                0x080051b8                HAL_DMA_Abort_IT
 .text.HAL_DMA_IRQHandler
                0x080052a8      0x20c ./Drivers/STM32F1xx_HAL_Driver/Src/stm32f1xx_hal_dma.o
                0x080052a8                HAL_DMA_IRQHandler
 .text.HAL_GPIO_Init
                0x080054b4      0x308 ./Drivers/STM32F1xx_HAL_Driver/Src/stm32f1xx_hal_gpio.o
                0x080054b4                HAL_GPIO_Init
 .text.HAL_GPIO_ReadPin
                0x080057bc       0x2e ./Drivers/STM32F1xx_HAL_Driver/Src/stm32f1xx_hal_gpio.o
                0x080057bc                HAL_GPIO_ReadPin
 .text.HAL_GPIO_WritePin
                0x080057ea       0x30 ./Drivers/STM32F1xx_HAL_Driver/Src/stm32f1xx_hal_gpio.o
                0x080057ea                HAL_GPIO_WritePin
 *fill*         0x0800581a        0x2 
 .text.HAL_RCC_OscConfig
                0x0800581c      0x504 ./Drivers/STM32F1xx_HAL_Driver/Src/stm32f1xx_hal_rcc.o
                0x0800581c                HAL_RCC_OscConfig
 .text.HAL_RCC_ClockConfig
                0x08005d20      0x1d4 ./Drivers/STM32F1xx_HAL_Driver/Src/stm32f1xx_hal_rcc.o
                0x08005d20                HAL_RCC_ClockConfig
 .text.HAL_RCC_GetSysClockFreq
                0x08005ef4       0xa8 ./Drivers/STM32F1xx_HAL_Driver/Src/stm32f1xx_hal_rcc.o
                0x08005ef4                HAL_RCC_GetSysClockFreq
 .text.HAL_RCC_GetHCLKFreq
                0x08005f9c       0x14 ./Drivers/STM32F1xx_HAL_Driver/Src/stm32f1xx_hal_rcc.o
                0x08005f9c                HAL_RCC_GetHCLKFreq
 .text.HAL_RCC_GetPCLK1Freq
                0x08005fb0       0x28 ./Drivers/STM32F1xx_HAL_Driver/Src/stm32f1xx_hal_rcc.o
                0x08005fb0                HAL_RCC_GetPCLK1Freq
 .text.HAL_RCC_GetPCLK2Freq
                0x08005fd8       0x28 ./Drivers/STM32F1xx_HAL_Driver/Src/stm32f1xx_hal_rcc.o
                0x08005fd8                HAL_RCC_GetPCLK2Freq
 .text.RCC_Delay
                0x08006000       0x3c ./Drivers/STM32F1xx_HAL_Driver/Src/stm32f1xx_hal_rcc.o
 .text.HAL_RCCEx_PeriphCLKConfig
                0x0800603c      0x16c ./Drivers/STM32F1xx_HAL_Driver/Src/stm32f1xx_hal_rcc_ex.o
                0x0800603c                HAL_RCCEx_PeriphCLKConfig
 .text.HAL_RCCEx_GetPeriphCLKFreq
                0x080061a8      0x16c ./Drivers/STM32F1xx_HAL_Driver/Src/stm32f1xx_hal_rcc_ex.o
                0x080061a8                HAL_RCCEx_GetPeriphCLKFreq
 .text.HAL_TIM_Base_Init
                0x08006314       0x9e ./Drivers/STM32F1xx_HAL_Driver/Src/stm32f1xx_hal_tim.o
                0x08006314                HAL_TIM_Base_Init
 *fill*         0x080063b2        0x2 
 .text.HAL_TIM_Base_Start_IT
                0x080063b4       0xa4 ./Drivers/STM32F1xx_HAL_Driver/Src/stm32f1xx_hal_tim.o
                0x080063b4                HAL_TIM_Base_Start_IT
 .text.HAL_TIM_PWM_Init
                0x08006458       0x9e ./Drivers/STM32F1xx_HAL_Driver/Src/stm32f1xx_hal_tim.o
                0x08006458                HAL_TIM_PWM_Init
 .text.HAL_TIM_PWM_MspInit
                0x080064f6       0x12 ./Drivers/STM32F1xx_HAL_Driver/Src/stm32f1xx_hal_tim.o
                0x080064f6                HAL_TIM_PWM_MspInit
 .text.HAL_TIM_PWM_Start
                0x08006508      0x144 ./Drivers/STM32F1xx_HAL_Driver/Src/stm32f1xx_hal_tim.o
                0x08006508                HAL_TIM_PWM_Start
 .text.HAL_TIM_IRQHandler
                0x0800664c      0x1e0 ./Drivers/STM32F1xx_HAL_Driver/Src/stm32f1xx_hal_tim.o
                0x0800664c                HAL_TIM_IRQHandler
 .text.HAL_TIM_PWM_ConfigChannel
                0x0800682c      0x184 ./Drivers/STM32F1xx_HAL_Driver/Src/stm32f1xx_hal_tim.o
                0x0800682c                HAL_TIM_PWM_ConfigChannel
 .text.HAL_TIM_ConfigClockSource
                0x080069b0      0x18e ./Drivers/STM32F1xx_HAL_Driver/Src/stm32f1xx_hal_tim.o
                0x080069b0                HAL_TIM_ConfigClockSource
 .text.HAL_TIM_OC_DelayElapsedCallback
                0x08006b3e       0x12 ./Drivers/STM32F1xx_HAL_Driver/Src/stm32f1xx_hal_tim.o
                0x08006b3e                HAL_TIM_OC_DelayElapsedCallback
 .text.HAL_TIM_IC_CaptureCallback
                0x08006b50       0x12 ./Drivers/STM32F1xx_HAL_Driver/Src/stm32f1xx_hal_tim.o
                0x08006b50                HAL_TIM_IC_CaptureCallback
 .text.HAL_TIM_PWM_PulseFinishedCallback
                0x08006b62       0x12 ./Drivers/STM32F1xx_HAL_Driver/Src/stm32f1xx_hal_tim.o
                0x08006b62                HAL_TIM_PWM_PulseFinishedCallback
 .text.HAL_TIM_TriggerCallback
                0x08006b74       0x12 ./Drivers/STM32F1xx_HAL_Driver/Src/stm32f1xx_hal_tim.o
                0x08006b74                HAL_TIM_TriggerCallback
 *fill*         0x08006b86        0x2 
 .text.TIM_Base_SetConfig
                0x08006b88       0xdc ./Drivers/STM32F1xx_HAL_Driver/Src/stm32f1xx_hal_tim.o
                0x08006b88                TIM_Base_SetConfig
 .text.TIM_OC1_SetConfig
                0x08006c64       0xcc ./Drivers/STM32F1xx_HAL_Driver/Src/stm32f1xx_hal_tim.o
 .text.TIM_OC2_SetConfig
                0x08006d30       0xd4 ./Drivers/STM32F1xx_HAL_Driver/Src/stm32f1xx_hal_tim.o
                0x08006d30                TIM_OC2_SetConfig
 .text.TIM_OC3_SetConfig
                0x08006e04       0xd4 ./Drivers/STM32F1xx_HAL_Driver/Src/stm32f1xx_hal_tim.o
 .text.TIM_OC4_SetConfig
                0x08006ed8       0x9c ./Drivers/STM32F1xx_HAL_Driver/Src/stm32f1xx_hal_tim.o
 .text.TIM_TI1_ConfigInputStage
                0x08006f74       0x5c ./Drivers/STM32F1xx_HAL_Driver/Src/stm32f1xx_hal_tim.o
 .text.TIM_TI2_ConfigInputStage
                0x08006fd0       0x5e ./Drivers/STM32F1xx_HAL_Driver/Src/stm32f1xx_hal_tim.o
 .text.TIM_ITRx_SetConfig
                0x0800702e       0x34 ./Drivers/STM32F1xx_HAL_Driver/Src/stm32f1xx_hal_tim.o
 .text.TIM_ETR_SetConfig
                0x08007062       0x3e ./Drivers/STM32F1xx_HAL_Driver/Src/stm32f1xx_hal_tim.o
                0x08007062                TIM_ETR_SetConfig
 .text.TIM_CCxChannelCmd
                0x080070a0       0x48 ./Drivers/STM32F1xx_HAL_Driver/Src/stm32f1xx_hal_tim.o
                0x080070a0                TIM_CCxChannelCmd
 .text.HAL_TIMEx_MasterConfigSynchronization
                0x080070e8       0xbc ./Drivers/STM32F1xx_HAL_Driver/Src/stm32f1xx_hal_tim_ex.o
                0x080070e8                HAL_TIMEx_MasterConfigSynchronization
 .text.HAL_TIMEx_CommutCallback
                0x080071a4       0x12 ./Drivers/STM32F1xx_HAL_Driver/Src/stm32f1xx_hal_tim_ex.o
                0x080071a4                HAL_TIMEx_CommutCallback
 .text.HAL_TIMEx_BreakCallback
                0x080071b6       0x12 ./Drivers/STM32F1xx_HAL_Driver/Src/stm32f1xx_hal_tim_ex.o
                0x080071b6                HAL_TIMEx_BreakCallback
 .text.HAL_UART_Init
                0x080071c8       0xa0 ./Drivers/STM32F1xx_HAL_Driver/Src/stm32f1xx_hal_uart.o
                0x080071c8                HAL_UART_Init
 .text.HAL_UART_Transmit
                0x08007268      0x116 ./Drivers/STM32F1xx_HAL_Driver/Src/stm32f1xx_hal_uart.o
                0x08007268                HAL_UART_Transmit
 .text.HAL_UART_Receive_IT
                0x0800737e       0x4a ./Drivers/STM32F1xx_HAL_Driver/Src/stm32f1xx_hal_uart.o
                0x0800737e                HAL_UART_Receive_IT
 .text.HAL_UART_IRQHandler
                0x080073c8      0x524 ./Drivers/STM32F1xx_HAL_Driver/Src/stm32f1xx_hal_uart.o
                0x080073c8                HAL_UART_IRQHandler
 .text.HAL_UART_TxCpltCallback
                0x080078ec       0x12 ./Drivers/STM32F1xx_HAL_Driver/Src/stm32f1xx_hal_uart.o
                0x080078ec                HAL_UART_TxCpltCallback
 .text.HAL_UARTEx_RxEventCallback
                0x080078fe       0x16 ./Drivers/STM32F1xx_HAL_Driver/Src/stm32f1xx_hal_uart.o
                0x080078fe                HAL_UARTEx_RxEventCallback
 .text.UART_WaitOnFlagUntilTimeout
                0x08007914       0xb2 ./Drivers/STM32F1xx_HAL_Driver/Src/stm32f1xx_hal_uart.o
 .text.UART_Start_Receive_IT
                0x080079c6       0x72 ./Drivers/STM32F1xx_HAL_Driver/Src/stm32f1xx_hal_uart.o
                0x080079c6                UART_Start_Receive_IT
 .text.UART_EndRxTransfer
                0x08007a38       0xc4 ./Drivers/STM32F1xx_HAL_Driver/Src/stm32f1xx_hal_uart.o
 .text.UART_DMAAbortOnError
                0x08007afc       0x28 ./Drivers/STM32F1xx_HAL_Driver/Src/stm32f1xx_hal_uart.o
 .text.UART_Transmit_IT
                0x08007b24       0x9e ./Drivers/STM32F1xx_HAL_Driver/Src/stm32f1xx_hal_uart.o
 .text.UART_EndTransmit_IT
                0x08007bc2       0x30 ./Drivers/STM32F1xx_HAL_Driver/Src/stm32f1xx_hal_uart.o
 .text.UART_Receive_IT
                0x08007bf2      0x17c ./Drivers/STM32F1xx_HAL_Driver/Src/stm32f1xx_hal_uart.o
 *fill*         0x08007d6e        0x2 
 .text.UART_SetConfig
                0x08007d70      0x11c ./Drivers/STM32F1xx_HAL_Driver/Src/stm32f1xx_hal_uart.o
 .text.__itoa   0x08007e8c       0x30 C:/ST/STM32CubeIDE_2.1.1/STM32CubeIDE/plugins/com.st.stm32cube.ide.mcu.externaltools.gnu-tools-for-stm32.14.3.rel1.win32_1.0.100.202602081740/tools/bin/../lib/gcc/arm-none-eabi/14.3.1/../../../../arm-none-eabi/lib/thumb/v7-m/nofp\libc_nano.a(libc_a-itoa.o)
                0x08007e8c                __itoa
 .text.itoa     0x08007ebc        0x4 C:/ST/STM32CubeIDE_2.1.1/STM32CubeIDE/plugins/com.st.stm32cube.ide.mcu.externaltools.gnu-tools-for-stm32.14.3.rel1.win32_1.0.100.202602081740/tools/bin/../lib/gcc/arm-none-eabi/14.3.1/../../../../arm-none-eabi/lib/thumb/v7-m/nofp\libc_nano.a(libc_a-itoa.o)
                0x08007ebc                itoa
 .text.__utoa   0x08007ec0       0x84 C:/ST/STM32CubeIDE_2.1.1/STM32CubeIDE/plugins/com.st.stm32cube.ide.mcu.externaltools.gnu-tools-for-stm32.14.3.rel1.win32_1.0.100.202602081740/tools/bin/../lib/gcc/arm-none-eabi/14.3.1/../../../../arm-none-eabi/lib/thumb/v7-m/nofp\libc_nano.a(libc_a-utoa.o)
                0x08007ec0                __utoa
 .text.__cvt    0x08007f44       0xc8 C:/ST/STM32CubeIDE_2.1.1/STM32CubeIDE/plugins/com.st.stm32cube.ide.mcu.externaltools.gnu-tools-for-stm32.14.3.rel1.win32_1.0.100.202602081740/tools/bin/../lib/gcc/arm-none-eabi/14.3.1/../../../../arm-none-eabi/lib/thumb/v7-m/nofp\libc_nano.a(libc_a-nano-vfprintf_float.o)
                0x08007f44                __cvt
 .text.__exponent
                0x0800800c       0x74 C:/ST/STM32CubeIDE_2.1.1/STM32CubeIDE/plugins/com.st.stm32cube.ide.mcu.externaltools.gnu-tools-for-stm32.14.3.rel1.win32_1.0.100.202602081740/tools/bin/../lib/gcc/arm-none-eabi/14.3.1/../../../../arm-none-eabi/lib/thumb/v7-m/nofp\libc_nano.a(libc_a-nano-vfprintf_float.o)
                0x0800800c                __exponent
 .text._printf_float
                0x08008080      0x458 C:/ST/STM32CubeIDE_2.1.1/STM32CubeIDE/plugins/com.st.stm32cube.ide.mcu.externaltools.gnu-tools-for-stm32.14.3.rel1.win32_1.0.100.202602081740/tools/bin/../lib/gcc/arm-none-eabi/14.3.1/../../../../arm-none-eabi/lib/thumb/v7-m/nofp\libc_nano.a(libc_a-nano-vfprintf_float.o)
                0x08008080                _printf_float
 .text._printf_common
                0x080084d8       0xe4 C:/ST/STM32CubeIDE_2.1.1/STM32CubeIDE/plugins/com.st.stm32cube.ide.mcu.externaltools.gnu-tools-for-stm32.14.3.rel1.win32_1.0.100.202602081740/tools/bin/../lib/gcc/arm-none-eabi/14.3.1/../../../../arm-none-eabi/lib/thumb/v7-m/nofp\libc_nano.a(libc_a-nano-vfprintf_i.o)
                0x080084d8                _printf_common
 .text._printf_i
                0x080085bc      0x24c C:/ST/STM32CubeIDE_2.1.1/STM32CubeIDE/plugins/com.st.stm32cube.ide.mcu.externaltools.gnu-tools-for-stm32.14.3.rel1.win32_1.0.100.202602081740/tools/bin/../lib/gcc/arm-none-eabi/14.3.1/../../../../arm-none-eabi/lib/thumb/v7-m/nofp\libc_nano.a(libc_a-nano-vfprintf_i.o)
                0x080085bc                _printf_i
 .text.std      0x08008808       0x6c C:/ST/STM32CubeIDE_2.1.1/STM32CubeIDE/plugins/com.st.stm32cube.ide.mcu.externaltools.gnu-tools-for-stm32.14.3.rel1.win32_1.0.100.202602081740/tools/bin/../lib/gcc/arm-none-eabi/14.3.1/../../../../arm-none-eabi/lib/thumb/v7-m/nofp\libc_nano.a(libc_a-findfp.o)
 .text.stdio_exit_handler
                0x08008874       0x18 C:/ST/STM32CubeIDE_2.1.1/STM32CubeIDE/plugins/com.st.stm32cube.ide.mcu.externaltools.gnu-tools-for-stm32.14.3.rel1.win32_1.0.100.202602081740/tools/bin/../lib/gcc/arm-none-eabi/14.3.1/../../../../arm-none-eabi/lib/thumb/v7-m/nofp\libc_nano.a(libc_a-findfp.o)
 .text.cleanup_stdio
                0x0800888c       0x40 C:/ST/STM32CubeIDE_2.1.1/STM32CubeIDE/plugins/com.st.stm32cube.ide.mcu.externaltools.gnu-tools-for-stm32.14.3.rel1.win32_1.0.100.202602081740/tools/bin/../lib/gcc/arm-none-eabi/14.3.1/../../../../arm-none-eabi/lib/thumb/v7-m/nofp\libc_nano.a(libc_a-findfp.o)
 .text.global_stdio_init.part.0
                0x080088cc       0x40 C:/ST/STM32CubeIDE_2.1.1/STM32CubeIDE/plugins/com.st.stm32cube.ide.mcu.externaltools.gnu-tools-for-stm32.14.3.rel1.win32_1.0.100.202602081740/tools/bin/../lib/gcc/arm-none-eabi/14.3.1/../../../../arm-none-eabi/lib/thumb/v7-m/nofp\libc_nano.a(libc_a-findfp.o)
 .text.__sfp_lock_acquire
                0x0800890c        0xc C:/ST/STM32CubeIDE_2.1.1/STM32CubeIDE/plugins/com.st.stm32cube.ide.mcu.externaltools.gnu-tools-for-stm32.14.3.rel1.win32_1.0.100.202602081740/tools/bin/../lib/gcc/arm-none-eabi/14.3.1/../../../../arm-none-eabi/lib/thumb/v7-m/nofp\libc_nano.a(libc_a-findfp.o)
                0x0800890c                __sfp_lock_acquire
 .text.__sfp_lock_release
                0x08008918        0xc C:/ST/STM32CubeIDE_2.1.1/STM32CubeIDE/plugins/com.st.stm32cube.ide.mcu.externaltools.gnu-tools-for-stm32.14.3.rel1.win32_1.0.100.202602081740/tools/bin/../lib/gcc/arm-none-eabi/14.3.1/../../../../arm-none-eabi/lib/thumb/v7-m/nofp\libc_nano.a(libc_a-findfp.o)
                0x08008918                __sfp_lock_release
 .text.__sinit  0x08008924       0x30 C:/ST/STM32CubeIDE_2.1.1/STM32CubeIDE/plugins/com.st.stm32cube.ide.mcu.externaltools.gnu-tools-for-stm32.14.3.rel1.win32_1.0.100.202602081740/tools/bin/../lib/gcc/arm-none-eabi/14.3.1/../../../../arm-none-eabi/lib/thumb/v7-m/nofp\libc_nano.a(libc_a-findfp.o)
                0x08008924                __sinit
 .text._fwalk_sglue
                0x08008954       0x3c C:/ST/STM32CubeIDE_2.1.1/STM32CubeIDE/plugins/com.st.stm32cube.ide.mcu.externaltools.gnu-tools-for-stm32.14.3.rel1.win32_1.0.100.202602081740/tools/bin/../lib/gcc/arm-none-eabi/14.3.1/../../../../arm-none-eabi/lib/thumb/v7-m/nofp\libc_nano.a(libc_a-fwalk.o)
                0x08008954                _fwalk_sglue
 .text.sprintf  0x08008990       0x44 C:/ST/STM32CubeIDE_2.1.1/STM32CubeIDE/plugins/com.st.stm32cube.ide.mcu.externaltools.gnu-tools-for-stm32.14.3.rel1.win32_1.0.100.202602081740/tools/bin/../lib/gcc/arm-none-eabi/14.3.1/../../../../arm-none-eabi/lib/thumb/v7-m/nofp\libc_nano.a(libc_a-sprintf.o)
                0x08008990                siprintf
                0x08008990                sprintf
 .text.__sread  0x080089d4       0x22 C:/ST/STM32CubeIDE_2.1.1/STM32CubeIDE/plugins/com.st.stm32cube.ide.mcu.externaltools.gnu-tools-for-stm32.14.3.rel1.win32_1.0.100.202602081740/tools/bin/../lib/gcc/arm-none-eabi/14.3.1/../../../../arm-none-eabi/lib/thumb/v7-m/nofp\libc_nano.a(libc_a-stdio.o)
                0x080089d4                __sread
 .text.__swrite
                0x080089f6       0x38 C:/ST/STM32CubeIDE_2.1.1/STM32CubeIDE/plugins/com.st.stm32cube.ide.mcu.externaltools.gnu-tools-for-stm32.14.3.rel1.win32_1.0.100.202602081740/tools/bin/../lib/gcc/arm-none-eabi/14.3.1/../../../../arm-none-eabi/lib/thumb/v7-m/nofp\libc_nano.a(libc_a-stdio.o)
                0x080089f6                __swrite
 .text.__sseek  0x08008a2e       0x26 C:/ST/STM32CubeIDE_2.1.1/STM32CubeIDE/plugins/com.st.stm32cube.ide.mcu.externaltools.gnu-tools-for-stm32.14.3.rel1.win32_1.0.100.202602081740/tools/bin/../lib/gcc/arm-none-eabi/14.3.1/../../../../arm-none-eabi/lib/thumb/v7-m/nofp\libc_nano.a(libc_a-stdio.o)
                0x08008a2e                __sseek
 .text.__sclose
                0x08008a54        0x8 C:/ST/STM32CubeIDE_2.1.1/STM32CubeIDE/plugins/com.st.stm32cube.ide.mcu.externaltools.gnu-tools-for-stm32.14.3.rel1.win32_1.0.100.202602081740/tools/bin/../lib/gcc/arm-none-eabi/14.3.1/../../../../arm-none-eabi/lib/thumb/v7-m/nofp\libc_nano.a(libc_a-stdio.o)
                0x08008a54                __sclose
 .text.memset   0x08008a5c       0x10 C:/ST/STM32CubeIDE_2.1.1/STM32CubeIDE/plugins/com.st.stm32cube.ide.mcu.externaltools.gnu-tools-for-stm32.14.3.rel1.win32_1.0.100.202602081740/tools/bin/../lib/gcc/arm-none-eabi/14.3.1/../../../../arm-none-eabi/lib/thumb/v7-m/nofp\libc_nano.a(libc_a-memset.o)
                0x08008a5c                memset
 .text.strncpy  0x08008a6c       0x26 C:/ST/STM32CubeIDE_2.1.1/STM32CubeIDE/plugins/com.st.stm32cube.ide.mcu.externaltools.gnu-tools-for-stm32.14.3.rel1.win32_1.0.100.202602081740/tools/bin/../lib/gcc/arm-none-eabi/14.3.1/../../../../arm-none-eabi/lib/thumb/v7-m/nofp\libc_nano.a(libc_a-strncpy.o)
                0x08008a6c                strncpy
 *fill*         0x08008a92        0x2 
 .text._localeconv_r
                0x08008a94        0x8 C:/ST/STM32CubeIDE_2.1.1/STM32CubeIDE/plugins/com.st.stm32cube.ide.mcu.externaltools.gnu-tools-for-stm32.14.3.rel1.win32_1.0.100.202602081740/tools/bin/../lib/gcc/arm-none-eabi/14.3.1/../../../../arm-none-eabi/lib/thumb/v7-m/nofp\libc_nano.a(libc_a-localeconv.o)
                0x08008a94                _localeconv_r
 .text._close_r
                0x08008a9c       0x20 C:/ST/STM32CubeIDE_2.1.1/STM32CubeIDE/plugins/com.st.stm32cube.ide.mcu.externaltools.gnu-tools-for-stm32.14.3.rel1.win32_1.0.100.202602081740/tools/bin/../lib/gcc/arm-none-eabi/14.3.1/../../../../arm-none-eabi/lib/thumb/v7-m/nofp\libc_nano.a(libc_a-closer.o)
                0x08008a9c                _close_r
 .text._lseek_r
                0x08008abc       0x24 C:/ST/STM32CubeIDE_2.1.1/STM32CubeIDE/plugins/com.st.stm32cube.ide.mcu.externaltools.gnu-tools-for-stm32.14.3.rel1.win32_1.0.100.202602081740/tools/bin/../lib/gcc/arm-none-eabi/14.3.1/../../../../arm-none-eabi/lib/thumb/v7-m/nofp\libc_nano.a(libc_a-lseekr.o)
                0x08008abc                _lseek_r
 .text._read_r  0x08008ae0       0x24 C:/ST/STM32CubeIDE_2.1.1/STM32CubeIDE/plugins/com.st.stm32cube.ide.mcu.externaltools.gnu-tools-for-stm32.14.3.rel1.win32_1.0.100.202602081740/tools/bin/../lib/gcc/arm-none-eabi/14.3.1/../../../../arm-none-eabi/lib/thumb/v7-m/nofp\libc_nano.a(libc_a-readr.o)
                0x08008ae0                _read_r
 .text._write_r
                0x08008b04       0x24 C:/ST/STM32CubeIDE_2.1.1/STM32CubeIDE/plugins/com.st.stm32cube.ide.mcu.externaltools.gnu-tools-for-stm32.14.3.rel1.win32_1.0.100.202602081740/tools/bin/../lib/gcc/arm-none-eabi/14.3.1/../../../../arm-none-eabi/lib/thumb/v7-m/nofp\libc_nano.a(libc_a-writer.o)
                0x08008b04                _write_r
 .text.__errno  0x08008b28        0xc C:/ST/STM32CubeIDE_2.1.1/STM32CubeIDE/plugins/com.st.stm32cube.ide.mcu.externaltools.gnu-tools-for-stm32.14.3.rel1.win32_1.0.100.202602081740/tools/bin/../lib/gcc/arm-none-eabi/14.3.1/../../../../arm-none-eabi/lib/thumb/v7-m/nofp\libc_nano.a(libc_a-errno.o)
                0x08008b28                __errno
 .text.__libc_init_array
                0x08008b34       0x48 C:/ST/STM32CubeIDE_2.1.1/STM32CubeIDE/plugins/com.st.stm32cube.ide.mcu.externaltools.gnu-tools-for-stm32.14.3.rel1.win32_1.0.100.202602081740/tools/bin/../lib/gcc/arm-none-eabi/14.3.1/../../../../arm-none-eabi/lib/thumb/v7-m/nofp\libc_nano.a(libc_a-init.o)
                0x08008b34                __libc_init_array
 .text.__retarget_lock_init_recursive
                0x08008b7c        0x2 C:/ST/STM32CubeIDE_2.1.1/STM32CubeIDE/plugins/com.st.stm32cube.ide.mcu.externaltools.gnu-tools-for-stm32.14.3.rel1.win32_1.0.100.202602081740/tools/bin/../lib/gcc/arm-none-eabi/14.3.1/../../../../arm-none-eabi/lib/thumb/v7-m/nofp\libc_nano.a(libc_a-lock.o)
                0x08008b7c                __retarget_lock_init_recursive
 .text.__retarget_lock_acquire_recursive
                0x08008b7e        0x2 C:/ST/STM32CubeIDE_2.1.1/STM32CubeIDE/plugins/com.st.stm32cube.ide.mcu.externaltools.gnu-tools-for-stm32.14.3.rel1.win32_1.0.100.202602081740/tools/bin/../lib/gcc/arm-none-eabi/14.3.1/../../../../arm-none-eabi/lib/thumb/v7-m/nofp\libc_nano.a(libc_a-lock.o)
                0x08008b7e                __retarget_lock_acquire_recursive
 .text.__retarget_lock_release_recursive
                0x08008b80        0x2 C:/ST/STM32CubeIDE_2.1.1/STM32CubeIDE/plugins/com.st.stm32cube.ide.mcu.externaltools.gnu-tools-for-stm32.14.3.rel1.win32_1.0.100.202602081740/tools/bin/../lib/gcc/arm-none-eabi/14.3.1/../../../../arm-none-eabi/lib/thumb/v7-m/nofp\libc_nano.a(libc_a-lock.o)
                0x08008b80                __retarget_lock_release_recursive
 .text.memchr   0x08008b82       0x1c C:/ST/STM32CubeIDE_2.1.1/STM32CubeIDE/plugins/com.st.stm32cube.ide.mcu.externaltools.gnu-tools-for-stm32.14.3.rel1.win32_1.0.100.202602081740/tools/bin/../lib/gcc/arm-none-eabi/14.3.1/../../../../arm-none-eabi/lib/thumb/v7-m/nofp\libc_nano.a(libc_a-memchr-stub.o)
                0x08008b82                memchr
 .text.memcpy   0x08008b9e       0x1c C:/ST/STM32CubeIDE_2.1.1/STM32CubeIDE/plugins/com.st.stm32cube.ide.mcu.externaltools.gnu-tools-for-stm32.14.3.rel1.win32_1.0.100.202602081740/tools/bin/../lib/gcc/arm-none-eabi/14.3.1/../../../../arm-none-eabi/lib/thumb/v7-m/nofp\libc_nano.a(libc_a-memcpy-stub.o)
                0x08008b9e                memcpy
 .text.quorem   0x08008bba      0x110 C:/ST/STM32CubeIDE_2.1.1/STM32CubeIDE/plugins/com.st.stm32cube.ide.mcu.externaltools.gnu-tools-for-stm32.14.3.rel1.win32_1.0.100.202602081740/tools/bin/../lib/gcc/arm-none-eabi/14.3.1/../../../../arm-none-eabi/lib/thumb/v7-m/nofp\libc_nano.a(libc_a-dtoa.o)
 *fill*         0x08008cca        0x6 
 .text._dtoa_r  0x08008cd0      0xbcc C:/ST/STM32CubeIDE_2.1.1/STM32CubeIDE/plugins/com.st.stm32cube.ide.mcu.externaltools.gnu-tools-for-stm32.14.3.rel1.win32_1.0.100.202602081740/tools/bin/../lib/gcc/arm-none-eabi/14.3.1/../../../../arm-none-eabi/lib/thumb/v7-m/nofp\libc_nano.a(libc_a-dtoa.o)
                0x08008cd0                _dtoa_r
 .text._free_r  0x0800989c       0x90 C:/ST/STM32CubeIDE_2.1.1/STM32CubeIDE/plugins/com.st.stm32cube.ide.mcu.externaltools.gnu-tools-for-stm32.14.3.rel1.win32_1.0.100.202602081740/tools/bin/../lib/gcc/arm-none-eabi/14.3.1/../../../../arm-none-eabi/lib/thumb/v7-m/nofp\libc_nano.a(libc_a-freer.o)
                0x0800989c                _free_r
 .text.malloc   0x0800992c       0x10 C:/ST/STM32CubeIDE_2.1.1/STM32CubeIDE/plugins/com.st.stm32cube.ide.mcu.externaltools.gnu-tools-for-stm32.14.3.rel1.win32_1.0.100.202602081740/tools/bin/../lib/gcc/arm-none-eabi/14.3.1/../../../../arm-none-eabi/lib/thumb/v7-m/nofp\libc_nano.a(libc_a-malloc.o)
                0x0800992c                malloc
 .text.sbrk_aligned
                0x0800993c       0x44 C:/ST/STM32CubeIDE_2.1.1/STM32CubeIDE/plugins/com.st.stm32cube.ide.mcu.externaltools.gnu-tools-for-stm32.14.3.rel1.win32_1.0.100.202602081740/tools/bin/../lib/gcc/arm-none-eabi/14.3.1/../../../../arm-none-eabi/lib/thumb/v7-m/nofp\libc_nano.a(libc_a-mallocr.o)
 .text._malloc_r
                0x08009980      0x100 C:/ST/STM32CubeIDE_2.1.1/STM32CubeIDE/plugins/com.st.stm32cube.ide.mcu.externaltools.gnu-tools-for-stm32.14.3.rel1.win32_1.0.100.202602081740/tools/bin/../lib/gcc/arm-none-eabi/14.3.1/../../../../arm-none-eabi/lib/thumb/v7-m/nofp\libc_nano.a(libc_a-mallocr.o)
                0x08009980                _malloc_r
 .text.__malloc_lock
                0x08009a80        0xc C:/ST/STM32CubeIDE_2.1.1/STM32CubeIDE/plugins/com.st.stm32cube.ide.mcu.externaltools.gnu-tools-for-stm32.14.3.rel1.win32_1.0.100.202602081740/tools/bin/../lib/gcc/arm-none-eabi/14.3.1/../../../../arm-none-eabi/lib/thumb/v7-m/nofp\libc_nano.a(libc_a-mlock.o)
                0x08009a80                __malloc_lock
 .text.__malloc_unlock
                0x08009a8c        0xc C:/ST/STM32CubeIDE_2.1.1/STM32CubeIDE/plugins/com.st.stm32cube.ide.mcu.externaltools.gnu-tools-for-stm32.14.3.rel1.win32_1.0.100.202602081740/tools/bin/../lib/gcc/arm-none-eabi/14.3.1/../../../../arm-none-eabi/lib/thumb/v7-m/nofp\libc_nano.a(libc_a-mlock.o)
                0x08009a8c                __malloc_unlock
 .text._Balloc  0x08009a98       0x7c C:/ST/STM32CubeIDE_2.1.1/STM32CubeIDE/plugins/com.st.stm32cube.ide.mcu.externaltools.gnu-tools-for-stm32.14.3.rel1.win32_1.0.100.202602081740/tools/bin/../lib/gcc/arm-none-eabi/14.3.1/../../../../arm-none-eabi/lib/thumb/v7-m/nofp\libc_nano.a(libc_a-mprec.o)
                0x08009a98                _Balloc
 .text._Bfree   0x08009b14       0x44 C:/ST/STM32CubeIDE_2.1.1/STM32CubeIDE/plugins/com.st.stm32cube.ide.mcu.externaltools.gnu-tools-for-stm32.14.3.rel1.win32_1.0.100.202602081740/tools/bin/../lib/gcc/arm-none-eabi/14.3.1/../../../../arm-none-eabi/lib/thumb/v7-m/nofp\libc_nano.a(libc_a-mprec.o)
                0x08009b14                _Bfree
 .text.__multadd
                0x08009b58       0x8c C:/ST/STM32CubeIDE_2.1.1/STM32CubeIDE/plugins/com.st.stm32cube.ide.mcu.externaltools.gnu-tools-for-stm32.14.3.rel1.win32_1.0.100.202602081740/tools/bin/../lib/gcc/arm-none-eabi/14.3.1/../../../../arm-none-eabi/lib/thumb/v7-m/nofp\libc_nano.a(libc_a-mprec.o)
                0x08009b58                __multadd
 .text.__hi0bits
                0x08009be4       0x3e C:/ST/STM32CubeIDE_2.1.1/STM32CubeIDE/plugins/com.st.stm32cube.ide.mcu.externaltools.gnu-tools-for-stm32.14.3.rel1.win32_1.0.100.202602081740/tools/bin/../lib/gcc/arm-none-eabi/14.3.1/../../../../arm-none-eabi/lib/thumb/v7-m/nofp\libc_nano.a(libc_a-mprec.o)
                0x08009be4                __hi0bits
 .text.__lo0bits
                0x08009c22       0x5a C:/ST/STM32CubeIDE_2.1.1/STM32CubeIDE/plugins/com.st.stm32cube.ide.mcu.externaltools.gnu-tools-for-stm32.14.3.rel1.win32_1.0.100.202602081740/tools/bin/../lib/gcc/arm-none-eabi/14.3.1/../../../../arm-none-eabi/lib/thumb/v7-m/nofp\libc_nano.a(libc_a-mprec.o)
                0x08009c22                __lo0bits
 .text.__i2b    0x08009c7c       0x2c C:/ST/STM32CubeIDE_2.1.1/STM32CubeIDE/plugins/com.st.stm32cube.ide.mcu.externaltools.gnu-tools-for-stm32.14.3.rel1.win32_1.0.100.202602081740/tools/bin/../lib/gcc/arm-none-eabi/14.3.1/../../../../arm-none-eabi/lib/thumb/v7-m/nofp\libc_nano.a(libc_a-mprec.o)
                0x08009c7c                __i2b
 .text.__multiply
                0x08009ca8      0x150 C:/ST/STM32CubeIDE_2.1.1/STM32CubeIDE/plugins/com.st.stm32cube.ide.mcu.externaltools.gnu-tools-for-stm32.14.3.rel1.win32_1.0.100.202602081740/tools/bin/../lib/gcc/arm-none-eabi/14.3.1/../../../../arm-none-eabi/lib/thumb/v7-m/nofp\libc_nano.a(libc_a-mprec.o)
                0x08009ca8                __multiply
 .text.__pow5mult
                0x08009df8       0xb8 C:/ST/STM32CubeIDE_2.1.1/STM32CubeIDE/plugins/com.st.stm32cube.ide.mcu.externaltools.gnu-tools-for-stm32.14.3.rel1.win32_1.0.100.202602081740/tools/bin/../lib/gcc/arm-none-eabi/14.3.1/../../../../arm-none-eabi/lib/thumb/v7-m/nofp\libc_nano.a(libc_a-mprec.o)
                0x08009df8                __pow5mult
 .text.__lshift
                0x08009eb0       0xd8 C:/ST/STM32CubeIDE_2.1.1/STM32CubeIDE/plugins/com.st.stm32cube.ide.mcu.externaltools.gnu-tools-for-stm32.14.3.rel1.win32_1.0.100.202602081740/tools/bin/../lib/gcc/arm-none-eabi/14.3.1/../../../../arm-none-eabi/lib/thumb/v7-m/nofp\libc_nano.a(libc_a-mprec.o)
                0x08009eb0                __lshift
 .text.__mcmp   0x08009f88       0x36 C:/ST/STM32CubeIDE_2.1.1/STM32CubeIDE/plugins/com.st.stm32cube.ide.mcu.externaltools.gnu-tools-for-stm32.14.3.rel1.win32_1.0.100.202602081740/tools/bin/../lib/gcc/arm-none-eabi/14.3.1/../../../../arm-none-eabi/lib/thumb/v7-m/nofp\libc_nano.a(libc_a-mprec.o)
                0x08009f88                __mcmp
 *fill*         0x08009fbe        0x2 
 .text.__mdiff  0x08009fc0      0x130 C:/ST/STM32CubeIDE_2.1.1/STM32CubeIDE/plugins/com.st.stm32cube.ide.mcu.externaltools.gnu-tools-for-stm32.14.3.rel1.win32_1.0.100.202602081740/tools/bin/../lib/gcc/arm-none-eabi/14.3.1/../../../../arm-none-eabi/lib/thumb/v7-m/nofp\libc_nano.a(libc_a-mprec.o)
                0x08009fc0                __mdiff
 .text.__d2b    0x0800a0f0       0xb0 C:/ST/STM32CubeIDE_2.1.1/STM32CubeIDE/plugins/com.st.stm32cube.ide.mcu.externaltools.gnu-tools-for-stm32.14.3.rel1.win32_1.0.100.202602081740/tools/bin/../lib/gcc/arm-none-eabi/14.3.1/../../../../arm-none-eabi/lib/thumb/v7-m/nofp\libc_nano.a(libc_a-mprec.o)
                0x0800a0f0                __d2b
 .text.__ssputs_r
                0x0800a1a0       0xc0 C:/ST/STM32CubeIDE_2.1.1/STM32CubeIDE/plugins/com.st.stm32cube.ide.mcu.externaltools.gnu-tools-for-stm32.14.3.rel1.win32_1.0.100.202602081740/tools/bin/../lib/gcc/arm-none-eabi/14.3.1/../../../../arm-none-eabi/lib/thumb/v7-m/nofp\libc_nano.a(libc_a-nano-svfprintf.o)
                0x0800a1a0                __ssputs_r
 .text._svfprintf_r
                0x0800a260      0x1f0 C:/ST/STM32CubeIDE_2.1.1/STM32CubeIDE/plugins/com.st.stm32cube.ide.mcu.externaltools.gnu-tools-for-stm32.14.3.rel1.win32_1.0.100.202602081740/tools/bin/../lib/gcc/arm-none-eabi/14.3.1/../../../../arm-none-eabi/lib/thumb/v7-m/nofp\libc_nano.a(libc_a-nano-svfprintf.o)
                0x0800a260                _svfiprintf_r
                0x0800a260                _svfprintf_r
 .text.__sflush_r
                0x0800a450       0xfc C:/ST/STM32CubeIDE_2.1.1/STM32CubeIDE/plugins/com.st.stm32cube.ide.mcu.externaltools.gnu-tools-for-stm32.14.3.rel1.win32_1.0.100.202602081740/tools/bin/../lib/gcc/arm-none-eabi/14.3.1/../../../../arm-none-eabi/lib/thumb/v7-m/nofp\libc_nano.a(libc_a-fflush.o)
                0x0800a450                __sflush_r
 .text._fflush_r
                0x0800a54c       0x50 C:/ST/STM32CubeIDE_2.1.1/STM32CubeIDE/plugins/com.st.stm32cube.ide.mcu.externaltools.gnu-tools-for-stm32.14.3.rel1.win32_1.0.100.202602081740/tools/bin/../lib/gcc/arm-none-eabi/14.3.1/../../../../arm-none-eabi/lib/thumb/v7-m/nofp\libc_nano.a(libc_a-fflush.o)
                0x0800a54c                _fflush_r
 .text.memmove  0x0800a59c       0x32 C:/ST/STM32CubeIDE_2.1.1/STM32CubeIDE/plugins/com.st.stm32cube.ide.mcu.externaltools.gnu-tools-for-stm32.14.3.rel1.win32_1.0.100.202602081740/tools/bin/../lib/gcc/arm-none-eabi/14.3.1/../../../../arm-none-eabi/lib/thumb/v7-m/nofp\libc_nano.a(libc_a-memmove.o)
                0x0800a59c                memmove
 *fill*         0x0800a5ce        0x2 
 .text._sbrk_r  0x0800a5d0       0x20 C:/ST/STM32CubeIDE_2.1.1/STM32CubeIDE/plugins/com.st.stm32cube.ide.mcu.externaltools.gnu-tools-for-stm32.14.3.rel1.win32_1.0.100.202602081740/tools/bin/../lib/gcc/arm-none-eabi/14.3.1/../../../../arm-none-eabi/lib/thumb/v7-m/nofp\libc_nano.a(libc_a-sbrkr.o)
                0x0800a5d0                _sbrk_r
 .text.__assert_func
                0x0800a5f0       0x3c C:/ST/STM32CubeIDE_2.1.1/STM32CubeIDE/plugins/com.st.stm32cube.ide.mcu.externaltools.gnu-tools-for-stm32.14.3.rel1.win32_1.0.100.202602081740/tools/bin/../lib/gcc/arm-none-eabi/14.3.1/../../../../arm-none-eabi/lib/thumb/v7-m/nofp\libc_nano.a(libc_a-assert.o)
                0x0800a5f0                __assert_func
 .text._calloc_r
                0x0800a62c       0x28 C:/ST/STM32CubeIDE_2.1.1/STM32CubeIDE/plugins/com.st.stm32cube.ide.mcu.externaltools.gnu-tools-for-stm32.14.3.rel1.win32_1.0.100.202602081740/tools/bin/../lib/gcc/arm-none-eabi/14.3.1/../../../../arm-none-eabi/lib/thumb/v7-m/nofp\libc_nano.a(libc_a-callocr.o)
                0x0800a62c                _calloc_r
 .text.__ascii_mbtowc
                0x0800a654       0x24 C:/ST/STM32CubeIDE_2.1.1/STM32CubeIDE/plugins/com.st.stm32cube.ide.mcu.externaltools.gnu-tools-for-stm32.14.3.rel1.win32_1.0.100.202602081740/tools/bin/../lib/gcc/arm-none-eabi/14.3.1/../../../../arm-none-eabi/lib/thumb/v7-m/nofp\libc_nano.a(libc_a-mbtowc_r.o)
                0x0800a654                __ascii_mbtowc
 .text._realloc_r
                0x0800a678       0x5c C:/ST/STM32CubeIDE_2.1.1/STM32CubeIDE/plugins/com.st.stm32cube.ide.mcu.externaltools.gnu-tools-for-stm32.14.3.rel1.win32_1.0.100.202602081740/tools/bin/../lib/gcc/arm-none-eabi/14.3.1/../../../../arm-none-eabi/lib/thumb/v7-m/nofp\libc_nano.a(libc_a-reallocr.o)
                0x0800a678                _realloc_r
 .text.__ascii_wctomb
                0x0800a6d4       0x1a C:/ST/STM32CubeIDE_2.1.1/STM32CubeIDE/plugins/com.st.stm32cube.ide.mcu.externaltools.gnu-tools-for-stm32.14.3.rel1.win32_1.0.100.202602081740/tools/bin/../lib/gcc/arm-none-eabi/14.3.1/../../../../arm-none-eabi/lib/thumb/v7-m/nofp\libc_nano.a(libc_a-wctomb_r.o)
                0x0800a6d4                __ascii_wctomb
 *fill*         0x0800a6ee        0x2 
 .text.fprintf  0x0800a6f0       0x24 C:/ST/STM32CubeIDE_2.1.1/STM32CubeIDE/plugins/com.st.stm32cube.ide.mcu.externaltools.gnu-tools-for-stm32.14.3.rel1.win32_1.0.100.202602081740/tools/bin/../lib/gcc/arm-none-eabi/14.3.1/../../../../arm-none-eabi/lib/thumb/v7-m/nofp\libc_nano.a(libc_a-fprintf.o)
                0x0800a6f0                fiprintf
                0x0800a6f0                fprintf
 .text.abort    0x0800a714        0xe C:/ST/STM32CubeIDE_2.1.1/STM32CubeIDE/plugins/com.st.stm32cube.ide.mcu.externaltools.gnu-tools-for-stm32.14.3.rel1.win32_1.0.100.202602081740/tools/bin/../lib/gcc/arm-none-eabi/14.3.1/../../../../arm-none-eabi/lib/thumb/v7-m/nofp\libc_nano.a(libc_a-abort.o)
                0x0800a714                abort
 .text._malloc_usable_size_r
                0x0800a722       0x10 C:/ST/STM32CubeIDE_2.1.1/STM32CubeIDE/plugins/com.st.stm32cube.ide.mcu.externaltools.gnu-tools-for-stm32.14.3.rel1.win32_1.0.100.202602081740/tools/bin/../lib/gcc/arm-none-eabi/14.3.1/../../../../arm-none-eabi/lib/thumb/v7-m/nofp\libc_nano.a(libc_a-msizer.o)
                0x0800a722                _malloc_usable_size_r
 .text.__sfputc_r
                0x0800a732       0x2a C:/ST/STM32CubeIDE_2.1.1/STM32CubeIDE/plugins/com.st.stm32cube.ide.mcu.externaltools.gnu-tools-for-stm32.14.3.rel1.win32_1.0.100.202602081740/tools/bin/../lib/gcc/arm-none-eabi/14.3.1/../../../../arm-none-eabi/lib/thumb/v7-m/nofp\libc_nano.a(libc_a-nano-vfprintf.o)
 .text.__sfputs_r
                0x0800a75c       0x24 C:/ST/STM32CubeIDE_2.1.1/STM32CubeIDE/plugins/com.st.stm32cube.ide.mcu.externaltools.gnu-tools-for-stm32.14.3.rel1.win32_1.0.100.202602081740/tools/bin/../lib/gcc/arm-none-eabi/14.3.1/../../../../arm-none-eabi/lib/thumb/v7-m/nofp\libc_nano.a(libc_a-nano-vfprintf.o)
                0x0800a75c                __sfputs_r
 .text._vfprintf_r
                0x0800a780      0x228 C:/ST/STM32CubeIDE_2.1.1/STM32CubeIDE/plugins/com.st.stm32cube.ide.mcu.externaltools.gnu-tools-for-stm32.14.3.rel1.win32_1.0.100.202602081740/tools/bin/../lib/gcc/arm-none-eabi/14.3.1/../../../../arm-none-eabi/lib/thumb/v7-m/nofp\libc_nano.a(libc_a-nano-vfprintf.o)
                0x0800a780                _vfprintf_r
                0x0800a780                _vfiprintf_r
 .text.__swbuf_r
                0x0800a9a8       0x7c C:/ST/STM32CubeIDE_2.1.1/STM32CubeIDE/plugins/com.st.stm32cube.ide.mcu.externaltools.gnu-tools-for-stm32.14.3.rel1.win32_1.0.100.202602081740/tools/bin/../lib/gcc/arm-none-eabi/14.3.1/../../../../arm-none-eabi/lib/thumb/v7-m/nofp\libc_nano.a(libc_a-wbuf.o)
                0x0800a9a8                __swbuf_r
 .text.__swsetup_r
                0x0800aa24       0xa8 C:/ST/STM32CubeIDE_2.1.1/STM32CubeIDE/plugins/com.st.stm32cube.ide.mcu.externaltools.gnu-tools-for-stm32.14.3.rel1.win32_1.0.100.202602081740/tools/bin/../lib/gcc/arm-none-eabi/14.3.1/../../../../arm-none-eabi/lib/thumb/v7-m/nofp\libc_nano.a(libc_a-wsetup.o)
                0x0800aa24                __swsetup_r
 .text._raise_r
                0x0800aacc       0x50 C:/ST/STM32CubeIDE_2.1.1/STM32CubeIDE/plugins/com.st.stm32cube.ide.mcu.externaltools.gnu-tools-for-stm32.14.3.rel1.win32_1.0.100.202602081740/tools/bin/../lib/gcc/arm-none-eabi/14.3.1/../../../../arm-none-eabi/lib/thumb/v7-m/nofp\libc_nano.a(libc_a-signal.o)
                0x0800aacc                _raise_r
 .text.raise    0x0800ab1c       0x10 C:/ST/STM32CubeIDE_2.1.1/STM32CubeIDE/plugins/com.st.stm32cube.ide.mcu.externaltools.gnu-tools-for-stm32.14.3.rel1.win32_1.0.100.202602081740/tools/bin/../lib/gcc/arm-none-eabi/14.3.1/../../../../arm-none-eabi/lib/thumb/v7-m/nofp\libc_nano.a(libc_a-signal.o)
                0x0800ab1c                raise
 .text._kill_r  0x0800ab2c       0x24 C:/ST/STM32CubeIDE_2.1.1/STM32CubeIDE/plugins/com.st.stm32cube.ide.mcu.externaltools.gnu-tools-for-stm32.14.3.rel1.win32_1.0.100.202602081740/tools/bin/../lib/gcc/arm-none-eabi/14.3.1/../../../../arm-none-eabi/lib/thumb/v7-m/nofp\libc_nano.a(libc_a-signalr.o)
                0x0800ab2c                _kill_r
 .text._getpid_r
                0x0800ab50        0x4 C:/ST/STM32CubeIDE_2.1.1/STM32CubeIDE/plugins/com.st.stm32cube.ide.mcu.externaltools.gnu-tools-for-stm32.14.3.rel1.win32_1.0.100.202602081740/tools/bin/../lib/gcc/arm-none-eabi/14.3.1/../../../../arm-none-eabi/lib/thumb/v7-m/nofp\libc_nano.a(libc_a-signalr.o)
                0x0800ab50                _getpid_r
 .text.__swhatbuf_r
                0x0800ab54       0x48 C:/ST/STM32CubeIDE_2.1.1/STM32CubeIDE/plugins/com.st.stm32cube.ide.mcu.externaltools.gnu-tools-for-stm32.14.3.rel1.win32_1.0.100.202602081740/tools/bin/../lib/gcc/arm-none-eabi/14.3.1/../../../../arm-none-eabi/lib/thumb/v7-m/nofp\libc_nano.a(libc_a-makebuf.o)
                0x0800ab54                __swhatbuf_r
 .text.__smakebuf_r
                0x0800ab9c       0x72 C:/ST/STM32CubeIDE_2.1.1/STM32CubeIDE/plugins/com.st.stm32cube.ide.mcu.externaltools.gnu-tools-for-stm32.14.3.rel1.win32_1.0.100.202602081740/tools/bin/../lib/gcc/arm-none-eabi/14.3.1/../../../../arm-none-eabi/lib/thumb/v7-m/nofp\libc_nano.a(libc_a-makebuf.o)
                0x0800ab9c                __smakebuf_r
 *fill*         0x0800ac0e        0x2 
 .text._fstat_r
                0x0800ac10       0x24 C:/ST/STM32CubeIDE_2.1.1/STM32CubeIDE/plugins/com.st.stm32cube.ide.mcu.externaltools.gnu-tools-for-stm32.14.3.rel1.win32_1.0.100.202602081740/tools/bin/../lib/gcc/arm-none-eabi/14.3.1/../../../../arm-none-eabi/lib/thumb/v7-m/nofp\libc_nano.a(libc_a-fstatr.o)
                0x0800ac10                _fstat_r
 .text._isatty_r
                0x0800ac34       0x20 C:/ST/STM32CubeIDE_2.1.1/STM32CubeIDE/plugins/com.st.stm32cube.ide.mcu.externaltools.gnu-tools-for-stm32.14.3.rel1.win32_1.0.100.202602081740/tools/bin/../lib/gcc/arm-none-eabi/14.3.1/../../../../arm-none-eabi/lib/thumb/v7-m/nofp\libc_nano.a(libc_a-isattyr.o)
                0x0800ac34                _isatty_r
 *(.glue_7)
 .glue_7        0x0800ac54        0x0 linker stubs
 *(.glue_7t)
 .glue_7t       0x0800ac54        0x0 linker stubs
 *(.eh_frame)
 .eh_frame      0x0800ac54        0x0 C:/ST/STM32CubeIDE_2.1.1/STM32CubeIDE/plugins/com.st.stm32cube.ide.mcu.externaltools.gnu-tools-for-stm32.14.3.rel1.win32_1.0.100.202602081740/tools/bin/../lib/gcc/arm-none-eabi/14.3.1/thumb/v7-m/nofp/crtbegin.o
 *(.init)
 .init          0x0800ac54        0x4 C:/ST/STM32CubeIDE_2.1.1/STM32CubeIDE/plugins/com.st.stm32cube.ide.mcu.externaltools.gnu-tools-for-stm32.14.3.rel1.win32_1.0.100.202602081740/tools/bin/../lib/gcc/arm-none-eabi/14.3.1/thumb/v7-m/nofp/crti.o
                0x0800ac54                _init
 .init          0x0800ac58        0x8 C:/ST/STM32CubeIDE_2.1.1/STM32CubeIDE/plugins/com.st.stm32cube.ide.mcu.externaltools.gnu-tools-for-stm32.14.3.rel1.win32_1.0.100.202602081740/tools/bin/../lib/gcc/arm-none-eabi/14.3.1/thumb/v7-m/nofp/crtn.o
 *(.fini)
 .fini          0x0800ac60        0x4 C:/ST/STM32CubeIDE_2.1.1/STM32CubeIDE/plugins/com.st.stm32cube.ide.mcu.externaltools.gnu-tools-for-stm32.14.3.rel1.win32_1.0.100.202602081740/tools/bin/../lib/gcc/arm-none-eabi/14.3.1/thumb/v7-m/nofp/crti.o
                0x0800ac60                _fini
 .fini          0x0800ac64        0x8 C:/ST/STM32CubeIDE_2.1.1/STM32CubeIDE/plugins/com.st.stm32cube.ide.mcu.externaltools.gnu-tools-for-stm32.14.3.rel1.win32_1.0.100.202602081740/tools/bin/../lib/gcc/arm-none-eabi/14.3.1/thumb/v7-m/nofp/crtn.o
                0x0800ac6c                        . = ALIGN (0x4)
                0x0800ac6c                        _etext = .

.vfp11_veneer   0x0800ac6c        0x0
 .vfp11_veneer  0x0800ac6c        0x0 linker stubs

.v4_bx          0x0800ac6c        0x0
 .v4_bx         0x0800ac6c        0x0 linker stubs

.iplt           0x0800ac6c        0x0
 .iplt          0x0800ac6c        0x0 C:/ST/STM32CubeIDE_2.1.1/STM32CubeIDE/plugins/com.st.stm32cube.ide.mcu.externaltools.gnu-tools-for-stm32.14.3.rel1.win32_1.0.100.202602081740/tools/bin/../lib/gcc/arm-none-eabi/14.3.1/thumb/v7-m/nofp/crtbegin.o

.rodata         0x0800ac70      0x994
                0x0800ac70                        . = ALIGN (0x4)
 *(.rodata)
 .rodata        0x0800ac70      0x132 ./Core/Src/ESP01.o
 *fill*         0x0800ada2        0x2 
 .rodata        0x0800ada4       0x61 ./Core/Src/main.o
 *(.rodata*)
 *fill*         0x0800ae05        0x3 
 .rodata.ATAT   0x0800ae08        0x5 ./Core/Src/ESP01.o
                0x0800ae08                ATAT
 *fill*         0x0800ae0d        0x3 
 .rodata.ATCIPMUX
                0x0800ae10        0xe ./Core/Src/ESP01.o
                0x0800ae10                ATCIPMUX
 *fill*         0x0800ae1e        0x2 
 .rodata.ATCWMODE
                0x0800ae20        0xe ./Core/Src/ESP01.o
                0x0800ae20                ATCWMODE
 *fill*         0x0800ae2e        0x2 
 .rodata.ATCWJAP
                0x0800ae30        0xa ./Core/Src/ESP01.o
                0x0800ae30                ATCWJAP
 *fill*         0x0800ae3a        0x2 
 .rodata.ATCIFSR
                0x0800ae3c        0xb ./Core/Src/ESP01.o
                0x0800ae3c                ATCIFSR
 *fill*         0x0800ae47        0x1 
 .rodata.ATCIPSTART
                0x0800ae48        0xd ./Core/Src/ESP01.o
                0x0800ae48                ATCIPSTART
 *fill*         0x0800ae55        0x3 
 .rodata.ATCIPCLOSE
                0x0800ae58        0xe ./Core/Src/ESP01.o
                0x0800ae58                ATCIPCLOSE
 *fill*         0x0800ae66        0x2 
 .rodata.ATCIPSEND
                0x0800ae68        0xc ./Core/Src/ESP01.o
                0x0800ae68                ATCIPSEND
 .rodata.respAT
                0x0800ae74        0x8 ./Core/Src/ESP01.o
                0x0800ae74                respAT
 .rodata.respATp
                0x0800ae7c        0x8 ./Core/Src/ESP01.o
                0x0800ae7c                respATp
 .rodata.respOK
                0x0800ae84        0x9 ./Core/Src/ESP01.o
                0x0800ae84                respOK
 *fill*         0x0800ae8d        0x3 
 .rodata.respERROR
                0x0800ae90        0xc ./Core/Src/ESP01.o
                0x0800ae90                respERROR
 .rodata.respWIFIGOTIP
                0x0800ae9c       0x12 ./Core/Src/ESP01.o
                0x0800ae9c                respWIFIGOTIP
 *fill*         0x0800aeae        0x2 
 .rodata.respWIFICONNECTED
                0x0800aeb0       0x15 ./Core/Src/ESP01.o
                0x0800aeb0                respWIFICONNECTED
 *fill*         0x0800aec5        0x3 
 .rodata.respWIFIDISCONNECT
                0x0800aec8       0x16 ./Core/Src/ESP01.o
                0x0800aec8                respWIFIDISCONNECT
 *fill*         0x0800aede        0x2 
 .rodata.respWIFIDISCONNECTED
                0x0800aee0       0x18 ./Core/Src/ESP01.o
                0x0800aee0                respWIFIDISCONNECTED
 .rodata.respDISCONNECTED
                0x0800aef8       0x13 ./Core/Src/ESP01.o
                0x0800aef8                respDISCONNECTED
 *fill*         0x0800af0b        0x1 
 .rodata.respSENDOK
                0x0800af0c        0xe ./Core/Src/ESP01.o
                0x0800af0c                respSENDOK
 *fill*         0x0800af1a        0x2 
 .rodata.respCONNECT
                0x0800af1c        0xe ./Core/Src/ESP01.o
                0x0800af1c                respCONNECT
 *fill*         0x0800af2a        0x2 
 .rodata.respCLOSED
                0x0800af2c        0xd ./Core/Src/ESP01.o
                0x0800af2c                respCLOSED
 *fill*         0x0800af39        0x3 
 .rodata.respCIFSRAPIP
                0x0800af3c       0x11 ./Core/Src/ESP01.o
                0x0800af3c                respCIFSRAPIP
 *fill*         0x0800af4d        0x3 
 .rodata.respBUSY
                0x0800af50        0xb ./Core/Src/ESP01.o
                0x0800af50                respBUSY
 *fill*         0x0800af5b        0x1 
 .rodata.respIPD
                0x0800af5c        0x9 ./Core/Src/ESP01.o
                0x0800af5c                respIPD
 *fill*         0x0800af65        0x3 
 .rodata.respReady
                0x0800af68        0xc ./Core/Src/ESP01.o
                0x0800af68                respReady
 .rodata.respBUSYP
                0x0800af74        0xb ./Core/Src/ESP01.o
                0x0800af74                respBUSYP
 *fill*         0x0800af7f        0x1 
 .rodata.respBUSYS
                0x0800af80        0xb ./Core/Src/ESP01.o
                0x0800af80                respBUSYS
 *fill*         0x0800af8b        0x1 
 .rodata.responses
                0x0800af8c       0x4c ./Core/Src/ESP01.o
                0x0800af8c                responses
 .rodata.font6x8
                0x0800afd8      0x23a ./Core/Src/ssd1306.o
 *fill*         0x0800b212        0x2 
 .rodata.init_cmds
                0x0800b214       0x19 ./Core/Src/ssd1306.o
 *fill*         0x0800b22d        0x3 
 .rodata.AHBPrescTable
                0x0800b230       0x10 ./Core/Src/system_stm32f1xx.o
                0x0800b230                AHBPrescTable
 .rodata.APBPrescTable
                0x0800b240        0x8 ./Core/Src/system_stm32f1xx.o
                0x0800b240                APBPrescTable
 .rodata.aPLLMULFactorTable.1
                0x0800b248       0x10 ./Drivers/STM32F1xx_HAL_Driver/Src/stm32f1xx_hal_rcc.o
 .rodata.aPredivFactorTable.0
                0x0800b258        0x2 ./Drivers/STM32F1xx_HAL_Driver/Src/stm32f1xx_hal_rcc.o
 *fill*         0x0800b25a        0x2 
 .rodata.aPLLMULFactorTable.1
                0x0800b25c       0x10 ./Drivers/STM32F1xx_HAL_Driver/Src/stm32f1xx_hal_rcc_ex.o
 .rodata.aPredivFactorTable.0
                0x0800b26c        0x2 ./Drivers/STM32F1xx_HAL_Driver/Src/stm32f1xx_hal_rcc_ex.o
 .rodata.__utoa.str1.1
                0x0800b26e      0x196 C:/ST/STM32CubeIDE_2.1.1/STM32CubeIDE/plugins/com.st.stm32cube.ide.mcu.externaltools.gnu-tools-for-stm32.14.3.rel1.win32_1.0.100.202602081740/tools/bin/../lib/gcc/arm-none-eabi/14.3.1/../../../../arm-none-eabi/lib/thumb/v7-m/nofp\libc_nano.a(libc_a-utoa.o)
                                 0x25 (size before relaxing)
 .rodata._printf_float.str1.1
                0x0800b404       0x12 C:/ST/STM32CubeIDE_2.1.1/STM32CubeIDE/plugins/com.st.stm32cube.ide.mcu.externaltools.gnu-tools-for-stm32.14.3.rel1.win32_1.0.100.202602081740/tools/bin/../lib/gcc/arm-none-eabi/14.3.1/../../../../arm-none-eabi/lib/thumb/v7-m/nofp\libc_nano.a(libc_a-nano-vfprintf_float.o)
 .rodata._printf_i.str1.1
                0x0800b404       0x22 C:/ST/STM32CubeIDE_2.1.1/STM32CubeIDE/plugins/com.st.stm32cube.ide.mcu.externaltools.gnu-tools-for-stm32.14.3.rel1.win32_1.0.100.202602081740/tools/bin/../lib/gcc/arm-none-eabi/14.3.1/../../../../arm-none-eabi/lib/thumb/v7-m/nofp\libc_nano.a(libc_a-nano-vfprintf_i.o)
 .rodata._dtoa_r.str1.1
                0x0800b404       0x8f C:/ST/STM32CubeIDE_2.1.1/STM32CubeIDE/plugins/com.st.stm32cube.ide.mcu.externaltools.gnu-tools-for-stm32.14.3.rel1.win32_1.0.100.202602081740/tools/bin/../lib/gcc/arm-none-eabi/14.3.1/../../../../arm-none-eabi/lib/thumb/v7-m/nofp\libc_nano.a(libc_a-dtoa.o)
 .rodata._Balloc.str1.1
                0x0800b404       0x70 C:/ST/STM32CubeIDE_2.1.1/STM32CubeIDE/plugins/com.st.stm32cube.ide.mcu.externaltools.gnu-tools-for-stm32.14.3.rel1.win32_1.0.100.202602081740/tools/bin/../lib/gcc/arm-none-eabi/14.3.1/../../../../arm-none-eabi/lib/thumb/v7-m/nofp\libc_nano.a(libc_a-mprec.o)
 .rodata.__multadd.str1.1
                0x0800b404       0x11 C:/ST/STM32CubeIDE_2.1.1/STM32CubeIDE/plugins/com.st.stm32cube.ide.mcu.externaltools.gnu-tools-for-stm32.14.3.rel1.win32_1.0.100.202602081740/tools/bin/../lib/gcc/arm-none-eabi/14.3.1/../../../../arm-none-eabi/lib/thumb/v7-m/nofp\libc_nano.a(libc_a-mprec.o)
 .rodata.p05.0  0x0800b404        0xc C:/ST/STM32CubeIDE_2.1.1/STM32CubeIDE/plugins/com.st.stm32cube.ide.mcu.externaltools.gnu-tools-for-stm32.14.3.rel1.win32_1.0.100.202602081740/tools/bin/../lib/gcc/arm-none-eabi/14.3.1/../../../../arm-none-eabi/lib/thumb/v7-m/nofp\libc_nano.a(libc_a-mprec.o)
 .rodata.__mprec_bigtens
                0x0800b410       0x28 C:/ST/STM32CubeIDE_2.1.1/STM32CubeIDE/plugins/com.st.stm32cube.ide.mcu.externaltools.gnu-tools-for-stm32.14.3.rel1.win32_1.0.100.202602081740/tools/bin/../lib/gcc/arm-none-eabi/14.3.1/../../../../arm-none-eabi/lib/thumb/v7-m/nofp\libc_nano.a(libc_a-mprec.o)
                0x0800b410                __mprec_bigtens
 .rodata.__mprec_tens
                0x0800b438       0xc8 C:/ST/STM32CubeIDE_2.1.1/STM32CubeIDE/plugins/com.st.stm32cube.ide.mcu.externaltools.gnu-tools-for-stm32.14.3.rel1.win32_1.0.100.202602081740/tools/bin/../lib/gcc/arm-none-eabi/14.3.1/../../../../arm-none-eabi/lib/thumb/v7-m/nofp\libc_nano.a(libc_a-mprec.o)
                0x0800b438                __mprec_tens
 .rodata._svfprintf_r.str1.1
                0x0800b500       0x11 C:/ST/STM32CubeIDE_2.1.1/STM32CubeIDE/plugins/com.st.stm32cube.ide.mcu.externaltools.gnu-tools-for-stm32.14.3.rel1.win32_1.0.100.202602081740/tools/bin/../lib/gcc/arm-none-eabi/14.3.1/../../../../arm-none-eabi/lib/thumb/v7-m/nofp\libc_nano.a(libc_a-nano-svfprintf.o)
 .rodata._setlocale_r.str1.1
                0x0800b500        0x9 C:/ST/STM32CubeIDE_2.1.1/STM32CubeIDE/plugins/com.st.stm32cube.ide.mcu.externaltools.gnu-tools-for-stm32.14.3.rel1.win32_1.0.100.202602081740/tools/bin/../lib/gcc/arm-none-eabi/14.3.1/../../../../arm-none-eabi/lib/thumb/v7-m/nofp\libc_nano.a(libc_a-locale.o)
 .rodata.str1.1
                0x0800b500        0x2 C:/ST/STM32CubeIDE_2.1.1/STM32CubeIDE/plugins/com.st.stm32cube.ide.mcu.externaltools.gnu-tools-for-stm32.14.3.rel1.win32_1.0.100.202602081740/tools/bin/../lib/gcc/arm-none-eabi/14.3.1/../../../../arm-none-eabi/lib/thumb/v7-m/nofp\libc_nano.a(libc_a-locale.o)
 .rodata.__assert_func.str1.1
                0x0800b500       0x3d C:/ST/STM32CubeIDE_2.1.1/STM32CubeIDE/plugins/com.st.stm32cube.ide.mcu.externaltools.gnu-tools-for-stm32.14.3.rel1.win32_1.0.100.202602081740/tools/bin/../lib/gcc/arm-none-eabi/14.3.1/../../../../arm-none-eabi/lib/thumb/v7-m/nofp\libc_nano.a(libc_a-assert.o)
 .rodata._ctype_
                0x0800b500      0x101 C:/ST/STM32CubeIDE_2.1.1/STM32CubeIDE/plugins/com.st.stm32cube.ide.mcu.externaltools.gnu-tools-for-stm32.14.3.rel1.win32_1.0.100.202602081740/tools/bin/../lib/gcc/arm-none-eabi/14.3.1/../../../../arm-none-eabi/lib/thumb/v7-m/nofp\libc_nano.a(libc_a-ctype_.o)
                0x0800b500                _ctype_
 .rodata._vfprintf_r.str1.1
                0x0800b601       0x11 C:/ST/STM32CubeIDE_2.1.1/STM32CubeIDE/plugins/com.st.stm32cube.ide.mcu.externaltools.gnu-tools-for-stm32.14.3.rel1.win32_1.0.100.202602081740/tools/bin/../lib/gcc/arm-none-eabi/14.3.1/../../../../arm-none-eabi/lib/thumb/v7-m/nofp\libc_nano.a(libc_a-nano-vfprintf.o)
                0x0800b614                        . = ALIGN (0x4)
 *fill*         0x0800b601        0x3 

.ARM.extab      0x0800b604        0x0
                0x0800b604                        . = ALIGN (0x4)
 *(.ARM.extab* .gnu.linkonce.armextab.*)
                0x0800b604                        . = ALIGN (0x4)

.ARM            0x0800b604        0x8
                0x0800b604                        . = ALIGN (0x4)
                0x0800b604                        __exidx_start = .
 *(.ARM.exidx*)
 .ARM.exidx     0x0800b604        0x8 C:/ST/STM32CubeIDE_2.1.1/STM32CubeIDE/plugins/com.st.stm32cube.ide.mcu.externaltools.gnu-tools-for-stm32.14.3.rel1.win32_1.0.100.202602081740/tools/bin/../lib/gcc/arm-none-eabi/14.3.1/../../../../arm-none-eabi/lib/thumb/v7-m/nofp\libc_nano.a(libc_a-strlen.o)
                0x0800b60c                        __exidx_end = .
                0x0800b60c                        . = ALIGN (0x4)

.preinit_array  0x0800b60c        0x0
                0x0800b60c                        . = ALIGN (0x4)
                0x0800b60c                        PROVIDE (__preinit_array_start = .)
 *(.preinit_array*)
                0x0800b60c                        PROVIDE (__preinit_array_end = .)
                0x0800b60c                        . = ALIGN (0x4)

.init_array     0x0800b60c        0x4
                0x0800b60c                        . = ALIGN (0x4)
                0x0800b60c                        PROVIDE (__init_array_start = .)
 *(SORT_BY_NAME(.init_array.*))
 *(.init_array*)
 .init_array    0x0800b60c        0x4 C:/ST/STM32CubeIDE_2.1.1/STM32CubeIDE/plugins/com.st.stm32cube.ide.mcu.externaltools.gnu-tools-for-stm32.14.3.rel1.win32_1.0.100.202602081740/tools/bin/../lib/gcc/arm-none-eabi/14.3.1/thumb/v7-m/nofp/crtbegin.o
                0x0800b610                        PROVIDE (__init_array_end = .)
                0x0800b610                        . = ALIGN (0x4)

.fini_array     0x0800b610        0x4
                0x0800b610                        . = ALIGN (0x4)
                [!provide]                        PROVIDE (__fini_array_start = .)
 *(SORT_BY_NAME(.fini_array.*))
 *(.fini_array*)
 .fini_array    0x0800b610        0x4 C:/ST/STM32CubeIDE_2.1.1/STM32CubeIDE/plugins/com.st.stm32cube.ide.mcu.externaltools.gnu-tools-for-stm32.14.3.rel1.win32_1.0.100.202602081740/tools/bin/../lib/gcc/arm-none-eabi/14.3.1/thumb/v7-m/nofp/crtbegin.o
                [!provide]                        PROVIDE (__fini_array_end = .)
                0x0800b614                        . = ALIGN (0x4)
                0x0800b614                        _sidata = LOADADDR (.data)

.rel.dyn        0x0800b614        0x0
 .rel.iplt      0x0800b614        0x0 C:/ST/STM32CubeIDE_2.1.1/STM32CubeIDE/plugins/com.st.stm32cube.ide.mcu.externaltools.gnu-tools-for-stm32.14.3.rel1.win32_1.0.100.202602081740/tools/bin/../lib/gcc/arm-none-eabi/14.3.1/thumb/v7-m/nofp/crtbegin.o

.data           0x20000000      0x1dc load address 0x0800b614
                0x20000000                        . = ALIGN (0x4)
                0x20000000                        _sdata = .
 *(.data)
 *(.data*)
 .data.esp01PROTO
                0x20000000        0x4 ./Core/Src/ESP01.o
 .data.pwm_actual
                0x20000004        0x2 ./Core/Src/main.o
                0x20000004                pwm_actual
 *fill*         0x20000006        0x2 
 .data.SystemCoreClock
                0x20000008        0x4 ./Core/Src/system_stm32f1xx.o
                0x20000008                SystemCoreClock
 .data.uwTickPrio
                0x2000000c        0x4 ./Drivers/STM32F1xx_HAL_Driver/Src/stm32f1xx_hal.o
                0x2000000c                uwTickPrio
 .data.uwTickFreq
                0x20000010        0x1 ./Drivers/STM32F1xx_HAL_Driver/Src/stm32f1xx_hal.o
                0x20000010                uwTickFreq
 *fill*         0x20000011        0x3 
 .data.__sglue  0x20000014        0xc C:/ST/STM32CubeIDE_2.1.1/STM32CubeIDE/plugins/com.st.stm32cube.ide.mcu.externaltools.gnu-tools-for-stm32.14.3.rel1.win32_1.0.100.202602081740/tools/bin/../lib/gcc/arm-none-eabi/14.3.1/../../../../arm-none-eabi/lib/thumb/v7-m/nofp\libc_nano.a(libc_a-findfp.o)
                0x20000014                __sglue
 .data._impure_ptr
                0x20000020        0x4 C:/ST/STM32CubeIDE_2.1.1/STM32CubeIDE/plugins/com.st.stm32cube.ide.mcu.externaltools.gnu-tools-for-stm32.14.3.rel1.win32_1.0.100.202602081740/tools/bin/../lib/gcc/arm-none-eabi/14.3.1/../../../../arm-none-eabi/lib/thumb/v7-m/nofp\libc_nano.a(libc_a-impure.o)
                0x20000020                _impure_ptr
 .data._impure_data
                0x20000024       0x4c C:/ST/STM32CubeIDE_2.1.1/STM32CubeIDE/plugins/com.st.stm32cube.ide.mcu.externaltools.gnu-tools-for-stm32.14.3.rel1.win32_1.0.100.202602081740/tools/bin/../lib/gcc/arm-none-eabi/14.3.1/../../../../arm-none-eabi/lib/thumb/v7-m/nofp\libc_nano.a(libc_a-impure.o)
                0x20000024                _impure_data
 .data.__global_locale
                0x20000070      0x16c C:/ST/STM32CubeIDE_2.1.1/STM32CubeIDE/plugins/com.st.stm32cube.ide.mcu.externaltools.gnu-tools-for-stm32.14.3.rel1.win32_1.0.100.202602081740/tools/bin/../lib/gcc/arm-none-eabi/14.3.1/../../../../arm-none-eabi/lib/thumb/v7-m/nofp\libc_nano.a(libc_a-locale.o)
                0x20000070                __global_locale
 *(.RamFunc)
 *(.RamFunc*)
                0x200001dc                        . = ALIGN (0x4)
                0x200001dc                        _edata = .

.igot.plt       0x200001dc        0x0 load address 0x0800b7f0
 .igot.plt      0x200001dc        0x0 C:/ST/STM32CubeIDE_2.1.1/STM32CubeIDE/plugins/com.st.stm32cube.ide.mcu.externaltools.gnu-tools-for-stm32.14.3.rel1.win32_1.0.100.202602081740/tools/bin/../lib/gcc/arm-none-eabi/14.3.1/thumb/v7-m/nofp/crtbegin.o
                0x200001dc                        . = ALIGN (0x4)

.bss            0x200001dc      0xb04 load address 0x0800b7f0
                0x200001dc                        _sbss = .
                0x200001dc                        __bss_start__ = _sbss
 *(.bss)
 .bss           0x200001dc       0x1c C:/ST/STM32CubeIDE_2.1.1/STM32CubeIDE/plugins/com.st.stm32cube.ide.mcu.externaltools.gnu-tools-for-stm32.14.3.rel1.win32_1.0.100.202602081740/tools/bin/../lib/gcc/arm-none-eabi/14.3.1/thumb/v7-m/nofp/crtbegin.o
 *(.bss*)
 .bss.esp01ATSate
                0x200001f8        0x1 ./Core/Src/ESP01.o
 *fill*         0x200001f9        0x3 
 .bss.esp01Flags
                0x200001fc        0x1 ./Core/Src/ESP01.o
 *fill*         0x200001fd        0x3 
 .bss.esp01TimeoutTask
                0x20000200        0x4 ./Core/Src/ESP01.o
 .bss.esp01TimeoutDataRx
                0x20000204        0x4 ./Core/Src/ESP01.o
 .bss.esp01TimeoutTxSymbol
                0x20000208        0x4 ./Core/Src/ESP01.o
 .bss.ESP01ChangeState
                0x2000020c        0x4 ./Core/Src/ESP01.o
 .bss.ESP01DbgStr
                0x20000210        0x4 ./Core/Src/ESP01.o
 .bss.esp01SSID
                0x20000214       0x40 ./Core/Src/ESP01.o
 .bss.esp01PASSWORD
                0x20000254       0x20 ./Core/Src/ESP01.o
 .bss.esp01RemoteIP
                0x20000274       0x10 ./Core/Src/ESP01.o
 .bss.esp01RemotePORT
                0x20000284        0x6 ./Core/Src/ESP01.o
 *fill*         0x2000028a        0x2 
 .bss.esp01LocalIP
                0x2000028c       0x10 ./Core/Src/ESP01.o
 .bss.esp01LocalPORT
                0x2000029c        0x6 ./Core/Src/ESP01.o
 .bss.esp01HState
                0x200002a2        0x1 ./Core/Src/ESP01.o
 *fill*         0x200002a3        0x1 
 .bss.esp01nBytes
                0x200002a4        0x2 ./Core/Src/ESP01.o
 *fill*         0x200002a6        0x2 
 .bss.esp01RXATBuf
                0x200002a8       0x80 ./Core/Src/ESP01.o
 .bss.esp01TXATBuf
                0x20000328      0x100 ./Core/Src/ESP01.o
 .bss.esp01iwRXAT
                0x20000428        0x2 ./Core/Src/ESP01.o
 .bss.esp01irRXAT
                0x2000042a        0x2 ./Core/Src/ESP01.o
 .bss.esp01irTX
                0x2000042c        0x2 ./Core/Src/ESP01.o
 .bss.esp01iwTX
                0x2000042e        0x2 ./Core/Src/ESP01.o
 .bss.esp01TriesAT
                0x20000430        0x1 ./Core/Src/ESP01.o
 *fill*         0x20000431        0x3 
 .bss.esp01Handle
                0x20000434        0xc ./Core/Src/ESP01.o
 .bss.indexResponse
                0x20000440        0x1 ./Core/Src/ESP01.o
 .bss.indexResponseChar
                0x20000441        0x1 ./Core/Src/ESP01.o
 *fill*         0x20000442        0x2 
 .bss.hadc1     0x20000444       0x30 ./Core/Src/main.o
                0x20000444                hadc1
 .bss.hdma_adc1
                0x20000474       0x44 ./Core/Src/main.o
                0x20000474                hdma_adc1
 .bss.htim2     0x200004b8       0x48 ./Core/Src/main.o
                0x200004b8                htim2
 .bss.htim3     0x20000500       0x48 ./Core/Src/main.o
                0x20000500                htim3
 .bss.huart1    0x20000548       0x48 ./Core/Src/main.o
                0x20000548                huart1
 .bss.huart3    0x20000590       0x48 ./Core/Src/main.o
                0x20000590                huart3
 .bss.tick_100ms
                0x200005d8        0x2 ./Core/Src/main.o
                0x200005d8                tick_100ms
 .bss.flag_loop
                0x200005da        0x1 ./Core/Src/main.o
                0x200005da                flag_loop
 *fill*         0x200005db        0x1 
 .bss.tick_servo
                0x200005dc        0x4 ./Core/Src/main.o
                0x200005dc                tick_servo
 .bss.display_mode
                0x200005e0        0x1 ./Core/Src/main.o
                0x200005e0                display_mode
 .bss.flag_2seg
                0x200005e1        0x1 ./Core/Src/main.o
                0x200005e1                flag_2seg
 *fill*         0x200005e2        0x2 
 .bss.now_us    0x200005e4        0x4 ./Core/Src/main.o
                0x200005e4                now_us
 .bss.distancia
                0x200005e8        0x4 ./Core/Src/main.o
                0x200005e8                distancia
 .bss.uart1_rx_byte
                0x200005ec        0x1 ./Core/Src/main.o
                0x200005ec                uart1_rx_byte
 .bss.esp_rx_byte
                0x200005ed        0x1 ./Core/Src/main.o
                0x200005ed                esp_rx_byte
 *fill*         0x200005ee        0x2 
 .bss.sonar     0x200005f0       0x18 ./Core/Src/main.o
                0x200005f0                sonar
 .bss.servo     0x20000608        0xc ./Core/Src/main.o
                0x20000608                servo
 .bss.display   0x20000614      0x408 ./Core/Src/main.o
                0x20000614                display
 .bss.hESP01    0x20000a1c        0xc ./Core/Src/main.o
                0x20000a1c                hESP01
 .bss.esp_tick.0
                0x20000a28        0x2 ./Core/Src/main.o
 *fill*         0x20000a2a        0x2 
 .bss.bufRX     0x20000a2c       0x80 ./Core/Src/protocolo.o
                0x20000a2c                bufRX