Archive member included to satisfy reference by file (symbol)

C:/ST/STM32CubeIDE_2.1.1/STM32CubeIDE/plugins/com.st.stm32cube.ide.mcu.externaltools.gnu-tools-for-stm32.14.3.rel1.win32_1.0.100.202602081740/tools/bin/../lib/gcc/arm-none-eabi/14.3.1/../../../../arm-none-eabi/lib/thumb/v7-m/nofp\libc_nano.a(libc_a-exit.o)
                              C:/ST/STM32CubeIDE_2.1.1/STM32CubeIDE/plugins/com.st.stm32cube.ide.mcu.externaltools.gnu-tools-for-stm32.14.3.rel1.win32_1.0.100.202602081740/tools/bin/../lib/gcc/arm-none-eabi/14.3.1/../../../../arm-none-eabi/lib/thumb/v7-m/nofp/crt0.o (exit)
C:/ST/STM32CubeIDE_2.1.1/STM32CubeIDE/plugins/com.st.stm32cube.ide.mcu.externaltools.gnu-tools-for-stm32.14.3.rel1.win32_1.0.100.202602081740/tools/bin/../lib/gcc/arm-none-eabi/14.3.1/../../../../arm-none-eabi/lib/thumb/v7-m/nofp\libc_nano.a(libc_a-itoa.o)
                              ./Core/Src/ESP01.o (itoa)
C:/ST/STM32CubeIDE_2.1.1/STM32CubeIDE/plugins/com.st.stm32cube.ide.mcu.externaltools.gnu-tools-for-stm32.14.3.rel1.win32_1.0.100.202602081740/tools/bin/../lib/gcc/arm-none-eabi/14.3.1/../../../../arm-none-eabi/lib/thumb/v7-m/nofp\libc_nano.a(libc_a-utoa.o)
                              C:/ST/STM32CubeIDE_2.1.1/STM32CubeIDE/plugins/com.st.stm32cube.ide.mcu.externaltools.gnu-tools-for-stm32.14.3.rel1.win32_1.0.100.202602081740/tools/bin/../lib/gcc/arm-none-eabi/14.3.1/../../../../arm-none-eabi/lib/thumb/v7-m/nofp\libc_nano.a(libc_a-itoa.o) (__utoa)
C:/ST/STM32CubeIDE_2.1.1/STM32CubeIDE/plugins/com.st.stm32cube.ide.mcu.externaltools.gnu-tools-for-stm32.14.3.rel1.win32_1.0.100.202602081740/tools/bin/../lib/gcc/arm-none-eabi/14.3.1/../../../../arm-none-eabi/lib/thumb/v7-m/nofp\libc_nano.a(libc_a-nano-vfprintf_float.o)
                              (_printf_float)
C:/ST/STM32CubeIDE_2.1.1/STM32CubeIDE/plugins/com.st.stm32cube.ide.mcu.externaltools.gnu-tools-for-stm32.14.3.rel1.win32_1.0.100.202602081740/tools/bin/../lib/gcc/arm-none-eabi/14.3.1/../../../../arm-none-eabi/lib/thumb/v7-m/nofp\libc_nano.a(libc_a-nano-vfprintf_i.o)
                              C:/ST/STM32CubeIDE_2.1.1/STM32CubeIDE/plugins/com.st.stm32cube.ide.mcu.externaltools.gnu-tools-for-stm32.14.3.rel1.win32_1.0.100.202602081740/tools/bin/../lib/gcc/arm-none-eabi/14.3.1/../../../../arm-none-eabi/lib/thumb/v7-m/nofp\libc_nano.a(libc_a-nano-vfprintf_float.o) (_printf_common)
C:/ST/STM32CubeIDE_2.1.1/STM32CubeIDE/plugins/com.st.stm32cube.ide.mcu.externaltools.gnu-tools-for-stm32.14.3.rel1.win32_1.0.100.202602081740/tools/bin/../lib/gcc/arm-none-eabi/14.3.1/../../../../arm-none-eabi/lib/thumb/v7-m/nofp\libc_nano.a(libc_a-findfp.o)
                              C:/ST/STM32CubeIDE_2.1.1/STM32CubeIDE/plugins/com.st.stm32cube.ide.mcu.externaltools.gnu-tools-for-stm32.14.3.rel1.win32_1.0.100.202602081740/tools/bin/../lib/gcc/arm-none-eabi/14.3.1/../../../../arm-none-eabi/lib/thumb/v7-m/nofp\libc_nano.a(libc_a-exit.o) (__stdio_exit_handler)
C:/ST/STM32CubeIDE_2.1.1/STM32CubeIDE/plugins/com.st.stm32cube.ide.mcu.externaltools.gnu-tools-for-stm32.14.3.rel1.win32_1.0.100.202602081740/tools/bin/../lib/gcc/arm-none-eabi/14.3.1/../../../../arm-none-eabi/lib/thumb/v7-m/nofp\libc_nano.a(libc_a-fwalk.o)
                              C:/ST/STM32CubeIDE_2.1.1/STM32CubeIDE/plugins/com.st.stm32cube.ide.mcu.externaltools.gnu-tools-for-stm32.14.3.rel1.win32_1.0.100.202602081740/tools/bin/../lib/gcc/arm-none-eabi/14.3.1/../../../../arm-none-eabi/lib/thumb/v7-m/nofp\libc_nano.a(libc_a-findfp.o) (_fwalk_sglue)
C:/ST/STM32CubeIDE_2.1.1/STM32CubeIDE/plugins/com.st.stm32cube.ide.mcu.externaltools.gnu-tools-for-stm32.14.3.rel1.win32_1.0.100.202602081740/tools/bin/../lib/gcc/arm-none-eabi/14.3.1/../../../../arm-none-eabi/lib/thumb/v7-m/nofp\libc_nano.a(libc_a-sprintf.o)
                              ./Core/Src/main.o (sprintf)
C:/ST/STM32CubeIDE_2.1.1/STM32CubeIDE/plugins/com.st.stm32cube.ide.mcu.externaltools.gnu-tools-for-stm32.14.3.rel1.win32_1.0.100.202602081740/tools/bin/../lib/gcc/arm-none-eabi/14.3.1/../../../../arm-none-eabi/lib/thumb/v7-m/nofp\libc_nano.a(libc_a-stdio.o)
                              C:/ST/STM32CubeIDE_2.1.1/STM32CubeIDE/plugins/com.st.stm32cube.ide.mcu.externaltools.gnu-tools-for-stm32.14.3.rel1.win32_1.0.100.202602081740/tools/bin/../lib/gcc/arm-none-eabi/14.3.1/../../../../arm-none-eabi/lib/thumb/v7-m/nofp\libc_nano.a(libc_a-findfp.o) (__sread)
C:/ST/STM32CubeIDE_2.1.1/STM32CubeIDE/plugins/com.st.stm32cube.ide.mcu.externaltools.gnu-tools-for-stm32.14.3.rel1.win32_1.0.100.202602081740/tools/bin/../lib/gcc/arm-none-eabi/14.3.1/../../../../arm-none-eabi/lib/thumb/v7-m/nofp\libc_nano.a(libc_a-memset.o)
                              C:/ST/STM32CubeIDE_2.1.1/STM32CubeIDE/plugins/com.st.stm32cube.ide.mcu.externaltools.gnu-tools-for-stm32.14.3.rel1.win32_1.0.100.202602081740/tools/bin/../lib/gcc/arm-none-eabi/14.3.1/../../../../arm-none-eabi/lib/thumb/v7-m/nofp/crt0.o (memset)
[...]
Memory Configuration

Name             Origin             Length             Attributes
RAM              0x20000000         0x00005000         xrw
FLASH            0x08000000         0x00010000         xr
*default*        0x00000000         0xffffffff

Linker script and memory map

LOAD C:/ST/STM32CubeIDE_2.1.1/STM32CubeIDE/plugins/com.st.stm32cube.ide.mcu.externaltools.gnu-tools-for-stm32.14.3.rel1.win32_1.0.100.202602081740/tools/bin/../lib/gcc/arm-none-eabi/14.3.1/thumb/v7-m/nofp/crti.o
LOAD C:/ST/STM32CubeIDE_2.1.1/STM32CubeIDE/plugins/com.st.stm32cube.ide.mcu.externaltools.gnu-tools-for-stm32.14.3.rel1.win32_1.0.100.202602081740/tools/bin/../lib/gcc/arm-none-eabi/14.3.1/thumb/v7-m/nofp/crtbegin.o
LOAD C:/ST/STM32CubeIDE_2.1.1/STM32CubeIDE/plugins/com.st.stm32cube.ide.mcu.externaltools.gnu-tools-for-stm32.14.3.rel1.win32_1.0.100.202602081740/tools/bin/../lib/gcc/arm-none-eabi/14.3.1/../../../../arm-none-eabi/lib/thumb/v7-m/nofp/crt0.o
LOAD ./Core/Src/ESP01.o
LOAD ./Core/Src/hcsr04.o
LOAD ./Core/Src/linefollower.o
LOAD ./Core/Src/main.o
LOAD ./Core/Src/protocolo.o
LOAD ./Core/Src/sg90.o
LOAD ./Core/Src/soft_i2c.o
LOAD ./Core/Src/ssd1306.o
LOAD ./Core/Src/stm32f1xx_hal_msp.o
LOAD ./Core/Src/stm32f1xx_it.o
LOAD ./Core/Src/syscalls.o
LOAD ./Core/Src/sysmem.o
LOAD ./Core/Src/system_stm32f1xx.o
LOAD ./Core/Src/tcrt5000.o
LOAD ./Core/Startup/startup_stm32f103c8tx.o
LOAD ./Drivers/STM32F1xx_HAL_Driver/Src/stm32f1xx_hal.o
LOAD ./Drivers/STM32F1xx_HAL_Driver/Src/stm32f1xx_hal_adc.o
LOAD ./Drivers/STM32F1xx_HAL_Driver/Src/stm32f1xx_hal_adc_ex.o
LOAD ./Drivers/STM32F1xx_HAL_Driver/Src/stm32f1xx_hal_cortex.o
LOAD ./Drivers/STM32F1xx_HAL_Driver/Src/stm32f1xx_hal_dma.o
LOAD ./Drivers/STM32F1xx_HAL_Driver/Src/stm32f1xx_hal_exti.o
LOAD ./Drivers/STM32F1xx_HAL_Driver/Src/stm32f1xx_hal_flash.o
LOAD ./Drivers/STM32F1xx_HAL_Driver/Src/stm32f1xx_hal_flash_ex.o
LOAD ./Drivers/STM32F1xx_HAL_Driver/Src/stm32f1xx_hal_gpio.o
LOAD ./Drivers/STM32F1xx_HAL_Driver/Src/stm32f1xx_hal_gpio_ex.o
LOAD ./Drivers/STM32F1xx_HAL_Driver/Src/stm32f1xx_hal_pwr.o
LOAD ./Drivers/STM32F1xx_HAL_Driver/Src/stm32f1xx_hal_rcc.o
LOAD ./Drivers/STM32F1xx_HAL_Driver/Src/stm32f1xx_hal_rcc_ex.o
LOAD ./Drivers/STM32F1xx_HAL_Driver/Src/stm32f1xx_hal_tim.o
LOAD ./Drivers/STM32F1xx_HAL_Driver/Src/stm32f1xx_hal_tim_ex.o
LOAD ./Drivers/STM32F1xx_HAL_Driver/Src/stm32f1xx_hal_uart.o
START GROUP
LOAD C:/ST/STM32CubeIDE_2.1.1/STM32CubeIDE/plugins/com.st.stm32cube.ide.mcu.externaltools.gnu-tools-for-stm32.14.3.rel1.win32_1.0.100.202602081740/tools/bin/../lib/gcc/arm-none-eabi/14.3.1/../../../../arm-none-eabi/lib/thumb/v7-m/nofp\libc_nano.a
LOAD C:/ST/STM32CubeIDE_2.1.1/STM32CubeIDE/plugins/com.st.stm32cube.ide.mcu.externaltools.gnu-tools-for-stm32.14.3.rel1.win32_1.0.100.202602081740/tools/bin/../lib/gcc/arm-none-eabi/14.3.1/../../../../arm-none-eabi/lib/thumb/v7-m/nofp\libm.a
END GROUP
START GROUP
LOAD C:/ST/STM32CubeIDE_2.1.1/STM32CubeIDE/plugins/com.st.stm32cube.ide.mcu.externaltools.gnu-tools-for-stm32.14.3.rel1.win32_1.0.100.202602081740/tools/bin/../lib/gcc/arm-none-eabi/14.3.1/thumb/v7-m/nofp\libgcc.a
LOAD C:/ST/STM32CubeIDE_2.1.1/STM32CubeIDE/plugins/com.st.stm32cube.ide.mcu.externaltools.gnu-tools-for-stm32.14.3.rel1.win32_1.0.100.202602081740/tools/bin/../lib/gcc/arm-none-eabi/14.3.1/../../../../arm-none-eabi/lib/thumb/v7-m/nofp\libc_nano.a
END GROUP
START GROUP
LOAD C:/ST/STM32CubeIDE_2.1.1/STM32CubeIDE/plugins/com.st.stm32cube.ide.mcu.externaltools.gnu-tools-for-stm32.14.3.rel1.win32_1.0.100.202602081740/tools/bin/../lib/gcc/arm-none-eabi/14.3.1/thumb/v7-m/nofp\libgcc.a
LOAD C:/ST/STM32CubeIDE_2.1.1/STM32CubeIDE/plugins/com.st.stm32cube.ide.mcu.externaltools.gnu-tools-for-stm32.14.3.rel1.win32_1.0.100.202602081740/tools/bin/../lib/gcc/arm-none-eabi/14.3.1/../../../../arm-none-eabi/lib/thumb/v7-m/nofp\libc_nano.a
LOAD C:/ST/STM32CubeIDE_2.1.1/STM32CubeIDE/plugins/com.st.stm32cube.ide.mcu.externaltools.gnu-tools-for-stm32.14.3.rel1.win32_1.0.100.202602081740/tools/bin/../lib/gcc/arm-none-eabi/14.3.1/../../../../arm-none-eabi/lib/thumb/v7-m/nofp\libnosys.a
END GROUP
START GROUP
LOAD C:/ST/STM32CubeIDE_2.1.1/STM32CubeIDE/plugins/com.st.stm32cube.ide.mcu.externaltools.gnu-tools-for-stm32.14.3.rel1.win32_1.0.100.202602081740/tools/bin/../lib/gcc/arm-none-eabi/14.3.1/thumb/v7-m/nofp\libgcc.a
LOAD C:/ST/STM32CubeIDE_2.1.1/STM32CubeIDE/plugins/com.st.stm32cube.ide.mcu.externaltools.gnu-tools-for-stm32.14.3.rel1.win32_1.0.100.202602081740/tools/bin/../lib/gcc/arm-none-eabi/14.3.1/../../../../arm-none-eabi/lib/thumb/v7-m/nofp\libc_nano.a
LOAD C:/ST/STM32CubeIDE_2.1.1/STM32CubeIDE/plugins/com.st.stm32cube.ide.mcu.externaltools.gnu-tools-for-stm32.14.3.rel1.win32_1.0.100.202602081740/tools/bin/../lib/gcc/arm-none-eabi/14.3.1/../../../../arm-none-eabi/lib/thumb/v7-m/nofp\libnosys.a
END GROUP
LOAD C:/ST/STM32CubeIDE_2.1.1/STM32CubeIDE/plugins/com.st.stm32cube.ide.mcu.externaltools.gnu-tools-for-stm32.14.3.rel1.win32_1.0.100.202602081740/tools/bin/../lib/gcc/arm-none-eabi/14.3.1/thumb/v7-m/nofp/crtend.o
LOAD C:/ST/STM32CubeIDE_2.1.1/STM32CubeIDE/plugins/com.st.stm32cube.ide.mcu.externaltools.gnu-tools-for-stm32.14.3.rel1.win32_1.0.100.202602081740/tools/bin/../lib/gcc/arm-none-eabi/14.3.1/thumb/v7-m/nofp/crtn.o
                0x20005000                        _estack = (ORIGIN (RAM) + LENGTH (RAM))
                0x00000200                        _Min_Heap_Size = 0x200
                0x00000400                        _Min_Stack_Size = 0x400

.isr_vector     0x08000000      0x10c
                0x08000000                        . = ALIGN (0x4)
 *(.isr_vector)
 .isr_vector    0x08000000      0x10c ./Core/Startup/startup_stm32f103c8tx.o
                0x08000000                g_pfnVectors
                0x0800010c                        . = ALIGN (0x4)

.text           0x08000110     0xb0ec
                0x08000110                        . = ALIGN (0x4)
 *(.text)
 .text          0x08000110       0x40 C:/ST/STM32CubeIDE_2.1.1/STM32CubeIDE/plugins/com.st.stm32cube.ide.mcu.externaltools.gnu-tools-for-stm32.14.3.rel1.win32_1.0.100.202602081740/tools/bin/../lib/gcc/arm-none-eabi/14.3.1/thumb/v7-m/nofp/crtbegin.o
 .text          0x08000150       0x10 C:/ST/STM32CubeIDE_2.1.1/STM32CubeIDE/plugins/com.st.stm32cube.ide.mcu.externaltools.gnu-tools-for-stm32.14.3.rel1.win32_1.0.100.202602081740/tools/bin/../lib/gcc/arm-none-eabi/14.3.1/../../../../arm-none-eabi/lib/thumb/v7-m/nofp\libc_nano.a(libc_a-strlen.o)
                0x08000150                strlen
 .text          0x08000160      0x378 C:/ST/STM32CubeIDE_2.1.1/STM32CubeIDE/plugins/com.st.stm32cube.ide.mcu.externaltools.gnu-tools-for-stm32.14.3.rel1.win32_1.0.100.202602081740/tools/bin/../lib/gcc/arm-none-eabi/14.3.1/thumb/v7-m/nofp\libgcc.a(_arm_addsubdf3.o)
                0x08000160                __aeabi_drsub
                0x08000168                __aeabi_dsub
                0x08000168                __subdf3
                0x0800016c                __aeabi_dadd
                0x0800016c                __adddf3
                0x080003e4                __floatunsidf
                0x080003e4                __aeabi_ui2d
                0x08000404                __floatsidf
                0x08000404                __aeabi_i2d
                0x08000428                __aeabi_f2d
                0x08000428                __extendsfdf2
                0x0800046c                __floatundidf
                0x0800046c                __aeabi_ul2d
                0x0800047c                __floatdidf
                0x0800047c                __aeabi_l2d
 .text          0x080004d8      0x424 C:/ST/STM32CubeIDE_2.1.1/STM32CubeIDE/plugins/com.st.stm32cube.ide.mcu.externaltools.gnu-tools-for-stm32.14.3.rel1.win32_1.0.100.202602081740/tools/bin/../lib/gcc/arm-none-eabi/14.3.1/thumb/v7-m/nofp\libgcc.a(_arm_muldivdf3.o)
                0x080004d8                __aeabi_dmul
                0x080004d8                __muldf3
                0x0800072c                __divdf3
                0x0800072c                __aeabi_ddiv
 .text          0x080008fc      0x110 C:/ST/STM32CubeIDE_2.1.1/STM32CubeIDE/plugins/com.st.stm32cube.ide.mcu.externaltools.gnu-tools-for-stm32.14.3.rel1.win32_1.0.100.202602081740/tools/bin/../lib/gcc/arm-none-eabi/14.3.1/thumb/v7-m/nofp\libgcc.a(_arm_cmpdf2.o)
                0x080008fc                __gtdf2
                0x080008fc                __gedf2
                0x08000904                __ltdf2
                0x08000904                __ledf2
                0x0800090c                __nedf2
                0x0800090c                __eqdf2
                0x0800090c                __cmpdf2
                0x08000988                __aeabi_cdrcmple
                0x08000998                __aeabi_cdcmpeq
                0x08000998                __aeabi_cdcmple
                0x080009a8                __aeabi_dcmpeq
                0x080009bc                __aeabi_dcmplt
                0x080009d0                __aeabi_dcmple
                0x080009e4                __aeabi_dcmpge
                0x080009f8                __aeabi_dcmpgt
 .text          0x08000a0c       0x2c C:/ST/STM32CubeIDE_2.1.1/STM32CubeIDE/plugins/com.st.stm32cube.ide.mcu.externaltools.gnu-tools-for-stm32.14.3.rel1.win32_1.0.100.202602081740/tools/bin/../lib/gcc/arm-none-eabi/14.3.1/thumb/v7-m/nofp\libgcc.a(_arm_unorddf2.o)
                0x08000a0c                __unorddf2
                0x08000a0c                __aeabi_dcmpun
 .text          0x08000a38       0x50 C:/ST/STM32CubeIDE_2.1.1/STM32CubeIDE/plugins/com.st.stm32cube.ide.mcu.externaltools.gnu-tools-for-stm32.14.3.rel1.win32_1.0.100.202602081740/tools/bin/../lib/gcc/arm-none-eabi/14.3.1/thumb/v7-m/nofp\libgcc.a(_arm_fixdfsi.o)
                0x08000a38                __aeabi_d2iz
                0x08000a38                __fixdfsi
 .text          0x08000a88      0x21c C:/ST/STM32CubeIDE_2.1.1/STM32CubeIDE/plugins/com.st.stm32cube.ide.mcu.externaltools.gnu-tools-for-stm32.14.3.rel1.win32_1.0.100.202602081740/tools/bin/../lib/gcc/arm-none-eabi/14.3.1/thumb/v7-m/nofp\libgcc.a(_arm_addsubsf3.o)
                0x08000a88                __aeabi_frsub
                0x08000a90                __subsf3
                0x08000a90                __aeabi_fsub
                0x08000a94                __aeabi_fadd
                0x08000a94                __addsf3
                0x08000bf4                __aeabi_ui2f
                0x08000bf4                __floatunsisf
                0x08000bfc                __aeabi_i2f
                0x08000bfc                __floatsisf
                0x08000c18                __aeabi_ul2f
                0x08000c18                __floatundisf
                0x08000c28                __aeabi_l2f
                0x08000c28                __floatdisf
 .text          0x08000ca4      0x2a0 C:/ST/STM32CubeIDE_2.1.1/STM32CubeIDE/plugins/com.st.stm32cube.ide.mcu.externaltools.gnu-tools-for-stm32.14.3.rel1.win32_1.0.100.202602081740/tools/bin/../lib/gcc/arm-none-eabi/14.3.1/thumb/v7-m/nofp\libgcc.a(_arm_muldivsf3.o)
                0x08000ca4                __mulsf3
                0x08000ca4                __aeabi_fmul
                0x08000e0c                __aeabi_fdiv
                0x08000e0c                __divsf3
 .text          0x08000f44       0xec C:/ST/STM32CubeIDE_2.1.1/STM32CubeIDE/plugins/com.st.stm32cube.ide.mcu.externaltools.gnu-tools-for-stm32.14.3.rel1.win32_1.0.100.202602081740/tools/bin/../lib/gcc/arm-none-eabi/14.3.1/thumb/v7-m/nofp\libgcc.a(_arm_cmpsf2.o)
                0x08000f44                __gesf2
                0x08000f44                __gtsf2
                0x08000f4c                __lesf2
                0x08000f4c                __ltsf2
                0x08000f54                __nesf2
                0x08000f54                __eqsf2
                0x08000f54                __cmpsf2
                0x08000fb4                __aeabi_cfrcmple
                0x08000fbc                __aeabi_cfcmpeq
                0x08000fbc                __aeabi_cfcmple
                0x08000fcc                __aeabi_fcmpeq
                0x08000fe0                __aeabi_fcmplt
                0x08000ff4                __aeabi_fcmple
                0x08001008                __aeabi_fcmpge
                0x0800101c                __aeabi_fcmpgt
 .text          0x08001030       0x40 C:/ST/STM32CubeIDE_2.1.1/STM32CubeIDE/plugins/com.st.stm32cube.ide.mcu.externaltools.gnu-tools-for-stm32.14.3.rel1.win32_1.0.100.202602081740/tools/bin/../lib/gcc/arm-none-eabi/14.3.1/thumb/v7-m/nofp\libgcc.a(_arm_fixunssfsi.o)
                0x08001030                __fixunssfsi
                0x08001030                __aeabi_f2uiz
 *(.text*)
 .text.ESP01_SetWIFI
                0x08001070       0x6c ./Core/Src/ESP01.o
                0x08001070                ESP01_SetWIFI
 .text.ESP01_StartUDP
                0x080010dc       0xac ./Core/Src/ESP01.o
                0x080010dc                ESP01_StartUDP
 .text.ESP01_StateUDPTCP
                0x08001188       0x38 ./Core/Src/ESP01.o
                0x08001188                ESP01_StateUDPTCP
 .text.ESP01_WriteRX
                0x080011c0       0x40 ./Core/Src/ESP01.o
                0x080011c0                ESP01_WriteRX
 .text.ESP01_Send
                0x08001200      0x15c ./Core/Src/ESP01.o
                0x08001200                ESP01_Send
 .text.ESP01_Init
                0x0800135c       0x78 ./Core/Src/ESP01.o
                0x0800135c                ESP01_Init
 .text.ESP01_Timeout10ms
                0x080013d4       0x60 ./Core/Src/ESP01.o
                0x080013d4                ESP01_Timeout10ms
 .text.ESP01_Task
                0x08001434       0x34 ./Core/Src/ESP01.o
                0x08001434                ESP01_Task
 .text.ESP01_AttachChangeState
                0x08001468       0x1c ./Core/Src/ESP01.o
                0x08001468                ESP01_AttachChangeState
 .text.ESP01_AttachDebugStr
                0x08001484       0x1c ./Core/Src/ESP01.o
                0x08001484                ESP01_AttachDebugStr
 .text.ESP01ATDecode
                0x080014a0      0x76c ./Core/Src/ESP01.o
 .text.ESP01DOConnection
                0x08001c0c      0x414 ./Core/Src/ESP01.o
 .text.ESP01SENDData
                0x08002020       0xf8 ./Core/Src/ESP01.o
 .text.ESP01StrToBufTX
                0x08002118       0x60 ./Core/Src/ESP01.o
 .text.ESP01ByteToBufTX
                0x08002178       0x40 ./Core/Src/ESP01.o
 .text.HCSR04_Init
                0x080021b8       0x4a ./Core/Src/hcsr04.o
                0x080021b8                HCSR04_Init
 .text.HCSR04_Trigger
                0x08002202       0x30 ./Core/Src/hcsr04.o
                0x08002202                HCSR04_Trigger
 *fill*         0x08002232        0x2 
 .text.HCSR04_Tick
                0x08002234      0x124 ./Core/Src/hcsr04.o
                0x08002234                HCSR04_Tick
 .text.ConnStr  0x08002358       0x58 ./Core/Src/main.o
                0x08002358                ConnStr
 .text.ModeStr  0x080023b0       0x38 ./Core/Src/main.o
                0x080023b0                ModeStr
 .text.UartTx_Send
                0x080023e8       0x88 ./Core/Src/main.o
                0x080023e8                UartTx_Send
 .text.UartTx_TxCpltCallback
                0x08002470       0x6c ./Core/Src/main.o
                0x08002470                UartTx_TxCpltCallback
 .text.ESP01_DebugCallback
                0x080024dc       0xb8 ./Core/Src/main.o
                0x080024dc                ESP01_DebugCallback
 .text.__io_putchar
                0x08002594       0x1c ./Core/Src/main.o
                0x08002594                __io_putchar
 .text.ESP01_DoCHPD
                0x080025b0       0x14 ./Core/Src/main.o
                0x080025b0                ESP01_DoCHPD
 .text.ESP01_WriteUSARTByte
                0x080025c4       0x28 ./Core/Src/main.o
                0x080025c4                ESP01_WriteUSARTByte
 .text.ESP01_WriteByteToBufRX
                0x080025ec       0x4c ./Core/Src/main.o
                0x080025ec                ESP01_WriteByteToBufRX
 .text.main     0x08002638      0x3e0 ./Core/Src/main.o
                0x08002638                main
 .text.SystemClock_Config
                0x08002a18       0xb6 ./Core/Src/main.o
                0x08002a18                SystemClock_Config
 *fill*         0x08002ace        0x2 
 .text.MX_ADC1_Init
                0x08002ad0       0xfc ./Core/Src/main.o
 .text.MX_TIM1_Init
                0x08002bcc      0x108 ./Core/Src/main.o
 .text.MX_TIM2_Init
                0x08002cd4       0x98 ./Core/Src/main.o
 .text.MX_TIM3_Init
                0x08002d6c      0x104 ./Core/Src/main.o
 .text.MX_TIM4_Init
                0x08002e70       0xf8 ./Core/Src/main.o
 .text.MX_USART1_UART_Init
                0x08002f68       0x54 ./Core/Src/main.o
 .text.MX_USART3_UART_Init
                0x08002fbc       0x54 ./Core/Src/main.o
 .text.MX_DMA_Init
                0x08003010       0x3c ./Core/Src/main.o
 .text.MX_GPIO_Init
                0x0800304c      0x114 ./Core/Src/main.o
 .text.HAL_TIM_PeriodElapsedCallback
                0x08003160       0x38 ./Core/Src/main.o
                0x08003160                HAL_TIM_PeriodElapsedCallback
 .text.HAL_SYSTICK_Callback
                0x08003198       0x7c ./Core/Src/main.o
                0x08003198                HAL_SYSTICK_Callback
 .text.UART1_Send
                0x08003214       0x28 ./Core/Src/main.o
                0x08003214                UART1_Send
 .text.HAL_UART_TxCpltCallback
                0x0800323c       0x44 ./Core/Src/main.o
                0x0800323c                HAL_UART_TxCpltCallback
 .text.HAL_UART_ErrorCallback
                0x08003280       0x30 ./Core/Src/main.o
                0x08003280                HAL_UART_ErrorCallback
 .text.CmdParser
                0x080032b0      0x2ac ./Core/Src/main.o
                0x080032b0                CmdParser
 .text.onESP01StateChange
                0x0800355c       0x38 ./Core/Src/main.o
                0x0800355c                onESP01StateChange
 .text.HAL_UART_RxCpltCallback
                0x08003594       0x94 ./Core/Src/main.o
                0x08003594                HAL_UART_RxCpltCallback
 .text.sonar_result
                0x08003628       0x1c ./Core/Src/main.o
                0x08003628                sonar_result
 .text.trigger_set
                0x08003644       0x30 ./Core/Src/main.o
                0x08003644                trigger_set
 .text.echo_get
                0x08003674       0x24 ./Core/Src/main.o
                0x08003674                echo_get
 .text.Error_Handler
                0x08003698        0xc ./Core/Src/main.o
                0x08003698                Error_Handler
 .text.Protocolo_Init
                0x080036a4       0x54 ./Core/Src/protocolo.o
                0x080036a4                Protocolo_Init
 .text.Protocolo_SetCmdParser
                0x080036f8       0x1c ./Core/Src/protocolo.o
                0x080036f8                Protocolo_SetCmdParser
 .text.Decode   0x08003714      0x1d0 ./Core/Src/protocolo.o
                0x08003714                Decode
 .text.Encode   0x080038e4      0x258 ./Core/Src/protocolo.o
                0x080038e4                Encode
 .text.i2c_delay
                0x08003b3c       0x24 ./Core/Src/soft_i2c.o
 .text.i2c_start
                0x08003b60       0x40 ./Core/Src/soft_i2c.o
 .text.i2c_stop
                0x08003ba0       0x34 ./Core/Src/soft_i2c.o
 .text.i2c_write_byte
                0x08003bd4       0x98 ./Core/Src/soft_i2c.o
 .text.soft_i2c_write
                0x08003c6c       0x50 ./Core/Src/soft_i2c.o
                0x08003c6c                soft_i2c_write
 .text.send_cmd
                0x08003cbc       0x2c ./Core/Src/ssd1306.o
 .text.send_data
                0x08003ce8       0xa6 ./Core/Src/ssd1306.o
 *fill*         0x08003d8e        0x2 
 .text.SSD1306_Init
                0x08003d90       0x60 ./Core/Src/ssd1306.o
                0x08003d90                SSD1306_Init
 .text.SSD1306_Clear
                0x08003df0       0x28 ./Core/Src/ssd1306.o
                0x08003df0                SSD1306_Clear
 .text.SSD1306_DrawPixel
                0x08003e18       0xaa ./Core/Src/ssd1306.o
                0x08003e18                SSD1306_DrawPixel
 *fill*         0x08003ec2        0x2 
 .text.SSD1306_DrawChar
                0x08003ec4       0xd4 ./Core/Src/ssd1306.o
                0x08003ec4                SSD1306_DrawChar
 .text.SSD1306_DrawText
                0x08003f98       0x5a ./Core/Src/ssd1306.o
                0x08003f98                SSD1306_DrawText
 .text.SSD1306_Update
                0x08003ff2       0x5e ./Core/Src/ssd1306.o
                0x08003ff2                SSD1306_Update
 .text.HAL_MspInit
                0x08004050       0x64 ./Core/Src/stm32f1xx_hal_msp.o
                0x08004050                HAL_MspInit
 .text.HAL_ADC_MspInit
                0x080040b4       0xd0 ./Core/Src/stm32f1xx_hal_msp.o
                0x080040b4                HAL_ADC_MspInit
 .text.HAL_TIM_PWM_MspInit
                0x08004184       0x3c ./Core/Src/stm32f1xx_hal_msp.o
                0x08004184                HAL_TIM_PWM_MspInit
 .text.HAL_TIM_Base_MspInit
                0x080041c0       0x98 ./Core/Src/stm32f1xx_hal_msp.o
                0x080041c0                HAL_TIM_Base_MspInit
 .text.HAL_TIM_MspPostInit
                0x08004258       0xac ./Core/Src/stm32f1xx_hal_msp.o
                0x08004258                HAL_TIM_MspPostInit
 .text.HAL_UART_MspInit
                0x08004304      0x130 ./Core/Src/stm32f1xx_hal_msp.o
                0x08004304                HAL_UART_MspInit
 .text.NMI_Handler
                0x08004434        0x8 ./Core/Src/stm32f1xx_it.o
                0x08004434                NMI_Handler
 .text.HardFault_Handler
                0x0800443c        0x8 ./Core/Src/stm32f1xx_it.o
                0x0800443c                HardFault_Handler
 .text.MemManage_Handler
                0x08004444        0x8 ./Core/Src/stm32f1xx_it.o
                0x08004444                MemManage_Handler
 .text.BusFault_Handler
                0x0800444c        0x8 ./Core/Src/stm32f1xx_it.o
                0x0800444c                BusFault_Handler
 .text.UsageFault_Handler
                0x08004454        0x8 ./Core/Src/stm32f1xx_it.o
                0x08004454                UsageFault_Handler
 .text.SVC_Handler
                0x0800445c        0xc ./Core/Src/stm32f1xx_it.o
                0x0800445c                SVC_Handler
 .text.DebugMon_Handler
                0x08004468        0xc ./Core/Src/stm32f1xx_it.o
                0x08004468                DebugMon_Handler
 .text.PendSV_Handler
                0x08004474        0xc ./Core/Src/stm32f1xx_it.o
                0x08004474                PendSV_Handler
 .text.SysTick_Handler
                0x08004480       0x10 ./Core/Src/stm32f1xx_it.o
                0x08004480                SysTick_Handler
 .text.DMA1_Channel1_IRQHandler
                0x08004490       0x14 ./Core/Src/stm32f1xx_it.o
                0x08004490                DMA1_Channel1_IRQHandler
 .text.TIM2_IRQHandler
                0x080044a4       0x14 ./Core/Src/stm32f1xx_it.o
                0x080044a4                TIM2_IRQHandler
 .text.USART1_IRQHandler
                0x080044b8       0x14 ./Core/Src/stm32f1xx_it.o
                0x080044b8                USART1_IRQHandler
 .text.USART3_IRQHandler
                0x080044cc       0x14 ./Core/Src/stm32f1xx_it.o
                0x080044cc                USART3_IRQHandler
 .text._getpid  0x080044e0        0xe ./Core/Src/syscalls.o
                0x080044e0                _getpid
 .text._kill    0x080044ee       0x20 ./Core/Src/syscalls.o
                0x080044ee                _kill
 .text._exit    0x0800450e       0x16 ./Core/Src/syscalls.o
                0x0800450e                _exit
 .text._read    0x08004524       0x3a ./Core/Src/syscalls.o
                0x08004524                _read
 .text._write   0x0800455e       0x38 ./Core/Src/syscalls.o
                0x0800455e                _write
 .text._close   0x08004596       0x16 ./Core/Src/syscalls.o
                0x08004596                _close
 .text._fstat   0x080045ac       0x1e ./Core/Src/syscalls.o
                0x080045ac                _fstat
 .text._isatty  0x080045ca       0x14 ./Core/Src/syscalls.o
                0x080045ca                _isatty
 .text._lseek   0x080045de       0x18 ./Core/Src/syscalls.o
                0x080045de                _lseek
 *fill*         0x080045f6        0x2 
 .text._sbrk    0x080045f8       0x6c ./Core/Src/sysmem.o
                0x080045f8                _sbrk
 .text.SystemInit
                0x08004664        0xc ./Core/Src/system_stm32f1xx.o
                0x08004664                SystemInit
 .text.Reset_Handler
                0x08004670       0x48 ./Core/Startup/startup_stm32f103c8tx.o
                0x08004670                Reset_Handler
 .text.Default_Handler
                0x080046b8        0x2 ./Core/Startup/startup_stm32f103c8tx.o
                0x080046b8                RTC_Alarm_IRQHandler
                0x080046b8                EXTI2_IRQHandler
                0x080046b8                TIM1_CC_IRQHandler
                0x080046b8                PVD_IRQHandler
                0x080046b8                EXTI3_IRQHandler
                0x080046b8                EXTI0_IRQHandler
                0x080046b8                I2C2_EV_IRQHandler
                0x080046b8                ADC1_2_IRQHandler
                0x080046b8                SPI1_IRQHandler
                0x080046b8                TAMPER_IRQHandler
                0x080046b8                DMA1_Channel4_IRQHandler
                0x080046b8                RTC_IRQHandler
                0x080046b8                DMA1_Channel7_IRQHandler
                0x080046b8                CAN1_RX1_IRQHandler
                0x080046b8                TIM4_IRQHandler
                0x080046b8                I2C1_EV_IRQHandler
                0x080046b8                DMA1_Channel6_IRQHandler
                0x080046b8                TIM3_IRQHandler
                0x080046b8                RCC_IRQHandler
                0x080046b8                TIM1_TRG_COM_IRQHandler
                0x080046b8                Default_Handler
                0x080046b8                EXTI15_10_IRQHandler
                0x080046b8                EXTI9_5_IRQHandler
                0x080046b8                SPI2_IRQHandler
                0x080046b8                DMA1_Channel5_IRQHandler
                0x080046b8                EXTI4_IRQHandler
                0x080046b8                USB_LP_CAN1_RX0_IRQHandler
                0x080046b8                USB_HP_CAN1_TX_IRQHandler
                0x080046b8                DMA1_Channel3_IRQHandler
                0x080046b8                TIM1_UP_IRQHandler
                0x080046b8                WWDG_IRQHandler
                0x080046b8                TIM1_BRK_IRQHandler
                0x080046b8                EXTI1_IRQHandler
                0x080046b8                USART2_IRQHandler
                0x080046b8                I2C2_ER_IRQHandler
                0x080046b8                DMA1_Channel2_IRQHandler
                0x080046b8                CAN1_SCE_IRQHandler
                0x080046b8                FLASH_IRQHandler
                0x080046b8                I2C1_ER_IRQHandler
                0x080046b8                USBWakeUp_IRQHandler
 *fill*         0x080046ba        0x2 
 .text.HAL_Init
                0x080046bc       0x2c ./Drivers/STM32F1xx_HAL_Driver/Src/stm32f1xx_hal.o
                0x080046bc                HAL_Init
 .text.HAL_InitTick
                0x080046e8       0x60 ./Drivers/STM32F1xx_HAL_Driver/Src/stm32f1xx_hal.o
                0x080046e8                HAL_InitTick
 .text.HAL_IncTick
                0x08004748       0x24 ./Drivers/STM32F1xx_HAL_Driver/Src/stm32f1xx_hal.o
                0x08004748                HAL_IncTick
 .text.HAL_GetTick
                0x0800476c       0x14 ./Drivers/STM32F1xx_HAL_Driver/Src/stm32f1xx_hal.o
                0x0800476c                HAL_GetTick
 .text.HAL_ADC_Init
                0x08004780      0x1b0 ./Drivers/STM32F1xx_HAL_Driver/Src/stm32f1xx_hal_adc.o
                0x08004780                HAL_ADC_Init
 .text.HAL_ADC_Start_DMA
                0x08004930      0x1bc ./Drivers/STM32F1xx_HAL_Driver/Src/stm32f1xx_hal_adc.o
                0x08004930                HAL_ADC_Start_DMA
 .text.HAL_ADC_ConvCpltCallback
                0x08004aec       0x12 ./Drivers/STM32F1xx_HAL_Driver/Src/stm32f1xx_hal_adc.o
                0x08004aec                HAL_ADC_ConvCpltCallback
 .text.HAL_ADC_ConvHalfCpltCallback
                0x08004afe       0x12 ./Drivers/STM32F1xx_HAL_Driver/Src/stm32f1xx_hal_adc.o
                0x08004afe                HAL_ADC_ConvHalfCpltCallback
 .text.HAL_ADC_ErrorCallback
                0x08004b10       0x12 ./Drivers/STM32F1xx_HAL_Driver/Src/stm32f1xx_hal_adc.o
                0x08004b10                HAL_ADC_ErrorCallback
 *fill*         0x08004b22        0x2 
 .text.HAL_ADC_ConfigChannel
                0x08004b24      0x1f0 ./Drivers/STM32F1xx_HAL_Driver/Src/stm32f1xx_hal_adc.o
                0x08004b24                HAL_ADC_ConfigChannel
 .text.ADC_Enable
                0x08004d14       0xb4 ./Drivers/STM32F1xx_HAL_Driver/Src/stm32f1xx_hal_adc.o
                0x08004d14                ADC_Enable
 .text.ADC_ConversionStop_Disable
                0x08004dc8       0x82 ./Drivers/STM32F1xx_HAL_Driver/Src/stm32f1xx_hal_adc.o
                0x08004dc8                ADC_ConversionStop_Disable
 .text.ADC_DMAConvCplt
                0x08004e4a       0x7c ./Drivers/STM32F1xx_HAL_Driver/Src/stm32f1xx_hal_adc.o
                0x08004e4a                ADC_DMAConvCplt
 .text.ADC_DMAHalfConvCplt
                0x08004ec6       0x1c ./Drivers/STM32F1xx_HAL_Driver/Src/stm32f1xx_hal_adc.o
                0x08004ec6                ADC_DMAHalfConvCplt
 .text.ADC_DMAError
                0x08004ee2       0x34 ./Drivers/STM32F1xx_HAL_Driver/Src/stm32f1xx_hal_adc.o
                0x08004ee2                ADC_DMAError
 *fill*         0x08004f16        0x2 
 .text.HAL_ADCEx_Calibration_Start
                0x08004f18      0x15c ./Drivers/STM32F1xx_HAL_Driver/Src/stm32f1xx_hal_adc_ex.o
                0x08004f18                HAL_ADCEx_Calibration_Start
 .text.__NVIC_SetPriorityGrouping
                0x08005074       0x48 ./Drivers/STM32F1xx_HAL_Driver/Src/stm32f1xx_hal_cortex.o
 .text.__NVIC_GetPriorityGrouping
                0x080050bc       0x1c ./Drivers/STM32F1xx_HAL_Driver/Src/stm32f1xx_hal_cortex.o
 .text.__NVIC_EnableIRQ
                0x080050d8       0x38 ./Drivers/STM32F1xx_HAL_Driver/Src/stm32f1xx_hal_cortex.o
 .text.__NVIC_SetPriority
                0x08005110       0x54 ./Drivers/STM32F1xx_HAL_Driver/Src/stm32f1xx_hal_cortex.o
 .text.NVIC_EncodePriority
                0x08005164       0x64 ./Drivers/STM32F1xx_HAL_Driver/Src/stm32f1xx_hal_cortex.o
 .text.SysTick_Config
                0x080051c8       0x44 ./Drivers/STM32F1xx_HAL_Driver/Src/stm32f1xx_hal_cortex.o
 .text.HAL_NVIC_SetPriorityGrouping
                0x0800520c       0x16 ./Drivers/STM32F1xx_HAL_Driver/Src/stm32f1xx_hal_cortex.o
                0x0800520c                HAL_NVIC_SetPriorityGrouping
 .text.HAL_NVIC_SetPriority
                0x08005222       0x38 ./Drivers/STM32F1xx_HAL_Driver/Src/stm32f1xx_hal_cortex.o
                0x08005222                HAL_NVIC_SetPriority
 .text.HAL_NVIC_EnableIRQ
                0x0800525a       0x1c ./Drivers/STM32F1xx_HAL_Driver/Src/stm32f1xx_hal_cortex.o
                0x0800525a                HAL_NVIC_EnableIRQ
 .text.HAL_SYSTICK_Config
                0x08005276       0x18 ./Drivers/STM32F1xx_HAL_Driver/Src/stm32f1xx_hal_cortex.o
                0x08005276                HAL_SYSTICK_Config
 .text.HAL_SYSTICK_IRQHandler
                0x0800528e        0xc ./Drivers/STM32F1xx_HAL_Driver/Src/stm32f1xx_hal_cortex.o
                0x0800528e                HAL_SYSTICK_IRQHandler
 *fill*         0x0800529a        0x2 
 .text.HAL_DMA_Init
                0x0800529c       0xb4 ./Drivers/STM32F1xx_HAL_Driver/Src/stm32f1xx_hal_dma.o
                0x0800529c                HAL_DMA_Init
 .text.HAL_DMA_Start_IT
                0x08005350       0xc0 ./Drivers/STM32F1xx_HAL_Driver/Src/stm32f1xx_hal_dma.o
                0x08005350                HAL_DMA_Start_IT
 .text.HAL_DMA_Abort
                0x08005410       0x76 ./Drivers/STM32F1xx_HAL_Driver/Src/stm32f1xx_hal_dma.o
                0x08005410                HAL_DMA_Abort
 *fill*         0x08005486        0x2 
 .text.HAL_DMA_Abort_IT
                0x08005488       0xf0 ./Drivers/STM32F1xx_HAL_Driver/Src/stm32f1xx_hal_dma.o
                0x08005488                HAL_DMA_Abort_IT
 .text.HAL_DMA_IRQHandler
                0x08005578      0x20c ./Drivers/STM32F1xx_HAL_Driver/Src/stm32f1xx_hal_dma.o
                0x08005578                HAL_DMA_IRQHandler
 .text.DMA_SetConfig
                0x08005784       0x5a ./Drivers/STM32F1xx_HAL_Driver/Src/stm32f1xx_hal_dma.o
 *fill*         0x080057de        0x2 
 .text.HAL_GPIO_Init
                0x080057e0      0x308 ./Drivers/STM32F1xx_HAL_Driver/Src/stm32f1xx_hal_gpio.o
                0x080057e0                HAL_GPIO_Init
 .text.HAL_GPIO_ReadPin
                0x08005ae8       0x2e ./Drivers/STM32F1xx_HAL_Driver/Src/stm32f1xx_hal_gpio.o
                0x08005ae8                HAL_GPIO_ReadPin
 .text.HAL_GPIO_WritePin
                0x08005b16       0x30 ./Drivers/STM32F1xx_HAL_Driver/Src/stm32f1xx_hal_gpio.o
                0x08005b16                HAL_GPIO_WritePin
 *fill*         0x08005b46        0x2 
 .text.HAL_RCC_OscConfig
                0x08005b48      0x504 ./Drivers/STM32F1xx_HAL_Driver/Src/stm32f1xx_hal_rcc.o
                0x08005b48                HAL_RCC_OscConfig
 .text.HAL_RCC_ClockConfig
                0x0800604c      0x1d4 ./Drivers/STM32F1xx_HAL_Driver/Src/stm32f1xx_hal_rcc.o
                0x0800604c                HAL_RCC_ClockConfig
 .text.HAL_RCC_GetSysClockFreq
                0x08006220       0xa8 ./Drivers/STM32F1xx_HAL_Driver/Src/stm32f1xx_hal_rcc.o
                0x08006220                HAL_RCC_GetSysClockFreq
 .text.HAL_RCC_GetHCLKFreq
                0x080062c8       0x14 ./Drivers/STM32F1xx_HAL_Driver/Src/stm32f1xx_hal_rcc.o
                0x080062c8                HAL_RCC_GetHCLKFreq
 .text.HAL_RCC_GetPCLK1Freq
                0x080062dc       0x28 ./Drivers/STM32F1xx_HAL_Driver/Src/stm32f1xx_hal_rcc.o
                0x080062dc                HAL_RCC_GetPCLK1Freq
 .text.HAL_RCC_GetPCLK2Freq
                0x08006304       0x28 ./Drivers/STM32F1xx_HAL_Driver/Src/stm32f1xx_hal_rcc.o
                0x08006304                HAL_RCC_GetPCLK2Freq
 .text.RCC_Delay
                0x0800632c       0x3c ./Drivers/STM32F1xx_HAL_Driver/Src/stm32f1xx_hal_rcc.o
 .text.HAL_RCCEx_PeriphCLKConfig
                0x08006368      0x16c ./Drivers/STM32F1xx_HAL_Driver/Src/stm32f1xx_hal_rcc_ex.o
                0x08006368                HAL_RCCEx_PeriphCLKConfig
 .text.HAL_RCCEx_GetPeriphCLKFreq
                0x080064d4      0x16c ./Drivers/STM32F1xx_HAL_Driver/Src/stm32f1xx_hal_rcc_ex.o
                0x080064d4                HAL_RCCEx_GetPeriphCLKFreq
 .text.HAL_TIM_Base_Init
                0x08006640       0x9e ./Drivers/STM32F1xx_HAL_Driver/Src/stm32f1xx_hal_tim.o
                0x08006640                HAL_TIM_Base_Init
 *fill*         0x080066de        0x2 
 .text.HAL_TIM_Base_Start
                0x080066e0       0x94 ./Drivers/STM32F1xx_HAL_Driver/Src/stm32f1xx_hal_tim.o
                0x080066e0                HAL_TIM_Base_Start
 .text.HAL_TIM_Base_Start_IT
                0x08006774       0xa4 ./Drivers/STM32F1xx_HAL_Driver/Src/stm32f1xx_hal_tim.o
                0x08006774                HAL_TIM_Base_Start_IT
 .text.HAL_TIM_OC_Init
                0x08006818       0x9e ./Drivers/STM32F1xx_HAL_Driver/Src/stm32f1xx_hal_tim.o
                0x08006818                HAL_TIM_OC_Init
 .text.HAL_TIM_OC_MspInit
                0x080068b6       0x12 ./Drivers/STM32F1xx_HAL_Driver/Src/stm32f1xx_hal_tim.o
                0x080068b6                HAL_TIM_OC_MspInit
 .text.HAL_TIM_OC_Start
                0x080068c8      0x144 ./Drivers/STM32F1xx_HAL_Driver/Src/stm32f1xx_hal_tim.o
                0x080068c8                HAL_TIM_OC_Start
 .text.HAL_TIM_PWM_Init
                0x08006a0c       0x9e ./Drivers/STM32F1xx_HAL_Driver/Src/stm32f1xx_hal_tim.o
                0x08006a0c                HAL_TIM_PWM_Init
 *fill*         0x08006aaa        0x2 
 .text.HAL_TIM_PWM_Start
                0x08006aac      0x144 ./Drivers/STM32F1xx_HAL_Driver/Src/stm32f1xx_hal_tim.o
                0x08006aac                HAL_TIM_PWM_Start
 .text.HAL_TIM_IRQHandler
                0x08006bf0      0x1e0 ./Drivers/STM32F1xx_HAL_Driver/Src/stm32f1xx_hal_tim.o
                0x08006bf0                HAL_TIM_IRQHandler
 .text.HAL_TIM_OC_ConfigChannel
                0x08006dd0       0xb8 ./Drivers/STM32F1xx_HAL_Driver/Src/stm32f1xx_hal_tim.o
                0x08006dd0                HAL_TIM_OC_ConfigChannel
 .text.HAL_TIM_PWM_ConfigChannel
                0x08006e88      0x184 ./Drivers/STM32F1xx_HAL_Driver/Src/stm32f1xx_hal_tim.o
                0x08006e88                HAL_TIM_PWM_ConfigChannel
 .text.HAL_TIM_ConfigClockSource
                0x0800700c      0x18e ./Drivers/STM32F1xx_HAL_Driver/Src/stm32f1xx_hal_tim.o
                0x0800700c                HAL_TIM_ConfigClockSource
 .text.HAL_TIM_OC_DelayElapsedCallback
                0x0800719a       0x12 ./Drivers/STM32F1xx_HAL_Driver/Src/stm32f1xx_hal_tim.o
                0x0800719a                HAL_TIM_OC_DelayElapsedCallback
 .text.HAL_TIM_IC_CaptureCallback
                0x080071ac       0x12 ./Drivers/STM32F1xx_HAL_Driver/Src/stm32f1xx_hal_tim.o
                0x080071ac                HAL_TIM_IC_CaptureCallback
 .text.HAL_TIM_PWM_PulseFinishedCallback
                0x080071be       0x12 ./Drivers/STM32F1xx_HAL_Driver/Src/stm32f1xx_hal_tim.o
                0x080071be                HAL_TIM_PWM_PulseFinishedCallback
 .text.HAL_TIM_TriggerCallback
                0x080071d0       0x12 ./Drivers/STM32F1xx_HAL_Driver/Src/stm32f1xx_hal_tim.o
                0x080071d0                HAL_TIM_TriggerCallback
 *fill*         0x080071e2        0x2 
 .text.TIM_Base_SetConfig
                0x080071e4       0xdc ./Drivers/STM32F1xx_HAL_Driver/Src/stm32f1xx_hal_tim.o
                0x080071e4                TIM_Base_SetConfig
 .text.TIM_OC1_SetConfig
                0x080072c0       0xcc ./Drivers/STM32F1xx_HAL_Driver/Src/stm32f1xx_hal_tim.o
 .text.TIM_OC2_SetConfig
                0x0800738c       0xd4 ./Drivers/STM32F1xx_HAL_Driver/Src/stm32f1xx_hal_tim.o
                0x0800738c                TIM_OC2_SetConfig
 .text.TIM_OC3_SetConfig
                0x08007460       0xd4 ./Drivers/STM32F1xx_HAL_Driver/Src/stm32f1xx_hal_tim.o
 .text.TIM_OC4_SetConfig
                0x08007534       0x9c ./Drivers/STM32F1xx_HAL_Driver/Src/stm32f1xx_hal_tim.o
 .text.TIM_TI1_ConfigInputStage
                0x080075d0       0x5c ./Drivers/STM32F1xx_HAL_Driver/Src/stm32f1xx_hal_tim.o
 .text.TIM_TI2_ConfigInputStage
                0x0800762c       0x5e ./Drivers/STM32F1xx_HAL_Driver/Src/stm32f1xx_hal_tim.o
 .text.TIM_ITRx_SetConfig
                0x0800768a       0x34 ./Drivers/STM32F1xx_HAL_Driver/Src/stm32f1xx_hal_tim.o
 .text.TIM_ETR_SetConfig
                0x080076be       0x3e ./Drivers/STM32F1xx_HAL_Driver/Src/stm32f1xx_hal_tim.o
                0x080076be                TIM_ETR_SetConfig
 .text.TIM_CCxChannelCmd
                0x080076fc       0x48 ./Drivers/STM32F1xx_HAL_Driver/Src/stm32f1xx_hal_tim.o
                0x080076fc                TIM_CCxChannelCmd
 .text.HAL_TIMEx_MasterConfigSynchronization
                0x08007744       0xbc ./Drivers/STM32F1xx_HAL_Driver/Src/stm32f1xx_hal_tim_ex.o
                0x08007744                HAL_TIMEx_MasterConfigSynchronization
 .text.HAL_TIMEx_ConfigBreakDeadTime
                0x08007800       0xa2 ./Drivers/STM32F1xx_HAL_Driver/Src/stm32f1xx_hal_tim_ex.o
                0x08007800                HAL_TIMEx_ConfigBreakDeadTime
 .text.HAL_TIMEx_CommutCallback
                0x080078a2       0x12 ./Drivers/STM32F1xx_HAL_Driver/Src/stm32f1xx_hal_tim_ex.o
                0x080078a2                HAL_TIMEx_CommutCallback
 .text.HAL_TIMEx_BreakCallback
                0x080078b4       0x12 ./Drivers/STM32F1xx_HAL_Driver/Src/stm32f1xx_hal_tim_ex.o
                0x080078b4                HAL_TIMEx_BreakCallback
 .text.HAL_UART_Init
                0x080078c6       0xa0 ./Drivers/STM32F1xx_HAL_Driver/Src/stm32f1xx_hal_uart.o
                0x080078c6                HAL_UART_Init
 .text.HAL_UART_Transmit_IT
                0x08007966       0x6a ./Drivers/STM32F1xx_HAL_Driver/Src/stm32f1xx_hal_uart.o
                0x08007966                HAL_UART_Transmit_IT
 .text.HAL_UART_Receive_IT
                0x080079d0       0x4a ./Drivers/STM32F1xx_HAL_Driver/Src/stm32f1xx_hal_uart.o
                0x080079d0                HAL_UART_Receive_IT
 *fill*         0x08007a1a        0x2 
 .text.HAL_UART_IRQHandler
                0x08007a1c      0x524 ./Drivers/STM32F1xx_HAL_Driver/Src/stm32f1xx_hal_uart.o
                0x08007a1c                HAL_UART_IRQHandler
 .text.HAL_UARTEx_RxEventCallback
                0x08007f40       0x16 ./Drivers/STM32F1xx_HAL_Driver/Src/stm32f1xx_hal_uart.o
                0x08007f40                HAL_UARTEx_RxEventCallback
 .text.UART_Start_Receive_IT
                0x08007f56       0x72 ./Drivers/STM32F1xx_HAL_Driver/Src/stm32f1xx_hal_uart.o
                0x08007f56                UART_Start_Receive_IT
 .text.UART_EndRxTransfer
                0x08007fc8       0xc4 ./Drivers/STM32F1xx_HAL_Driver/Src/stm32f1xx_hal_uart.o
 .text.UART_DMAAbortOnError
                0x0800808c       0x28 ./Drivers/STM32F1xx_HAL_Driver/Src/stm32f1xx_hal_uart.o
 .text.UART_Transmit_IT
                0x080080b4       0x9e ./Drivers/STM32F1xx_HAL_Driver/Src/stm32f1xx_hal_uart.o
 .text.UART_EndTransmit_IT
                0x08008152       0x30 ./Drivers/STM32F1xx_HAL_Driver/Src/stm32f1xx_hal_uart.o
 .text.UART_Receive_IT
                0x08008182      0x17c ./Drivers/STM32F1xx_HAL_Driver/Src/stm32f1xx_hal_uart.o
 *fill*         0x080082fe        0x2 
 .text.UART_SetConfig
                0x08008300      0x11c ./Drivers/STM32F1xx_HAL_Driver/Src/stm32f1xx_hal_uart.o
 .text.__itoa   0x0800841c       0x30 C:/ST/STM32CubeIDE_2.1.1/STM32CubeIDE/plugins/com.st.stm32cube.ide.mcu.externaltools.gnu-tools-for-stm32.14.3.rel1.win32_1.0.100.202602081740/tools/bin/../lib/gcc/arm-none-eabi/14.3.1/../../../../arm-none-eabi/lib/thumb/v7-m/nofp\libc_nano.a(libc_a-itoa.o)
                0x0800841c                __itoa
 .text.itoa     0x0800844c        0x4 C:/ST/STM32CubeIDE_2.1.1/STM32CubeIDE/plugins/com.st.stm32cube.ide.mcu.externaltools.gnu-tools-for-stm32.14.3.rel1.win32_1.0.100.202602081740/tools/bin/../lib/gcc/arm-none-eabi/14.3.1/../../../../arm-none-eabi/lib/thumb/v7-m/nofp\libc_nano.a(libc_a-itoa.o)
                0x0800844c                itoa
 .text.__utoa   0x08008450       0x84 C:/ST/STM32CubeIDE_2.1.1/STM32CubeIDE/plugins/com.st.stm32cube.ide.mcu.externaltools.gnu-tools-for-stm32.14.3.rel1.win32_1.0.100.202602081740/tools/bin/../lib/gcc/arm-none-eabi/14.3.1/../../../../arm-none-eabi/lib/thumb/v7-m/nofp\libc_nano.a(libc_a-utoa.o)
                0x08008450                __utoa
 .text.__cvt    0x080084d4       0xc8 C:/ST/STM32CubeIDE_2.1.1/STM32CubeIDE/plugins/com.st.stm32cube.ide.mcu.externaltools.gnu-tools-for-stm32.14.3.rel1.win32_1.0.100.202602081740/tools/bin/../lib/gcc/arm-none-eabi/14.3.1/../../../../arm-none-eabi/lib/thumb/v7-m/nofp\libc_nano.a(libc_a-nano-vfprintf_float.o)
                0x080084d4                __cvt
 .text.__exponent
                0x0800859c       0x74 C:/ST/STM32CubeIDE_2.1.1/STM32CubeIDE/plugins/com.st.stm32cube.ide.mcu.externaltools.gnu-tools-for-stm32.14.3.rel1.win32_1.0.100.202602081740/tools/bin/../lib/gcc/arm-none-eabi/14.3.1/../../../../arm-none-eabi/lib/thumb/v7-m/nofp\libc_nano.a(libc_a-nano-vfprintf_float.o)
                0x0800859c                __exponent
 .text._printf_float
                0x08008610      0x458 C:/ST/STM32CubeIDE_2.1.1/STM32CubeIDE/plugins/com.st.stm32cube.ide.mcu.externaltools.gnu-tools-for-stm32.14.3.rel1.win32_1.0.100.202602081740/tools/bin/../lib/gcc/arm-none-eabi/14.3.1/../../../../arm-none-eabi/lib/thumb/v7-m/nofp\libc_nano.a(libc_a-nano-vfprintf_float.o)
                0x08008610                _printf_float
 .text._printf_common
                0x08008a68       0xe4 C:/ST/STM32CubeIDE_2.1.1/STM32CubeIDE/plugins/com.st.stm32cube.ide.mcu.externaltools.gnu-tools-for-stm32.14.3.rel1.win32_1.0.100.202602081740/tools/bin/../lib/gcc/arm-none-eabi/14.3.1/../../../../arm-none-eabi/lib/thumb/v7-m/nofp\libc_nano.a(libc_a-nano-vfprintf_i.o)
                0x08008a68                _printf_common
 .text._printf_i
                0x08008b4c      0x24c C:/ST/STM32CubeIDE_2.1.1/STM32CubeIDE/plugins/com.st.stm32cube.ide.mcu.externaltools.gnu-tools-for-stm32.14.3.rel1.win32_1.0.100.202602081740/tools/bin/../lib/gcc/arm-none-eabi/14.3.1/../../../../arm-none-eabi/lib/thumb/v7-m/nofp\libc_nano.a(libc_a-nano-vfprintf_i.o)
                0x08008b4c                _printf_i
 .text.std      0x08008d98       0x6c C:/ST/STM32CubeIDE_2.1.1/STM32CubeIDE/plugins/com.st.stm32cube.ide.mcu.externaltools.gnu-tools-for-stm32.14.3.rel1.win32_1.0.100.202602081740/tools/bin/../lib/gcc/arm-none-eabi/14.3.1/../../../../arm-none-eabi/lib/thumb/v7-m/nofp\libc_nano.a(libc_a-findfp.o)
 .text.stdio_exit_handler
                0x08008e04       0x18 C:/ST/STM32CubeIDE_2.1.1/STM32CubeIDE/plugins/com.st.stm32cube.ide.mcu.externaltools.gnu-tools-for-stm32.14.3.rel1.win32_1.0.100.202602081740/tools/bin/../lib/gcc/arm-none-eabi/14.3.1/../../../../arm-none-eabi/lib/thumb/v7-m/nofp\libc_nano.a(libc_a-findfp.o)
 .text.cleanup_stdio
                0x08008e1c       0x40 C:/ST/STM32CubeIDE_2.1.1/STM32CubeIDE/plugins/com.st.stm32cube.ide.mcu.externaltools.gnu-tools-for-stm32.14.3.rel1.win32_1.0.100.202602081740/tools/bin/../lib/gcc/arm-none-eabi/14.3.1/../../../../arm-none-eabi/lib/thumb/v7-m/nofp\libc_nano.a(libc_a-findfp.o)
 .text.global_stdio_init.part.0
                0x08008e5c       0x40 C:/ST/STM32CubeIDE_2.1.1/STM32CubeIDE/plugins/com.st.stm32cube.ide.mcu.externaltools.gnu-tools-for-stm32.14.3.rel1.win32_1.0.100.202602081740/tools/bin/../lib/gcc/arm-none-eabi/14.3.1/../../../../arm-none-eabi/lib/thumb/v7-m/nofp\libc_nano.a(libc_a-findfp.o)
 .text.__sfp_lock_acquire
                0x08008e9c        0xc C:/ST/STM32CubeIDE_2.1.1/STM32CubeIDE/plugins/com.st.stm32cube.ide.mcu.externaltools.gnu-tools-for-stm32.14.3.rel1.win32_1.0.100.202602081740/tools/bin/../lib/gcc/arm-none-eabi/14.3.1/../../../../arm-none-eabi/lib/thumb/v7-m/nofp\libc_nano.a(libc_a-findfp.o)
                0x08008e9c                __sfp_lock_acquire
 .text.__sfp_lock_release
                0x08008ea8        0xc C:/ST/STM32CubeIDE_2.1.1/STM32CubeIDE/plugins/com.st.stm32cube.ide.mcu.externaltools.gnu-tools-for-stm32.14.3.rel1.win32_1.0.100.202602081740/tools/bin/../lib/gcc/arm-none-eabi/14.3.1/../../../../arm-none-eabi/lib/thumb/v7-m/nofp\libc_nano.a(libc_a-findfp.o)
                0x08008ea8                __sfp_lock_release
 .text.__sinit  0x08008eb4       0x30 C:/ST/STM32CubeIDE_2.1.1/STM32CubeIDE/plugins/com.st.stm32cube.ide.mcu.externaltools.gnu-tools-for-stm32.14.3.rel1.win32_1.0.100.202602081740/tools/bin/../lib/gcc/arm-none-eabi/14.3.1/../../../../arm-none-eabi/lib/thumb/v7-m/nofp\libc_nano.a(libc_a-findfp.o)
                0x08008eb4                __sinit
 .text._fwalk_sglue
                0x08008ee4       0x3c C:/ST/STM32CubeIDE_2.1.1/STM32CubeIDE/plugins/com.st.stm32cube.ide.mcu.externaltools.gnu-tools-for-stm32.14.3.rel1.win32_1.0.100.202602081740/tools/bin/../lib/gcc/arm-none-eabi/14.3.1/../../../../arm-none-eabi/lib/thumb/v7-m/nofp\libc_nano.a(libc_a-fwalk.o)
                0x08008ee4                _fwalk_sglue
 .text.sprintf  0x08008f20       0x44 C:/ST/STM32CubeIDE_2.1.1/STM32CubeIDE/plugins/com.st.stm32cube.ide.mcu.externaltools.gnu-tools-for-stm32.14.3.rel1.win32_1.0.100.202602081740/tools/bin/../lib/gcc/arm-none-eabi/14.3.1/../../../../arm-none-eabi/lib/thumb/v7-m/nofp\libc_nano.a(libc_a-sprintf.o)
                0x08008f20                siprintf
                0x08008f20                sprintf
 .text.__sread  0x08008f64       0x22 C:/ST/STM32CubeIDE_2.1.1/STM32CubeIDE/plugins/com.st.stm32cube.ide.mcu.externaltools.gnu-tools-for-stm32.14.3.rel1.win32_1.0.100.202602081740/tools/bin/../lib/gcc/arm-none-eabi/14.3.1/../../../../arm-none-eabi/lib/thumb/v7-m/nofp\libc_nano.a(libc_a-stdio.o)
                0x08008f64                __sread
 .text.__swrite
                0x08008f86       0x38 C:/ST/STM32CubeIDE_2.1.1/STM32CubeIDE/plugins/com.st.stm32cube.ide.mcu.externaltools.gnu-tools-for-stm32.14.3.rel1.win32_1.0.100.202602081740/tools/bin/../lib/gcc/arm-none-eabi/14.3.1/../../../../arm-none-eabi/lib/thumb/v7-m/nofp\libc_nano.a(libc_a-stdio.o)
                0x08008f86                __swrite
 .text.__sseek  0x08008fbe       0x26 C:/ST/STM32CubeIDE_2.1.1/STM32CubeIDE/plugins/com.st.stm32cube.ide.mcu.externaltools.gnu-tools-for-stm32.14.3.rel1.win32_1.0.100.202602081740/tools/bin/../lib/gcc/arm-none-eabi/14.3.1/../../../../arm-none-eabi/lib/thumb/v7-m/nofp\libc_nano.a(libc_a-stdio.o)
                0x08008fbe                __sseek
 .text.__sclose
                0x08008fe4        0x8 C:/ST/STM32CubeIDE_2.1.1/STM32CubeIDE/plugins/com.st.stm32cube.ide.mcu.externaltools.gnu-tools-for-stm32.14.3.rel1.win32_1.0.100.202602081740/tools/bin/../lib/gcc/arm-none-eabi/14.3.1/../../../../arm-none-eabi/lib/thumb/v7-m/nofp\libc_nano.a(libc_a-stdio.o)
                0x08008fe4                __sclose
 .text.memset   0x08008fec       0x10 C:/ST/STM32CubeIDE_2.1.1/STM32CubeIDE/plugins/com.st.stm32cube.ide.mcu.externaltools.gnu-tools-for-stm32.14.3.rel1.win32_1.0.100.202602081740/tools/bin/../lib/gcc/arm-none-eabi/14.3.1/../../../../arm-none-eabi/lib/thumb/v7-m/nofp\libc_nano.a(libc_a-memset.o)
                0x08008fec                memset
 .text.strncpy  0x08008ffc       0x26 C:/ST/STM32CubeIDE_2.1.1/STM32CubeIDE/plugins/com.st.stm32cube.ide.mcu.externaltools.gnu-tools-for-stm32.14.3.rel1.win32_1.0.100.202602081740/tools/bin/../lib/gcc/arm-none-eabi/14.3.1/../../../../arm-none-eabi/lib/thumb/v7-m/nofp\libc_nano.a(libc_a-strncpy.o)
                0x08008ffc                strncpy
 *fill*         0x08009022        0x2 
 .text._localeconv_r
                0x08009024        0x8 C:/ST/STM32CubeIDE_2.1.1/STM32CubeIDE/plugins/com.st.stm32cube.ide.mcu.externaltools.gnu-tools-for-stm32.14.3.rel1.win32_1.0.100.202602081740/tools/bin/../lib/gcc/arm-none-eabi/14.3.1/../../../../arm-none-eabi/lib/thumb/v7-m/nofp\libc_nano.a(libc_a-localeconv.o)
                0x08009024                _localeconv_r
 .text._close_r
                0x0800902c       0x20 C:/ST/STM32CubeIDE_2.1.1/STM32CubeIDE/plugins/com.st.stm32cube.ide.mcu.externaltools.gnu-tools-for-stm32.14.3.rel1.win32_1.0.100.202602081740/tools/bin/../lib/gcc/arm-none-eabi/14.3.1/../../../../arm-none-eabi/lib/thumb/v7-m/nofp\libc_nano.a(libc_a-closer.o)
                0x0800902c                _close_r
 .text._lseek_r
                0x0800904c       0x24 C:/ST/STM32CubeIDE_2.1.1/STM32CubeIDE/plugins/com.st.stm32cube.ide.mcu.externaltools.gnu-tools-for-stm32.14.3.rel1.win32_1.0.100.202602081740/tools/bin/../lib/gcc/arm-none-eabi/14.3.1/../../../../arm-none-eabi/lib/thumb/v7-m/nofp\libc_nano.a(libc_a-lseekr.o)
                0x0800904c                _lseek_r
 .text._read_r  0x08009070       0x24 C:/ST/STM32CubeIDE_2.1.1/STM32CubeIDE/plugins/com.st.stm32cube.ide.mcu.externaltools.gnu-tools-for-stm32.14.3.rel1.win32_1.0.100.202602081740/tools/bin/../lib/gcc/arm-none-eabi/14.3.1/../../../../arm-none-eabi/lib/thumb/v7-m/nofp\libc_nano.a(libc_a-readr.o)
                0x08009070                _read_r
 .text._write_r
                0x08009094       0x24 C:/ST/STM32CubeIDE_2.1.1/STM32CubeIDE/plugins/com.st.stm32cube.ide.mcu.externaltools.gnu-tools-for-stm32.14.3.rel1.win32_1.0.100.202602081740/tools/bin/../lib/gcc/arm-none-eabi/14.3.1/../../../../arm-none-eabi/lib/thumb/v7-m/nofp\libc_nano.a(libc_a-writer.o)
                0x08009094                _write_r
 .text.__errno  0x080090b8        0xc C:/ST/STM32CubeIDE_2.1.1/STM32CubeIDE/plugins/com.st.stm32cube.ide.mcu.externaltools.gnu-tools-for-stm32.14.3.rel1.win32_1.0.100.202602081740/tools/bin/../lib/gcc/arm-none-eabi/14.3.1/../../../../arm-none-eabi/lib/thumb/v7-m/nofp\libc_nano.a(libc_a-errno.o)
                0x080090b8                __errno
 .text.__libc_init_array
                0x080090c4       0x48 C:/ST/STM32CubeIDE_2.1.1/STM32CubeIDE/plugins/com.st.stm32cube.ide.mcu.externaltools.gnu-tools-for-stm32.14.3.rel1.win32_1.0.100.202602081740/tools/bin/../lib/gcc/arm-none-eabi/14.3.1/../../../../arm-none-eabi/lib/thumb/v7-m/nofp\libc_nano.a(libc_a-init.o)
                0x080090c4                __libc_init_array
 .text.__retarget_lock_init_recursive
                0x0800910c        0x2 C:/ST/STM32CubeIDE_2.1.1/STM32CubeIDE/plugins/com.st.stm32cube.ide.mcu.externaltools.gnu-tools-for-stm32.14.3.rel1.win32_1.0.100.202602081740/tools/bin/../lib/gcc/arm-none-eabi/14.3.1/../../../../arm-none-eabi/lib/thumb/v7-m/nofp\libc_nano.a(libc_a-lock.o)
                0x0800910c                __retarget_lock_init_recursive
 .text.__retarget_lock_acquire_recursive
                0x0800910e        0x2 C:/ST/STM32CubeIDE_2.1.1/STM32CubeIDE/plugins/com.st.stm32cube.ide.mcu.externaltools.gnu-tools-for-stm32.14.3.rel1.win32_1.0.100.202602081740/tools/bin/../lib/gcc/arm-none-eabi/14.3.1/../../../../arm-none-eabi/lib/thumb/v7-m/nofp\libc_nano.a(libc_a-lock.o)
                0x0800910e                __retarget_lock_acquire_recursive
 .text.__retarget_lock_release_recursive
                0x08009110        0x2 C:/ST/STM32CubeIDE_2.1.1/STM32CubeIDE/plugins/com.st.stm32cube.ide.mcu.externaltools.gnu-tools-for-stm32.14.3.rel1.win32_1.0.100.202602081740/tools/bin/../lib/gcc/arm-none-eabi/14.3.1/../../../../arm-none-eabi/lib/thumb/v7-m/nofp\libc_nano.a(libc_a-lock.o)
                0x08009110                __retarget_lock_release_recursive
 .text.memchr   0x08009112       0x1c C:/ST/STM32CubeIDE_2.1.1/STM32CubeIDE/plugins/com.st.stm32cube.ide.mcu.externaltools.gnu-tools-for-stm32.14.3.rel1.win32_1.0.100.202602081740/tools/bin/../lib/gcc/arm-none-eabi/14.3.1/../../../../arm-none-eabi/lib/thumb/v7-m/nofp\libc_nano.a(libc_a-memchr-stub.o)
                0x08009112                memchr
 .text.memcpy   0x0800912e       0x1c C:/ST/STM32CubeIDE_2.1.1/STM32CubeIDE/plugins/com.st.stm32cube.ide.mcu.externaltools.gnu-tools-for-stm32.14.3.rel1.win32_1.0.100.202602081740/tools/bin/../lib/gcc/arm-none-eabi/14.3.1/../../../../arm-none-eabi/lib/thumb/v7-m/nofp\libc_nano.a(libc_a-memcpy-stub.o)
                0x0800912e                memcpy
 .text.quorem   0x0800914a      0x110 C:/ST/STM32CubeIDE_2.1.1/STM32CubeIDE/plugins/com.st.stm32cube.ide.mcu.externaltools.gnu-tools-for-stm32.14.3.rel1.win32_1.0.100.202602081740/tools/bin/../lib/gcc/arm-none-eabi/14.3.1/../../../../arm-none-eabi/lib/thumb/v7-m/nofp\libc_nano.a(libc_a-dtoa.o)
 *fill*         0x0800925a        0x6 
 .text._dtoa_r  0x08009260      0xbcc C:/ST/STM32CubeIDE_2.1.1/STM32CubeIDE/plugins/com.st.stm32cube.ide.mcu.externaltools.gnu-tools-for-stm32.14.3.rel1.win32_1.0.100.202602081740/tools/bin/../lib/gcc/arm-none-eabi/14.3.1/../../../../arm-none-eabi/lib/thumb/v7-m/nofp\libc_nano.a(libc_a-dtoa.o)
                0x08009260                _dtoa_r
 .text._free_r  0x08009e2c       0x90 C:/ST/STM32CubeIDE_2.1.1/STM32CubeIDE/plugins/com.st.stm32cube.ide.mcu.externaltools.gnu-tools-for-stm32.14.3.rel1.win32_1.0.100.202602081740/tools/bin/../lib/gcc/arm-none-eabi/14.3.1/../../../../arm-none-eabi/lib/thumb/v7-m/nofp\libc_nano.a(libc_a-freer.o)
                0x08009e2c                _free_r
 .text.malloc   0x08009ebc       0x10 C:/ST/STM32CubeIDE_2.1.1/STM32CubeIDE/plugins/com.st.stm32cube.ide.mcu.externaltools.gnu-tools-for-stm32.14.3.rel1.win32_1.0.100.202602081740/tools/bin/../lib/gcc/arm-none-eabi/14.3.1/../../../../arm-none-eabi/lib/thumb/v7-m/nofp\libc_nano.a(libc_a-malloc.o)
                0x08009ebc                malloc
 .text.sbrk_aligned
                0x08009ecc       0x44 C:/ST/STM32CubeIDE_2.1.1/STM32CubeIDE/plugins/com.st.stm32cube.ide.mcu.externaltools.gnu-tools-for-stm32.14.3.rel1.win32_1.0.100.202602081740/tools/bin/../lib/gcc/arm-none-eabi/14.3.1/../../../../arm-none-eabi/lib/thumb/v7-m/nofp\libc_nano.a(libc_a-mallocr.o)
 .text._malloc_r
                0x08009f10      0x100 C:/ST/STM32CubeIDE_2.1.1/STM32CubeIDE/plugins/com.st.stm32cube.ide.mcu.externaltools.gnu-tools-for-stm32.14.3.rel1.win32_1.0.100.202602081740/tools/bin/../lib/gcc/arm-none-eabi/14.3.1/../../../../arm-none-eabi/lib/thumb/v7-m/nofp\libc_nano.a(libc_a-mallocr.o)
                0x08009f10                _malloc_r
 .text.__malloc_lock
                0x0800a010        0xc C:/ST/STM32CubeIDE_2.1.1/STM32CubeIDE/plugins/com.st.stm32cube.ide.mcu.externaltools.gnu-tools-for-stm32.14.3.rel1.win32_1.0.100.202602081740/tools/bin/../lib/gcc/arm-none-eabi/14.3.1/../../../../arm-none-eabi/lib/thumb/v7-m/nofp\libc_nano.a(libc_a-mlock.o)
                0x0800a010                __malloc_lock
 .text.__malloc_unlock
                0x0800a01c        0xc C:/ST/STM32CubeIDE_2.1.1/STM32CubeIDE/plugins/com.st.stm32cube.ide.mcu.externaltools.gnu-tools-for-stm32.14.3.rel1.win32_1.0.100.202602081740/tools/bin/../lib/gcc/arm-none-eabi/14.3.1/../../../../arm-none-eabi/lib/thumb/v7-m/nofp\libc_nano.a(libc_a-mlock.o)
                0x0800a01c                __malloc_unlock
 .text._Balloc  0x0800a028       0x7c C:/ST/STM32CubeIDE_2.1.1/STM32CubeIDE/plugins/com.st.stm32cube.ide.mcu.externaltools.gnu-tools-for-stm32.14.3.rel1.win32_1.0.100.202602081740/tools/bin/../lib/gcc/arm-none-eabi/14.3.1/../../../../arm-none-eabi/lib/thumb/v7-m/nofp\libc_nano.a(libc_a-mprec.o)
                0x0800a028                _Balloc
 .text._Bfree   0x0800a0a4       0x44 C:/ST/STM32CubeIDE_2.1.1/STM32CubeIDE/plugins/com.st.stm32cube.ide.mcu.externaltools.gnu-tools-for-stm32.14.3.rel1.win32_1.0.100.202602081740/tools/bin/../lib/gcc/arm-none-eabi/14.3.1/../../../../arm-none-eabi/lib/thumb/v7-m/nofp\libc_nano.a(libc_a-mprec.o)
                0x0800a0a4                _Bfree
 .text.__multadd
                0x0800a0e8       0x8c C:/ST/STM32CubeIDE_2.1.1/STM32CubeIDE/plugins/com.st.stm32cube.ide.mcu.externaltools.gnu-tools-for-stm32.14.3.rel1.win32_1.0.100.202602081740/tools/bin/../lib/gcc/arm-none-eabi/14.3.1/../../../../arm-none-eabi/lib/thumb/v7-m/nofp\libc_nano.a(libc_a-mprec.o)
                0x0800a0e8                __multadd
 .text.__hi0bits
                0x0800a174       0x3e C:/ST/STM32CubeIDE_2.1.1/STM32CubeIDE/plugins/com.st.stm32cube.ide.mcu.externaltools.gnu-tools-for-stm32.14.3.rel1.win32_1.0.100.202602081740/tools/bin/../lib/gcc/arm-none-eabi/14.3.1/../../../../arm-none-eabi/lib/thumb/v7-m/nofp\libc_nano.a(libc_a-mprec.o)
                0x0800a174                __hi0bits
 .text.__lo0bits
                0x0800a1b2       0x5a C:/ST/STM32CubeIDE_2.1.1/STM32CubeIDE/plugins/com.st.stm32cube.ide.mcu.externaltools.gnu-tools-for-stm32.14.3.rel1.win32_1.0.100.202602081740/tools/bin/../lib/gcc/arm-none-eabi/14.3.1/../../../../arm-none-eabi/lib/thumb/v7-m/nofp\libc_nano.a(libc_a-mprec.o)
                0x0800a1b2                __lo0bits
 .text.__i2b    0x0800a20c       0x2c C:/ST/STM32CubeIDE_2.1.1/STM32CubeIDE/plugins/com.st.stm32cube.ide.mcu.externaltools.gnu-tools-for-stm32.14.3.rel1.win32_1.0.100.202602081740/tools/bin/../lib/gcc/arm-none-eabi/14.3.1/../../../../arm-none-eabi/lib/thumb/v7-m/nofp\libc_nano.a(libc_a-mprec.o)
                0x0800a20c                __i2b
 .text.__multiply
                0x0800a238      0x150 C:/ST/STM32CubeIDE_2.1.1/STM32CubeIDE/plugins/com.st.stm32cube.ide.mcu.externaltools.gnu-tools-for-stm32.14.3.rel1.win32_1.0.100.202602081740/tools/bin/../lib/gcc/arm-none-eabi/14.3.1/../../../../arm-none-eabi/lib/thumb/v7-m/nofp\libc_nano.a(libc_a-mprec.o)
                0x0800a238                __multiply
 .text.__pow5mult
                0x0800a388       0xb8 C:/ST/STM32CubeIDE_2.1.1/STM32CubeIDE/plugins/com.st.stm32cube.ide.mcu.externaltools.gnu-tools-for-stm32.14.3.rel1.win32_1.0.100.202602081740/tools/bin/../lib/gcc/arm-none-eabi/14.3.1/../../../../arm-none-eabi/lib/thumb/v7-m/nofp\libc_nano.a(libc_a-mprec.o)
                0x0800a388                __pow5mult
 .text.__lshift
                0x0800a440       0xd8 C:/ST/STM32CubeIDE_2.1.1/STM32CubeIDE/plugins/com.st.stm32cube.ide.mcu.externaltools.gnu-tools-for-stm32.14.3.rel1.win32_1.0.100.202602081740/tools/bin/../lib/gcc/arm-none-eabi/14.3.1/../../../../arm-none-eabi/lib/thumb/v7-m/nofp\libc_nano.a(libc_a-mprec.o)
                0x0800a440                __lshift
 .text.__mcmp   0x0800a518       0x36 C:/ST/STM32CubeIDE_2.1.1/STM32CubeIDE/plugins/com.st.stm32cube.ide.mcu.externaltools.gnu-tools-for-stm32.14.3.rel1.win32_1.0.100.202602081740/tools/bin/../lib/gcc/arm-none-eabi/14.3.1/../../../../arm-none-eabi/lib/thumb/v7-m/nofp\libc_nano.a(libc_a-mprec.o)
                0x0800a518                __mcmp
 *fill*         0x0800a54e        0x2 
 .text.__mdiff  0x0800a550      0x130 C:/ST/STM32CubeIDE_2.1.1/STM32CubeIDE/plugins/com.st.stm32cube.ide.mcu.externaltools.gnu-tools-for-stm32.14.3.rel1.win32_1.0.100.202602081740/tools/bin/../lib/gcc/arm-none-eabi/14.3.1/../../../../arm-none-eabi/lib/thumb/v7-m/nofp\libc_nano.a(libc_a-mprec.o)
                0x0800a550                __mdiff
 .text.__d2b    0x0800a680       0xb0 C:/ST/STM32CubeIDE_2.1.1/STM32CubeIDE/plugins/com.st.stm32cube.ide.mcu.externaltools.gnu-tools-for-stm32.14.3.rel1.win32_1.0.100.202602081740/tools/bin/../lib/gcc/arm-none-eabi/14.3.1/../../../../arm-none-eabi/lib/thumb/v7-m/nofp\libc_nano.a(libc_a-mprec.o)
                0x0800a680                __d2b
 .text.__ssputs_r
                0x0800a730       0xc0 C:/ST/STM32CubeIDE_2.1.1/STM32CubeIDE/plugins/com.st.stm32cube.ide.mcu.externaltools.gnu-tools-for-stm32.14.3.rel1.win32_1.0.100.202602081740/tools/bin/../lib/gcc/arm-none-eabi/14.3.1/../../../../arm-none-eabi/lib/thumb/v7-m/nofp\libc_nano.a(libc_a-nano-svfprintf.o)
                0x0800a730                __ssputs_r
 .text._svfprintf_r
                0x0800a7f0      0x1f0 C:/ST/STM32CubeIDE_2.1.1/STM32CubeIDE/plugins/com.st.stm32cube.ide.mcu.externaltools.gnu-tools-for-stm32.14.3.rel1.win32_1.0.100.202602081740/tools/bin/../lib/gcc/arm-none-eabi/14.3.1/../../../../arm-none-eabi/lib/thumb/v7-m/nofp\libc_nano.a(libc_a-nano-svfprintf.o)
                0x0800a7f0                _svfiprintf_r
                0x0800a7f0                _svfprintf_r
 .text.__sflush_r
                0x0800a9e0       0xfc C:/ST/STM32CubeIDE_2.1.1/STM32CubeIDE/plugins/com.st.stm32cube.ide.mcu.externaltools.gnu-tools-for-stm32.14.3.rel1.win32_1.0.100.202602081740/tools/bin/../lib/gcc/arm-none-eabi/14.3.1/../../../../arm-none-eabi/lib/thumb/v7-m/nofp\libc_nano.a(libc_a-fflush.o)
                0x0800a9e0                __sflush_r
 .text._fflush_r
                0x0800aadc       0x50 C:/ST/STM32CubeIDE_2.1.1/STM32CubeIDE/plugins/com.st.stm32cube.ide.mcu.externaltools.gnu-tools-for-stm32.14.3.rel1.win32_1.0.100.202602081740/tools/bin/../lib/gcc/arm-none-eabi/14.3.1/../../../../arm-none-eabi/lib/thumb/v7-m/nofp\libc_nano.a(libc_a-fflush.o)
                0x0800aadc                _fflush_r
 .text.memmove  0x0800ab2c       0x32 C:/ST/STM32CubeIDE_2.1.1/STM32CubeIDE/plugins/com.st.stm32cube.ide.mcu.externaltools.gnu-tools-for-stm32.14.3.rel1.win32_1.0.100.202602081740/tools/bin/../lib/gcc/arm-none-eabi/14.3.1/../../../../arm-none-eabi/lib/thumb/v7-m/nofp\libc_nano.a(libc_a-memmove.o)
                0x0800ab2c                memmove
 *fill*         0x0800ab5e        0x2 
 .text._sbrk_r  0x0800ab60       0x20 C:/ST/STM32CubeIDE_2.1.1/STM32CubeIDE/plugins/com.st.stm32cube.ide.mcu.externaltools.gnu-tools-for-stm32.14.3.rel1.win32_1.0.100.202602081740/tools/bin/../lib/gcc/arm-none-eabi/14.3.1/../../../../arm-none-eabi/lib/thumb/v7-m/nofp\libc_nano.a(libc_a-sbrkr.o)
                0x0800ab60                _sbrk_r
 .text.__assert_func
                0x0800ab80       0x3c C:/ST/STM32CubeIDE_2.1.1/STM32CubeIDE/plugins/com.st.stm32cube.ide.mcu.externaltools.gnu-tools-for-stm32.14.3.rel1.win32_1.0.100.202602081740/tools/bin/../lib/gcc/arm-none-eabi/14.3.1/../../../../arm-none-eabi/lib/thumb/v7-m/nofp\libc_nano.a(libc_a-assert.o)
                0x0800ab80                __assert_func
 .text._calloc_r
                0x0800abbc       0x28 C:/ST/STM32CubeIDE_2.1.1/STM32CubeIDE/plugins/com.st.stm32cube.ide.mcu.externaltools.gnu-tools-for-stm32.14.3.rel1.win32_1.0.100.202602081740/tools/bin/../lib/gcc/arm-none-eabi/14.3.1/../../../../arm-none-eabi/lib/thumb/v7-m/nofp\libc_nano.a(libc_a-callocr.o)
                0x0800abbc                _calloc_r
 .text.__ascii_mbtowc
                0x0800abe4       0x24 C:/ST/STM32CubeIDE_2.1.1/STM32CubeIDE/plugins/com.st.stm32cube.ide.mcu.externaltools.gnu-tools-for-stm32.14.3.rel1.win32_1.0.100.202602081740/tools/bin/../lib/gcc/arm-none-eabi/14.3.1/../../../../arm-none-eabi/lib/thumb/v7-m/nofp\libc_nano.a(libc_a-mbtowc_r.o)
                0x0800abe4                __ascii_mbtowc
 .text._realloc_r
                0x0800ac08       0x5c C:/ST/STM32CubeIDE_2.1.1/STM32CubeIDE/plugins/com.st.stm32cube.ide.mcu.externaltools.gnu-tools-for-stm32.14.3.rel1.win32_1.0.100.202602081740/tools/bin/../lib/gcc/arm-none-eabi/14.3.1/../../../../arm-none-eabi/lib/thumb/v7-m/nofp\libc_nano.a(libc_a-reallocr.o)
                0x0800ac08                _realloc_r
 .text.__ascii_wctomb
                0x0800ac64       0x1a C:/ST/STM32CubeIDE_2.1.1/STM32CubeIDE/plugins/com.st.stm32cube.ide.mcu.externaltools.gnu-tools-for-stm32.14.3.rel1.win32_1.0.100.202602081740/tools/bin/../lib/gcc/arm-none-eabi/14.3.1/../../../../arm-none-eabi/lib/thumb/v7-m/nofp\libc_nano.a(libc_a-wctomb_r.o)
                0x0800ac64                __ascii_wctomb
 *fill*         0x0800ac7e        0x2 
 .text.fprintf  0x0800ac80       0x24 C:/ST/STM32CubeIDE_2.1.1/STM32CubeIDE/plugins/com.st.stm32cube.ide.mcu.externaltools.gnu-tools-for-stm32.14.3.rel1.win32_1.0.100.202602081740/tools/bin/../lib/gcc/arm-none-eabi/14.3.1/../../../../arm-none-eabi/lib/thumb/v7-m/nofp\libc_nano.a(libc_a-fprintf.o)
                0x0800ac80                fiprintf
                0x0800ac80                fprintf
 .text.abort    0x0800aca4        0xe C:/ST/STM32CubeIDE_2.1.1/STM32CubeIDE/plugins/com.st.stm32cube.ide.mcu.externaltools.gnu-tools-for-stm32.14.3.rel1.win32_1.0.100.202602081740/tools/bin/../lib/gcc/arm-none-eabi/14.3.1/../../../../arm-none-eabi/lib/thumb/v7-m/nofp\libc_nano.a(libc_a-abort.o)
                0x0800aca4                abort
 .text._malloc_usable_size_r
                0x0800acb2       0x10 C:/ST/STM32CubeIDE_2.1.1/STM32CubeIDE/plugins/com.st.stm32cube.ide.mcu.externaltools.gnu-tools-for-stm32.14.3.rel1.win32_1.0.100.202602081740/tools/bin/../lib/gcc/arm-none-eabi/14.3.1/../../../../arm-none-eabi/lib/thumb/v7-m/nofp\libc_nano.a(libc_a-msizer.o)
                0x0800acb2                _malloc_usable_size_r
 .text.__sfputc_r
                0x0800acc2       0x2a C:/ST/STM32CubeIDE_2.1.1/STM32CubeIDE/plugins/com.st.stm32cube.ide.mcu.externaltools.gnu-tools-for-stm32.14.3.rel1.win32_1.0.100.202602081740/tools/bin/../lib/gcc/arm-none-eabi/14.3.1/../../../../arm-none-eabi/lib/thumb/v7-m/nofp\libc_nano.a(libc_a-nano-vfprintf.o)
 .text.__sfputs_r
                0x0800acec       0x24 C:/ST/STM32CubeIDE_2.1.1/STM32CubeIDE/plugins/com.st.stm32cube.ide.mcu.externaltools.gnu-tools-for-stm32.14.3.rel1.win32_1.0.100.202602081740/tools/bin/../lib/gcc/arm-none-eabi/14.3.1/../../../../arm-none-eabi/lib/thumb/v7-m/nofp\libc_nano.a(libc_a-nano-vfprintf.o)
                0x0800acec                __sfputs_r
 .text._vfprintf_r
                0x0800ad10      0x228 C:/ST/STM32CubeIDE_2.1.1/STM32CubeIDE/plugins/com.st.stm32cube.ide.mcu.externaltools.gnu-tools-for-stm32.14.3.rel1.win32_1.0.100.202602081740/tools/bin/../lib/gcc/arm-none-eabi/14.3.1/../../../../arm-none-eabi/lib/thumb/v7-m/nofp\libc_nano.a(libc_a-nano-vfprintf.o)
                0x0800ad10                _vfprintf_r
                0x0800ad10                _vfiprintf_r
 .text.__swbuf_r
                0x0800af38       0x7c C:/ST/STM32CubeIDE_2.1.1/STM32CubeIDE/plugins/com.st.stm32cube.ide.mcu.externaltools.gnu-tools-for-stm32.14.3.rel1.win32_1.0.100.202602081740/tools/bin/../lib/gcc/arm-none-eabi/14.3.1/../../../../arm-none-eabi/lib/thumb/v7-m/nofp\libc_nano.a(libc_a-wbuf.o)
                0x0800af38                __swbuf_r
 .text.__swsetup_r
                0x0800afb4       0xa8 C:/ST/STM32CubeIDE_2.1.1/STM32CubeIDE/plugins/com.st.stm32cube.ide.mcu.externaltools.gnu-tools-for-stm32.14.3.rel1.win32_1.0.100.202602081740/tools/bin/../lib/gcc/arm-none-eabi/14.3.1/../../../../arm-none-eabi/lib/thumb/v7-m/nofp\libc_nano.a(libc_a-wsetup.o)
                0x0800afb4                __swsetup_r
 .text._raise_r
                0x0800b05c       0x50 C:/ST/STM32CubeIDE_2.1.1/STM32CubeIDE/plugins/com.st.stm32cube.ide.mcu.externaltools.gnu-tools-for-stm32.14.3.rel1.win32_1.0.100.202602081740/tools/bin/../lib/gcc/arm-none-eabi/14.3.1/../../../../arm-none-eabi/lib/thumb/v7-m/nofp\libc_nano.a(libc_a-signal.o)
                0x0800b05c                _raise_r
 .text.raise    0x0800b0ac       0x10 C:/ST/STM32CubeIDE_2.1.1/STM32CubeIDE/plugins/com.st.stm32cube.ide.mcu.externaltools.gnu-tools-for-stm32.14.3.rel1.win32_1.0.100.202602081740/tools/bin/../lib/gcc/arm-none-eabi/14.3.1/../../../../arm-none-eabi/lib/thumb/v7-m/nofp\libc_nano.a(libc_a-signal.o)
                0x0800b0ac                raise
 .text._kill_r  0x0800b0bc       0x24 C:/ST/STM32CubeIDE_2.1.1/STM32CubeIDE/plugins/com.st.stm32cube.ide.mcu.externaltools.gnu-tools-for-stm32.14.3.rel1.win32_1.0.100.202602081740/tools/bin/../lib/gcc/arm-none-eabi/14.3.1/../../../../arm-none-eabi/lib/thumb/v7-m/nofp\libc_nano.a(libc_a-signalr.o)
                0x0800b0bc                _kill_r
 .text._getpid_r
                0x0800b0e0        0x4 C:/ST/STM32CubeIDE_2.1.1/STM32CubeIDE/plugins/com.st.stm32cube.ide.mcu.externaltools.gnu-tools-for-stm32.14.3.rel1.win32_1.0.100.202602081740/tools/bin/../lib/gcc/arm-none-eabi/14.3.1/../../../../arm-none-eabi/lib/thumb/v7-m/nofp\libc_nano.a(libc_a-signalr.o)
                0x0800b0e0                _getpid_r
 .text.__swhatbuf_r
                0x0800b0e4       0x48 C:/ST/STM32CubeIDE_2.1.1/STM32CubeIDE/plugins/com.st.stm32cube.ide.mcu.externaltools.gnu-tools-for-stm32.14.3.rel1.win32_1.0.100.202602081740/tools/bin/../lib/gcc/arm-none-eabi/14.3.1/../../../../arm-none-eabi/lib/thumb/v7-m/nofp\libc_nano.a(libc_a-makebuf.o)
                0x0800b0e4                __swhatbuf_r
 .text.__smakebuf_r
                0x0800b12c       0x72 C:/ST/STM32CubeIDE_2.1.1/STM32CubeIDE/plugins/com.st.stm32cube.ide.mcu.externaltools.gnu-tools-for-stm32.14.3.rel1.win32_1.0.100.202602081740/tools/bin/../lib/gcc/arm-none-eabi/14.3.1/../../../../arm-none-eabi/lib/thumb/v7-m/nofp\libc_nano.a(libc_a-makebuf.o)
                0x0800b12c                __smakebuf_r
 *fill*         0x0800b19e        0x2 
 .text._fstat_r
                0x0800b1a0       0x24 C:/ST/STM32CubeIDE_2.1.1/STM32CubeIDE/plugins/com.st.stm32cube.ide.mcu.externaltools.gnu-tools-for-stm32.14.3.rel1.win32_1.0.100.202602081740/tools/bin/../lib/gcc/arm-none-eabi/14.3.1/../../../../arm-none-eabi/lib/thumb/v7-m/nofp\libc_nano.a(libc_a-fstatr.o)
                0x0800b1a0                _fstat_r
 .text._isatty_r
                0x0800b1c4       0x20 C:/ST/STM32CubeIDE_2.1.1/STM32CubeIDE/plugins/com.st.stm32cube.ide.mcu.externaltools.gnu-tools-for-stm32.14.3.rel1.win32_1.0.100.202602081740/tools/bin/../lib/gcc/arm-none-eabi/14.3.1/../../../../arm-none-eabi/lib/thumb/v7-m/nofp\libc_nano.a(libc_a-isattyr.o)
                0x0800b1c4                _isatty_r
 *(.glue_7)
 .glue_7        0x0800b1e4        0x0 linker stubs
 *(.glue_7t)
 .glue_7t       0x0800b1e4        0x0 linker stubs
 *(.eh_frame)
 .eh_frame      0x0800b1e4        0x0 C:/ST/STM32CubeIDE_2.1.1/STM32CubeIDE/plugins/com.st.stm32cube.ide.mcu.externaltools.gnu-tools-for-stm32.14.3.rel1.win32_1.0.100.202602081740/tools/bin/../lib/gcc/arm-none-eabi/14.3.1/thumb/v7-m/nofp/crtbegin.o
 *(.init)
 .init          0x0800b1e4        0x4 C:/ST/STM32CubeIDE_2.1.1/STM32CubeIDE/plugins/com.st.stm32cube.ide.mcu.externaltools.gnu-tools-for-stm32.14.3.rel1.win32_1.0.100.202602081740/tools/bin/../lib/gcc/arm-none-eabi/14.3.1/thumb/v7-m/nofp/crti.o
                0x0800b1e4                _init
 .init          0x0800b1e8        0x8 C:/ST/STM32CubeIDE_2.1.1/STM32CubeIDE/plugins/com.st.stm32cube.ide.mcu.externaltools.gnu-tools-for-stm32.14.3.rel1.win32_1.0.100.202602081740/tools/bin/../lib/gcc/arm-none-eabi/14.3.1/thumb/v7-m/nofp/crtn.o
 *(.fini)
 .fini          0x0800b1f0        0x4 C:/ST/STM32CubeIDE_2.1.1/STM32CubeIDE/plugins/com.st.stm32cube.ide.mcu.externaltools.gnu-tools-for-stm32.14.3.rel1.win32_1.0.100.202602081740/tools/bin/../lib/gcc/arm-none-eabi/14.3.1/thumb/v7-m/nofp/crti.o
                0x0800b1f0                _fini
 .fini          0x0800b1f4        0x8 C:/ST/STM32CubeIDE_2.1.1/STM32CubeIDE/plugins/com.st.stm32cube.ide.mcu.externaltools.gnu-tools-for-stm32.14.3.rel1.win32_1.0.100.202602081740/tools/bin/../lib/gcc/arm-none-eabi/14.3.1/thumb/v7-m/nofp/crtn.o
                0x0800b1fc                        . = ALIGN (0x4)
                0x0800b1fc                        _etext = .

.vfp11_veneer   0x0800b1fc        0x0
 .vfp11_veneer  0x0800b1fc        0x0 linker stubs

.v4_bx          0x0800b1fc        0x0
 .v4_bx         0x0800b1fc        0x0 linker stubs

.iplt           0x0800b1fc        0x0
 .iplt          0x0800b1fc        0x0 C:/ST/STM32CubeIDE_2.1.1/STM32CubeIDE/plugins/com.st.stm32cube.ide.mcu.externaltools.gnu-tools-for-stm32.14.3.rel1.win32_1.0.100.202602081740/tools/bin/../lib/gcc/arm-none-eabi/14.3.1/thumb/v7-m/nofp/crtbegin.o

.rodata         0x0800b200      0x9f4
                0x0800b200                        . = ALIGN (0x4)
 *(.rodata)
 .rodata        0x0800b200      0x132 ./Core/Src/ESP01.o
 *fill*         0x0800b332        0x2 
 .rodata        0x0800b334       0xbe ./Core/Src/main.o
 *(.rodata*)
 *fill*         0x0800b3f2        0x2 
 .rodata.ATAT   0x0800b3f4        0x5 ./Core/Src/ESP01.o
                0x0800b3f4                ATAT
 *fill*         0x0800b3f9        0x3 
 .rodata.ATCIPMUX
                0x0800b3fc        0xe ./Core/Src/ESP01.o
                0x0800b3fc                ATCIPMUX
 *fill*         0x0800b40a        0x2 
 .rodata.ATCWMODE
                0x0800b40c        0xe ./Core/Src/ESP01.o
                0x0800b40c                ATCWMODE
 *fill*         0x0800b41a        0x2 
 .rodata.ATCWJAP
                0x0800b41c        0xa ./Core/Src/ESP01.o
                0x0800b41c                ATCWJAP
 *fill*         0x0800b426        0x2 
 .rodata.ATCIFSR
                0x0800b428        0xb ./Core/Src/ESP01.o
                0x0800b428                ATCIFSR
 *fill*         0x0800b433        0x1 
 .rodata.ATCIPSTART
                0x0800b434        0xd ./Core/Src/ESP01.o
                0x0800b434                ATCIPSTART
 *fill*         0x0800b441        0x3 
 .rodata.ATCIPCLOSE
                0x0800b444        0xe ./Core/Src/ESP01.o
                0x0800b444                ATCIPCLOSE
 *fill*         0x0800b452        0x2 
 .rodata.ATCIPSEND
                0x0800b454        0xc ./Core/Src/ESP01.o
                0x0800b454                ATCIPSEND
 .rodata.respAT
                0x0800b460        0x8 ./Core/Src/ESP01.o
                0x0800b460                respAT
 .rodata.respATp
                0x0800b468        0x8 ./Core/Src/ESP01.o
                0x0800b468                respATp
 .rodata.respOK
                0x0800b470        0x9 ./Core/Src/ESP01.o
                0x0800b470                respOK
 *fill*         0x0800b479        0x3 
 .rodata.respERROR
                0x0800b47c        0xc ./Core/Src/ESP01.o
                0x0800b47c                respERROR
 .rodata.respWIFIGOTIP
                0x0800b488       0x12 ./Core/Src/ESP01.o
                0x0800b488                respWIFIGOTIP
 *fill*         0x0800b49a        0x2 
 .rodata.respWIFICONNECTED
                0x0800b49c       0x15 ./Core/Src/ESP01.o
                0x0800b49c                respWIFICONNECTED
 *fill*         0x0800b4b1        0x3 
 .rodata.respWIFIDISCONNECT
                0x0800b4b4       0x16 ./Core/Src/ESP01.o
                0x0800b4b4                respWIFIDISCONNECT
 *fill*         0x0800b4ca        0x2 
 .rodata.respWIFIDISCONNECTED
                0x0800b4cc       0x18 ./Core/Src/ESP01.o
                0x0800b4cc                respWIFIDISCONNECTED
 .rodata.respDISCONNECTED
                0x0800b4e4       0x13 ./Core/Src/ESP01.o
                0x0800b4e4                respDISCONNECTED
 *fill*         0x0800b4f7        0x1 
 .rodata.respSENDOK
                0x0800b4f8        0xe ./Core/Src/ESP01.o
                0x0800b4f8                respSENDOK
 *fill*         0x0800b506        0x2 
 .rodata.respCONNECT
                0x0800b508        0xe ./Core/Src/ESP01.o
                0x0800b508                respCONNECT
 *fill*         0x0800b516        0x2 
 .rodata.respCLOSED
                0x0800b518        0xd ./Core/Src/ESP01.o
                0x0800b518                respCLOSED
 *fill*         0x0800b525        0x3 
 .rodata.respCIFSRAPIP
                0x0800b528       0x11 ./Core/Src/ESP01.o
                0x0800b528                respCIFSRAPIP
 *fill*         0x0800b539        0x3 
 .rodata.respBUSY
                0x0800b53c        0xb ./Core/Src/ESP01.o
                0x0800b53c                respBUSY
 *fill*         0x0800b547        0x1 
 .rodata.respIPD
                0x0800b548        0x9 ./Core/Src/ESP01.o
                0x0800b548                respIPD
 *fill*         0x0800b551        0x3 
 .rodata.respReady
                0x0800b554        0xc ./Core/Src/ESP01.o
                0x0800b554                respReady
 .rodata.respBUSYP
                0x0800b560        0xb ./Core/Src/ESP01.o
                0x0800b560                respBUSYP
 *fill*         0x0800b56b        0x1 
 .rodata.respBUSYS
                0x0800b56c        0xb ./Core/Src/ESP01.o
                0x0800b56c                respBUSYS
 *fill*         0x0800b577        0x1 
 .rodata.responses
                0x0800b578       0x4c ./Core/Src/ESP01.o
                0x0800b578                responses
 .rodata.font6x8
                0x0800b5c4      0x23a ./Core/Src/ssd1306.o
 *fill*         0x0800b7fe        0x2 
 .rodata.init_cmds
                0x0800b800       0x19 ./Core/Src/ssd1306.o
 *fill*         0x0800b819        0x3 
 .rodata.AHBPrescTable
                0x0800b81c       0x10 ./Core/Src/system_stm32f1xx.o
                0x0800b81c                AHBPrescTable
 .rodata.APBPrescTable
                0x0800b82c        0x8 ./Core/Src/system_stm32f1xx.o
                0x0800b82c                APBPrescTable
 .rodata.aPLLMULFactorTable.1
                0x0800b834       0x10 ./Drivers/STM32F1xx_HAL_Driver/Src/stm32f1xx_hal_rcc.o
 .rodata.aPredivFactorTable.0
                0x0800b844        0x2 ./Drivers/STM32F1xx_HAL_Driver/Src/stm32f1xx_hal_rcc.o
 *fill*         0x0800b846        0x2 
 .rodata.aPLLMULFactorTable.1
                0x0800b848       0x10 ./Drivers/STM32F1xx_HAL_Driver/Src/stm32f1xx_hal_rcc_ex.o
 .rodata.aPredivFactorTable.0
                0x0800b858        0x2 ./Drivers/STM32F1xx_HAL_Driver/Src/stm32f1xx_hal_rcc_ex.o
 .rodata.__utoa.str1.1
                0x0800b85a      0x196 C:/ST/STM32CubeIDE_2.1.1/STM32CubeIDE/plugins/com.st.stm32cube.ide.mcu.externaltools.gnu-tools-for-stm32.14.3.rel1.win32_1.0.100.202602081740/tools/bin/../lib/gcc/arm-none-eabi/14.3.1/../../../../arm-none-eabi/lib/thumb/v7-m/nofp\libc_nano.a(libc_a-utoa.o)
                                 0x25 (size before relaxing)
 .rodata._printf_float.str1.1
                0x0800b9f0       0x12 C:/ST/STM32CubeIDE_2.1.1/STM32CubeIDE/plugins/com.st.stm32cube.ide.mcu.externaltools.gnu-tools-for-stm32.14.3.rel1.win32_1.0.100.202602081740/tools/bin/../lib/gcc/arm-none-eabi/14.3.1/../../../../arm-none-eabi/lib/thumb/v7-m/nofp\libc_nano.a(libc_a-nano-vfprintf_float.o)
 .rodata._printf_i.str1.1
                0x0800b9f0       0x22 C:/ST/STM32CubeIDE_2.1.1/STM32CubeIDE/plugins/com.st.stm32cube.ide.mcu.externaltools.gnu-tools-for-stm32.14.3.rel1.win32_1.0.100.202602081740/tools/bin/../lib/gcc/arm-none-eabi/14.3.1/../../../../arm-none-eabi/lib/thumb/v7-m/nofp\libc_nano.a(libc_a-nano-vfprintf_i.o)
 .rodata._dtoa_r.str1.1
                0x0800b9f0       0x8f C:/ST/STM32CubeIDE_2.1.1/STM32CubeIDE/plugins/com.st.stm32cube.ide.mcu.externaltools.gnu-tools-for-stm32.14.3.rel1.win32_1.0.100.202602081740/tools/bin/../lib/gcc/arm-none-eabi/14.3.1/../../../../arm-none-eabi/lib/thumb/v7-m/nofp\libc_nano.a(libc_a-dtoa.o)
 .rodata._Balloc.str1.1
                0x0800b9f0       0x70 C:/ST/STM32CubeIDE_2.1.1/STM32CubeIDE/plugins/com.st.stm32cube.ide.mcu.externaltools.gnu-tools-for-stm32.14.3.rel1.win32_1.0.100.202602081740/tools/bin/../lib/gcc/arm-none-eabi/14.3.1/../../../../arm-none-eabi/lib/thumb/v7-m/nofp\libc_nano.a(libc_a-mprec.o)
 .rodata.__multadd.str1.1
                0x0800b9f0       0x11 C:/ST/STM32CubeIDE_2.1.1/STM32CubeIDE/plugins/com.st.stm32cube.ide.mcu.externaltools.gnu-tools-for-stm32.14.3.rel1.win32_1.0.100.202602081740/tools/bin/../lib/gcc/arm-none-eabi/14.3.1/../../../../arm-none-eabi/lib/thumb/v7-m/nofp\libc_nano.a(libc_a-mprec.o)
 .rodata.p05.0  0x0800b9f0        0xc C:/ST/STM32CubeIDE_2.1.1/STM32CubeIDE/plugins/com.st.stm32cube.ide.mcu.externaltools.gnu-tools-for-stm32.14.3.rel1.win32_1.0.100.202602081740/tools/bin/../lib/gcc/arm-none-eabi/14.3.1/../../../../arm-none-eabi/lib/thumb/v7-m/nofp\libc_nano.a(libc_a-mprec.o)
 *fill*         0x0800b9fc        0x4 
 .rodata.__mprec_bigtens
                0x0800ba00       0x28 C:/ST/STM32CubeIDE_2.1.1/STM32CubeIDE/plugins/com.st.stm32cube.ide.mcu.externaltools.gnu-tools-for-stm32.14.3.rel1.win32_1.0.100.202602081740/tools/bin/../lib/gcc/arm-none-eabi/14.3.1/../../../../arm-none-eabi/lib/thumb/v7-m/nofp\libc_nano.a(libc_a-mprec.o)
                0x0800ba00                __mprec_bigtens
 .rodata.__mprec_tens
                0x0800ba28       0xc8 C:/ST/STM32CubeIDE_2.1.1/STM32CubeIDE/plugins/com.st.stm32cube.ide.mcu.externaltools.gnu-tools-for-stm32.14.3.rel1.win32_1.0.100.202602081740/tools/bin/../lib/gcc/arm-none-eabi/14.3.1/../../../../arm-none-eabi/lib/thumb/v7-m/nofp\libc_nano.a(libc_a-mprec.o)
                0x0800ba28                __mprec_tens
 .rodata._svfprintf_r.str1.1
                0x0800baf0       0x11 C:/ST/STM32CubeIDE_2.1.1/STM32CubeIDE/plugins/com.st.stm32cube.ide.mcu.externaltools.gnu-tools-for-stm32.14.3.rel1.win32_1.0.100.202602081740/tools/bin/../lib/gcc/arm-none-eabi/14.3.1/../../../../arm-none-eabi/lib/thumb/v7-m/nofp\libc_nano.a(libc_a-nano-svfprintf.o)
 .rodata._setlocale_r.str1.1
                0x0800baf0        0x9 C:/ST/STM32CubeIDE_2.1.1/STM32CubeIDE/plugins/com.st.stm32cube.ide.mcu.externaltools.gnu-tools-for-stm32.14.3.rel1.win32_1.0.100.202602081740/tools/bin/../lib/gcc/arm-none-eabi/14.3.1/../../../../arm-none-eabi/lib/thumb/v7-m/nofp\libc_nano.a(libc_a-locale.o)
 .rodata.str1.1
                0x0800baf0        0x2 C:/ST/STM32CubeIDE_2.1.1/STM32CubeIDE/plugins/com.st.stm32cube.ide.mcu.externaltools.gnu-tools-for-stm32.14.3.rel1.win32_1.0.100.202602081740/tools/bin/../lib/gcc/arm-none-eabi/14.3.1/../../../../arm-none-eabi/lib/thumb/v7-m/nofp\libc_nano.a(libc_a-locale.o)
 .rodata.__assert_func.str1.1
                0x0800baf0       0x3d C:/ST/STM32CubeIDE_2.1.1/STM32CubeIDE/plugins/com.st.stm32cube.ide.mcu.externaltools.gnu-tools-for-stm32.14.3.rel1.win32_1.0.100.202602081740/tools/bin/../lib/gcc/arm-none-eabi/14.3.1/../../../../arm-none-eabi/lib/thumb/v7-m/nofp\libc_nano.a(libc_a-assert.o)
 .rodata._ctype_
                0x0800baf0      0x101 C:/ST/STM32CubeIDE_2.1.1/STM32CubeIDE/plugins/com.st.stm32cube.ide.mcu.externaltools.gnu-tools-for-stm32.14.3.rel1.win32_1.0.100.202602081740/tools/bin/../lib/gcc/arm-none-eabi/14.3.1/../../../../arm-none-eabi/lib/thumb/v7-m/nofp\libc_nano.a(libc_a-ctype_.o)
                0x0800baf0                _ctype_
 .rodata._vfprintf_r.str1.1
                0x0800bbf1       0x11 C:/ST/STM32CubeIDE_2.1.1/STM32CubeIDE/plugins/com.st.stm32cube.ide.mcu.externaltools.gnu-tools-for-stm32.14.3.rel1.win32_1.0.100.202602081740/tools/bin/../lib/gcc/arm-none-eabi/14.3.1/../../../../arm-none-eabi/lib/thumb/v7-m/nofp\libc_nano.a(libc_a-nano-vfprintf.o)
                0x0800bc04                        . = ALIGN (0x4)
 *fill*         0x0800bbf1        0x3 

.ARM.extab      0x0800bbf4        0x0
                0x0800bbf4                        . = ALIGN (0x4)
 *(.ARM.extab* .gnu.linkonce.armextab.*)
                0x0800bbf4                        . = ALIGN (0x4)

.ARM            0x0800bbf4        0x8
                0x0800bbf4                        . = ALIGN (0x4)
                0x0800bbf4                        __exidx_start = .
 *(.ARM.exidx*)
 .ARM.exidx     0x0800bbf4        0x8 C:/ST/STM32CubeIDE_2.1.1/STM32CubeIDE/plugins/com.st.stm32cube.ide.mcu.externaltools.gnu-tools-for-stm32.14.3.rel1.win32_1.0.100.202602081740/tools/bin/../lib/gcc/arm-none-eabi/14.3.1/../../../../arm-none-eabi/lib/thumb/v7-m/nofp\libc_nano.a(libc_a-strlen.o)
                0x0800bbfc                        __exidx_end = .
                0x0800bbfc                        . = ALIGN (0x4)

.preinit_array  0x0800bbfc        0x0
                0x0800bbfc                        . = ALIGN (0x4)
                0x0800bbfc                        PROVIDE (__preinit_array_start = .)
 *(.preinit_array*)
                0x0800bbfc                        PROVIDE (__preinit_array_end = .)
                0x0800bbfc                        . = ALIGN (0x4)

.init_array     0x0800bbfc        0x4
                0x0800bbfc                        . = ALIGN (0x4)
                0x0800bbfc                        PROVIDE (__init_array_start = .)
 *(SORT_BY_NAME(.init_array.*))
 *(.init_array*)
 .init_array    0x0800bbfc        0x4 C:/ST/STM32CubeIDE_2.1.1/STM32CubeIDE/plugins/com.st.stm32cube.ide.mcu.externaltools.gnu-tools-for-stm32.14.3.rel1.win32_1.0.100.202602081740/tools/bin/../lib/gcc/arm-none-eabi/14.3.1/thumb/v7-m/nofp/crtbegin.o
                0x0800bc00                        PROVIDE (__init_array_end = .)
                0x0800bc00                        . = ALIGN (0x4)

.fini_array     0x0800bc00        0x4
                0x0800bc00                        . = ALIGN (0x4)
                [!provide]                        PROVIDE (__fini_array_start = .)
 *(SORT_BY_NAME(.fini_array.*))
 *(.fini_array*)
 .fini_array    0x0800bc00        0x4 C:/ST/STM32CubeIDE_2.1.1/STM32CubeIDE/plugins/com.st.stm32cube.ide.mcu.externaltools.gnu-tools-for-stm32.14.3.rel1.win32_1.0.100.202602081740/tools/bin/../lib/gcc/arm-none-eabi/14.3.1/thumb/v7-m/nofp/crtbegin.o
                [!provide]                        PROVIDE (__fini_array_end = .)
                0x0800bc04                        . = ALIGN (0x4)
                0x0800bc04                        _sidata = LOADADDR (.data)

.rel.dyn        0x0800bc04        0x0
 .rel.iplt      0x0800bc04        0x0 C:/ST/STM32CubeIDE_2.1.1/STM32CubeIDE/plugins/com.st.stm32cube.ide.mcu.externaltools.gnu-tools-for-stm32.14.3.rel1.win32_1.0.100.202602081740/tools/bin/../lib/gcc/arm-none-eabi/14.3.1/thumb/v7-m/nofp/crtbegin.o

.data           0x20000000      0x1dc load address 0x0800bc04
                0x20000000                        . = ALIGN (0x4)
                0x20000000                        _sdata = .
 *(.data)
 *(.data*)
 .data.esp01PROTO
                0x20000000        0x4 ./Core/Src/ESP01.o
 .data.pwm_actual
                0x20000004        0x2 ./Core/Src/main.o
                0x20000004                pwm_actual
 *fill*         0x20000006        0x2 
 .data.SystemCoreClock
                0x20000008        0x4 ./Core/Src/system_stm32f1xx.o
                0x20000008                SystemCoreClock
 .data.uwTickPrio
                0x2000000c        0x4 ./Drivers/STM32F1xx_HAL_Driver/Src/stm32f1xx_hal.o
                0x2000000c                uwTickPrio
 .data.uwTickFreq
                0x20000010        0x1 ./Drivers/STM32F1xx_HAL_Driver/Src/stm32f1xx_hal.o
                0x20000010                uwTickFreq
 *fill*         0x20000011        0x3 
 .data.__sglue  0x20000014        0xc C:/ST/STM32CubeIDE_2.1.1/STM32CubeIDE/plugins/com.st.stm32cube.ide.mcu.externaltools.gnu-tools-for-stm32.14.3.rel1.win32_1.0.100.202602081740/tools/bin/../lib/gcc/arm-none-eabi/14.3.1/../../../../arm-none-eabi/lib/thumb/v7-m/nofp\libc_nano.a(libc_a-findfp.o)
                0x20000014                __sglue
 .data._impure_ptr
                0x20000020        0x4 C:/ST/STM32CubeIDE_2.1.1/STM32CubeIDE/plugins/com.st.stm32cube.ide.mcu.externaltools.gnu-tools-for-stm32.14.3.rel1.win32_1.0.100.202602081740/tools/bin/../lib/gcc/arm-none-eabi/14.3.1/../../../../arm-none-eabi/lib/thumb/v7-m/nofp\libc_nano.a(libc_a-impure.o)
                0x20000020                _impure_ptr
 .data._impure_data
                0x20000024       0x4c C:/ST/STM32CubeIDE_2.1.1/STM32CubeIDE/plugins/com.st.stm32cube.ide.mcu.externaltools.gnu-tools-for-stm32.14.3.rel1.win32_1.0.100.202602081740/tools/bin/../lib/gcc/arm-none-eabi/14.3.1/../../../../arm-none-eabi/lib/thumb/v7-m/nofp\libc_nano.a(libc_a-impure.o)
                0x20000024                _impure_data
 .data.__global_locale
                0x20000070      0x16c C:/ST/STM32CubeIDE_2.1.1/STM32CubeIDE/plugins/com.st.stm32cube.ide.mcu.externaltools.gnu-tools-for-stm32.14.3.rel1.win32_1.0.100.202602081740/tools/bin/../lib/gcc/arm-none-eabi/14.3.1/../../../../arm-none-eabi/lib/thumb/v7-m/nofp\libc_nano.a(libc_a-locale.o)
                0x20000070                __global_locale
 *(.RamFunc)
 *(.RamFunc*)
                0x200001dc                        . = ALIGN (0x4)
                0x200001dc                        _edata = .

.igot.plt       0x200001dc        0x0 load address 0x0800bde0
 .igot.plt      0x200001dc        0x0 C:/ST/STM32CubeIDE_2.1.1/STM32CubeIDE/plugins/com.st.stm32cube.ide.mcu.externaltools.gnu-tools-for-stm32.14.3.rel1.win32_1.0.100.202602081740/tools/bin/../lib/gcc/arm-none-eabi/14.3.1/thumb/v7-m/nofp/crtbegin.o
                0x200001dc                        . = ALIGN (0x4)

.bss            0x200001dc      0xda0 load address 0x0800bde0
                0x200001dc                        _sbss = .
                0x200001dc                        __bss_start__ = _sbss
 *(.bss)
 .bss           0x200001dc       0x1c C:/ST/STM32CubeIDE_2.1.1/STM32CubeIDE/plugins/com.st.stm32cube.ide.mcu.externaltools.gnu-tools-for-stm32.14.3.rel1.win32_1.0.100.202602081740/tools/bin/../lib/gcc/arm-none-eabi/14.3.1/thumb/v7-m/nofp/crtbegin.o
 *(.bss*)
 .bss.esp01ATSate
                0x200001f8        0x1 ./Core/Src/ESP01.o
 *fill*         0x200001f9        0x3 
 .bss.esp01Flags
                0x200001fc        0x1 ./Core/Src/ESP01.o
 *fill*         0x200001fd        0x3 
 .bss.esp01TimeoutTask
                0x20000200        0x4 ./Core/Src/ESP01.o
 .bss.esp01TimeoutDataRx
                0x20000204        0x4 ./Core/Src/ESP01.o
 .bss.esp01TimeoutTxSymbol
                0x20000208        0x4 ./Core/Src/ESP01.o
 .bss.ESP01ChangeState
                0x2000020c        0x4 ./Core/Src/ESP01.o
 .bss.ESP01DbgStr
                0x20000210        0x4 ./Core/Src/ESP01.o
 .bss.esp01SSID
                0x20000214       0x40 ./Core/Src/ESP01.o
 .bss.esp01PASSWORD
                0x20000254       0x20 ./Core/Src/ESP01.o
 .bss.esp01RemoteIP
                0x20000274       0x10 ./Core/Src/ESP01.o
 .bss.esp01RemotePORT
                0x20000284        0x6 ./Core/Src/ESP01.o
 *fill*         0x2000028a        0x2 
 .bss.esp01LocalIP
                0x2000028c       0x10 ./Core/Src/ESP01.o
 .bss.esp01LocalPORT
                0x2000029c        0x6 ./Core/Src/ESP01.o
 .bss.esp01HState
                0x200002a2        0x1 ./Core/Src/ESP01.o
 *fill*         0x200002a3        0x1 
 .bss.esp01nBytes
                0x200002a4        0x2 ./Core/Src/ESP01.o
 *fill*         0x200002a6        0x2 
 .bss.esp01RXATBuf
                0x200002a8       0x80 ./Core/Src/ESP01.o
 .bss.esp01TXATBuf
                0x20000328      0x100 ./Core/Src/ESP01.o
 .bss.esp01iwRXAT
                0x20000428        0x2 ./Core/Src/ESP01.o
 .bss.esp01irRXAT
                0x2000042a        0x2 ./Core/Src/ESP01.o
 .bss.esp01irTX
                0x2000042c        0x2 ./Core/Src/ESP01.o
 .bss.esp01iwTX
                0x2000042e        0x2 ./Core/Src/ESP01.o
 .bss.esp01TriesAT
                0x20000430        0x1 ./Core/Src/ESP01.o
 *fill*         0x20000431        0x3 
 .bss.esp01Handle
                0x20000434        0xc ./Core/Src/ESP01.o
 .bss.indexResponse
                0x20000440        0x1 ./Core/Src/ESP01.o
 .bss.indexResponseChar
                0x20000441        0x1 ./Core/Src/ESP01.o
 *fill*         0x20000442        0x2 
 .bss.hadc1     0x20000444       0x30 ./Core/Src/main.o
                0x20000444                hadc1
 .bss.hdma_adc1
                0x20000474       0x44 ./Core/Src/main.o
                0x20000474                hdma_adc1
 .bss.htim1     0x200004b8       0x48 ./Core/Src/main.o
                0x200004b8                htim1
 .bss.htim2     0x20000500       0x48 ./Core/Src/main.o
                0x20000500                htim2
 .bss.htim3     0x20000548       0x48 ./Core/Src/main.o
                0x20000548                htim3
 .bss.htim4     0x20000590       0x48 ./Core/Src/main.o
                0x20000590                htim4
 .bss.huart1    0x200005d8       0x48 ./Core/Src/main.o
                0x200005d8                huart1
 .bss.huart3    0x20000620       0x48 ./Core/Src/main.o