../Core/Src/main.c:100:6:ESP01_DebugCallback	88	static
../Core/Src/main.c:117:5:__io_putchar	16	static
../Core/Src/main.c:123:6:ESP01_DoCHPD	16	static
../Core/Src/main.c:128:5:ESP01_WriteUSARTByte	16	static
../Core/Src/main.c:135:6:ESP01_WriteByteToBufRX	16	static
../Core/Src/main.c:146:5:main	120	static
../Core/Src/main.c:322:6:SystemClock_Config	88	static
../Core/Src/main.c:369:13:MX_ADC1_Init	24	static
../Core/Src/main.c:416:13:MX_TIM2_Init	32	static
../Core/Src/main.c:461:13:MX_TIM3_Init	64	static
../Core/Src/main.c:524:13:MX_USART1_UART_Init	8	static
../Core/Src/main.c:557:13:MX_USART3_UART_Init	8	static
../Core/Src/main.c:588:13:MX_DMA_Init	16	static
../Core/Src/main.c:606:13:MX_GPIO_Init	40	static
../Core/Src/main.c:670:6:HAL_UART_ErrorCallback	16	static
../Core/Src/main.c:677:6:CmdParser	24	static
../Core/Src/main.c:744:6:onESP01StateChange	16	static
../Core/Src/main.c:751:6:HAL_UART_RxCpltCallback	16	static
../Core/Src/main.c:766:6:sonar_result	16	static
../Core/Src/main.c:770:6:trigger_set	16	static
../Core/Src/main.c:775:9:echo_get	8	static
../Core/Src/main.c:779:6:servo_set_pin	16	static
../Core/Src/main.c:785:6:HAL_TIM_PeriodElapsedCallback	16	static
../Core/Src/main.c:823:6:Error_Handler	4	static,ignoring_inline_asm
