../Core/Src/main.c:72:5:__io_putchar	16	static
../Core/Src/main.c:84:5:main	128	static
../Core/Src/main.c:184:6:SystemClock_Config	88	static
../Core/Src/main.c:231:13:MX_ADC1_Init	24	static
../Core/Src/main.c:278:13:MX_TIM2_Init	32	static
../Core/Src/main.c:323:13:MX_TIM3_Init	64	static
../Core/Src/main.c:386:13:MX_USART1_UART_Init	8	static
../Core/Src/main.c:417:13:MX_DMA_Init	16	static
../Core/Src/main.c:435:13:MX_GPIO_Init	40	static
../Core/Src/main.c:480:6:HAL_TIM_PeriodElapsedCallback	16	static
../Core/Src/main.c:498:6:Error_Handler	4	static,ignoring_inline_asm
